<html>
<body>
<pre>
<h1>µVision Build Log</h1>
<h2>Project:</h2>
F:\shenzhen1\Code\keil\ATC0428\ATC-0424.uvproj
Project File Date:  04/25/2013

<h2>Output:</h2>
Build target 'ATC'
compiling uart.c...
linking...
Program Size: Code=63840 RO-data=732 RW-data=1960 ZI-data=38160  
FromELF: creating hex file...
User command #1: fromelf --bin --output .\bin\ATC-0424.bin .\out\ATC-0424.axf
".\OUT\ATC-0424.axf" - 0 Error(s), 0 Warning(s).
Build target 'ATC'
compiling cmd.c...
compiling main.c...
user\src\main.c(252): warning:  #177-D: variable "buf" was declared but never referenced
user\src\main.c(253): warning:  #177-D: variable "size" was declared but never referenced
compiling stm32f2xx_it.c...
compiling tba_bus.c...
compiling tcms.c...
compiling uart.c...
linking...
Program Size: Code=64092 RO-data=732 RW-data=1960 ZI-data=38160  
FromELF: creating hex file...
User command #1: fromelf --bin --output .\bin\ATC-0424.bin .\out\ATC-0424.axf
".\OUT\ATC-0424.axf" - 0 Error(s), 2 Warning(s).
Build target 'ATC'
compiling cmd.c...
compiling main.c...
user\src\main.c(252): warning:  #177-D: variable "buf" was declared but never referenced
user\src\main.c(253): warning:  #177-D: variable "size" was declared but never referenced
compiling stm32f2xx_it.c...
compiling tba_bus.c...
compiling tcms.c...
compiling uart.c...
linking...
Program Size: Code=64120 RO-data=732 RW-data=1960 ZI-data=38160  
FromELF: creating hex file...
User command #1: fromelf --bin --output .\bin\ATC-0424.bin .\out\ATC-0424.axf
".\OUT\ATC-0424.axf" - 0 Error(s), 2 Warning(s).
Build target 'ATC'
compiling main.c...
linking...
Program Size: Code=64108 RO-data=732 RW-data=1960 ZI-data=38160  
FromELF: creating hex file...
User command #1: fromelf --bin --output .\bin\ATC-0424.bin .\out\ATC-0424.axf
".\OUT\ATC-0424.axf" - 0 Error(s), 0 Warning(s).
Load "F:\\shenzhen1\\Code\\keil\\ATC0428\\OUT\\ATC-0424.AXF" 
* JLink Info: Device "STM32F207ZE" selected (512 KB flash, 64 KB RAM).
Set JLink Project File to "F:\shenzhen1\Code\keil\ATC0428\JLinkSettings.ini"
 
JLink info:
------------
DLL: V4.35b, compiled Sep  2 2011 18:34:46
Firmware: J-Link ARM V8 compiled Sep 22 2011 16:23:23
Hardware: V8.00
S/N : 20100214 
Feature(s) : RDI,FlashDL,FlashBP,JFlash,GDBFull 
 
* JLink Info: TotalIRLen = 9, IRPrint = 0x0011
* JLink Info: Found Cortex-M3 r2p0, Little endian.
* JLink Info: TPIU fitted.
* JLink Info: ETM fitted.
* JLink Info:   FPUnit: 6 code (BP) slots and 2 literal slots
ROMTableAddr = 0xE00FF003
* JLink Info: TotalIRLen = 9, IRPrint = 0x0011
* JLink Info: Found Cortex-M3 r2p0, Little endian.
* JLink Info: TPIU fitted.
* JLink Info: ETM fitted.
* JLink Info:   FPUnit: 6 code (BP) slots and 2 literal slots
 
Target info:
------------
Device: STM32F207ZE
VTarget = 3.261V
State of Pins: 
TCK: 1, TDI: 0, TDO: 1, TMS: 0, TRES: 1, TRST: 1
Hardware-Breakpoints: 6
Software-Breakpoints: 8192
Watchpoints:          4
JTAG speed: 2000 kHz
 
Erase Done.
Programming Done.
Verify OK.
Build target 'ATC'
compiling cmd.c...
compiling main.c...
compiling stm32f2xx_it.c...
compiling tba_bus.c...
compiling tcms.c...
compiling uart.c...
.\user\inc\uart.h(48): error:  #20: identifier "uint8" is undefined
.\user\inc\uart.h(49): error:  #20: identifier "uint8" is undefined
user\src\uart.c(22): error:  #20: identifier "uint16" is undefined
user\src\uart.c(50): error:  #20: identifier "uint8" is undefined
user\src\uart.c(55): error:  #20: identifier "uint8" is undefined
user\src\uart.c(274): warning:  #223-D: function "Delay" declared implicitly
user\src\uart.c(692): warning:  #223-D: function "Delay" declared implicitly
Target not created
Build target 'ATC'
compiling cmd.c...
compiling main.c...
compiling stm32f2xx_it.c...
compiling tba_bus.c...
compiling tcms.c...
compiling uart.c...
user\src\uart.c(274): warning:  #223-D: function "Delay" declared implicitly
user\src\uart.c(692): warning:  #223-D: function "Delay" declared implicitly
linking...
Program Size: Code=64120 RO-data=732 RW-data=1964 ZI-data=38164  
FromELF: creating hex file...
User command #1: fromelf --bin --output .\bin\ATC-0424.bin .\out\ATC-0424.axf
".\OUT\ATC-0424.axf" - 0 Error(s), 2 Warning(s).
Build target 'ATC'
compiling uart.c...
linking...
Program Size: Code=64120 RO-data=732 RW-data=1964 ZI-data=38164  
FromELF: creating hex file...
User command #1: fromelf --bin --output .\bin\ATC-0424.bin .\out\ATC-0424.axf
".\OUT\ATC-0424.axf" - 0 Error(s), 0 Warning(s).
Load "F:\\shenzhen1\\Code\\keil\\ATC0428\\OUT\\ATC-0424.AXF" 
Build target 'ATC'
linking...
Program Size: Code=64120 RO-data=732 RW-data=1964 ZI-data=38164  
FromELF: creating hex file...
User command #1: fromelf --bin --output .\bin\ATC-0424.bin .\out\ATC-0424.axf
".\OUT\ATC-0424.axf" - 0 Error(s), 0 Warning(s).
Load "F:\\shenzhen1\\Code\\keil\\ATC0428\\OUT\\ATC-0424.AXF" 
* JLink Info: Device "STM32F207ZE" selected (512 KB flash, 64 KB RAM).
Set JLink Project File to "F:\shenzhen1\Code\keil\ATC0428\JLinkSettings.ini"
 
JLink info:
------------
DLL: V4.35b, compiled Sep  2 2011 18:34:46
Firmware: J-Link ARM V8 compiled Sep 22 2011 16:23:23
Hardware: V8.00
S/N : 20100214 
Feature(s) : RDI,FlashDL,FlashBP,JFlash,GDBFull 
 
* JLink Info: TotalIRLen = 9, IRPrint = 0x0011
* JLink Info: Found Cortex-M3 r2p0, Little endian.
* JLink Info: TPIU fitted.
* JLink Info: ETM fitted.
* JLink Info:   FPUnit: 6 code (BP) slots and 2 literal slots
ROMTableAddr = 0xE00FF003
* JLink Info: TotalIRLen = 9, IRPrint = 0x0011
* JLink Info: Found Cortex-M3 r2p0, Little endian.
* JLink Info: TPIU fitted.
* JLink Info: ETM fitted.
* JLink Info:   FPUnit: 6 code (BP) slots and 2 literal slots
 
Target info:
------------
Device: STM32F207ZE
VTarget = 3.261V
State of Pins: 
TCK: 1, TDI: 0, TDO: 1, TMS: 0, TRES: 1, TRST: 1
Hardware-Breakpoints: 6
Software-Breakpoints: 8192
Watchpoints:          0
JTAG speed: 2000 kHz
 
Erase Done.
Programming Done.
Verify OK.
Load "F:\\shenzhen1\\Code\\keil\\ATC0428\\OUT\\ATC-0424.AXF" 
* JLink Info: Device "STM32F207ZE" selected (512 KB flash, 64 KB RAM).
Set JLink Project File to "F:\shenzhen1\Code\keil\ATC0428\JLinkSettings.ini"
 
JLink info:
------------
DLL: V4.35b, compiled Sep  2 2011 18:34:46
Firmware: J-Link ARM V8 compiled Sep 22 2011 16:23:23
Hardware: V8.00
S/N : 20100214 
Feature(s) : RDI,FlashDL,FlashBP,JFlash,GDBFull 
 
* JLink Info: TotalIRLen = 9, IRPrint = 0x0011
* JLink Info: Found Cortex-M3 r2p0, Little endian.
* JLink Info: TPIU fitted.
* JLink Info: ETM fitted.
* JLink Info:   FPUnit: 6 code (BP) slots and 2 literal slots
ROMTableAddr = 0xE00FF003
* JLink Info: TotalIRLen = 9, IRPrint = 0x0011
* JLink Info: Found Cortex-M3 r2p0, Little endian.
* JLink Info: TPIU fitted.
* JLink Info: ETM fitted.
* JLink Info:   FPUnit: 6 code (BP) slots and 2 literal slots
 
Target info:
------------
Device: STM32F207ZE
VTarget = 3.261V
State of Pins: 
TCK: 1, TDI: 0, TDO: 1, TMS: 0, TRES: 1, TRST: 1
Hardware-Breakpoints: 6
Software-Breakpoints: 8192
Watchpoints:          0
JTAG speed: 2000 kHz
 
Erase Done.
Programming Done.
Verify OK.
Build target 'ATC'
compiling uart.c...
linking...
Program Size: Code=64112 RO-data=732 RW-data=1964 ZI-data=38164  
FromELF: creating hex file...
User command #1: fromelf --bin --output .\bin\ATC-0424.bin .\out\ATC-0424.axf
".\OUT\ATC-0424.axf" - 0 Error(s), 0 Warning(s).
Load "F:\\shenzhen1\\Code\\keil\\ATC0428\\OUT\\ATC-0424.AXF" 
* JLink Info: Device "STM32F207ZE" selected (512 KB flash, 64 KB RAM).
Set JLink Project File to "F:\shenzhen1\Code\keil\ATC0428\JLinkSettings.ini"
 
JLink info:
------------
DLL: V4.35b, compiled Sep  2 2011 18:34:46
Firmware: J-Link ARM V8 compiled Sep 22 2011 16:23:23
Hardware: V8.00
S/N : 20100214 
Feature(s) : RDI,FlashDL,FlashBP,JFlash,GDBFull 
 
* JLink Info: TotalIRLen = 9, IRPrint = 0x0011
* JLink Info: Found Cortex-M3 r2p0, Little endian.
* JLink Info: TPIU fitted.
* JLink Info: ETM fitted.
* JLink Info:   FPUnit: 6 code (BP) slots and 2 literal slots
ROMTableAddr = 0xE00FF003
* JLink Info: TotalIRLen = 9, IRPrint = 0x0011
* JLink Info: Found Cortex-M3 r2p0, Little endian.
* JLink Info: TPIU fitted.
* JLink Info: ETM fitted.
* JLink Info:   FPUnit: 6 code (BP) slots and 2 literal slots
 
Target info:
------------
Device: STM32F207ZE
VTarget = 3.261V
State of Pins: 
TCK: 1, TDI: 0, TDO: 1, TMS: 0, TRES: 1, TRST: 1
Hardware-Breakpoints: 6
Software-Breakpoints: 8192
Watchpoints:          0
JTAG speed: 2000 kHz
 
Erase Done.
Programming Done.
Verify OK.
Build target 'ATC'
compiling cmd.c...
compiling main.c...
compiling stm32f2xx_it.c...
compiling tba_bus.c...
compiling tcms.c...
compiling uart.c...
user\src\uart.c(231): error:  #65: expected a ";"
user\src\uart.c(254): error:  #65: expected a ";"
user\src\uart.c(798): error:  #65: expected a ";"
user\src\uart.c(805): error:  #65: expected a ";"
user\src\uart.c(786): warning:  #177-D: variable "i" was declared but never referenced
Target not created
Build target 'ATC'
compiling uart.c...
user\src\uart.c(231): error:  #65: expected a ";"
user\src\uart.c(254): error:  #65: expected a ";"
user\src\uart.c(798): error:  #65: expected a ";"
user\src\uart.c(786): warning:  #177-D: variable "i" was declared but never referenced
Target not created
Build target 'ATC'
compiling uart.c...
user\src\uart.c(231): error:  #65: expected a ";"
user\src\uart.c(254): error:  #65: expected a ";"
user\src\uart.c(786): warning:  #177-D: variable "i" was declared but never referenced
Target not created
Build target 'ATC'
compiling uart.c...
user\src\uart.c(231): error:  #65: expected a ";"
user\src\uart.c(254): error:  #65: expected a ";"
user\src\uart.c(786): warning:  #177-D: variable "i" was declared but never referenced
Target not created
Build target 'ATC'
compiling uart.c...
user\src\uart.c(231): error:  #65: expected a ";"
user\src\uart.c(786): warning:  #177-D: variable "i" was declared but never referenced
Target not created
Build target 'ATC'
compiling uart.c...
user\src\uart.c(786): warning:  #177-D: variable "i" was declared but never referenced
linking...
Program Size: Code=64224 RO-data=732 RW-data=1964 ZI-data=38172  
FromELF: creating hex file...
User command #1: fromelf --bin --output .\bin\ATC-0424.bin .\out\ATC-0424.axf
".\OUT\ATC-0424.axf" - 0 Error(s), 1 Warning(s).
Build target 'ATC'
compiling uart.c...
linking...
Program Size: Code=64220 RO-data=732 RW-data=1964 ZI-data=38172  
FromELF: creating hex file...
User command #1: fromelf --bin --output .\bin\ATC-0424.bin .\out\ATC-0424.axf
".\OUT\ATC-0424.axf" - 0 Error(s), 0 Warning(s).
Load "F:\\shenzhen1\\Code\\keil\\ATC0428\\OUT\\ATC-0424.AXF" 
Load "F:\\shenzhen1\\Code\\keil\\ATC0428\\OUT\\ATC-0424.AXF" 
* JLink Info: Device "STM32F207ZE" selected (512 KB flash, 64 KB RAM).
Set JLink Project File to "F:\shenzhen1\Code\keil\ATC0428\JLinkSettings.ini"
 
JLink info:
------------
DLL: V4.35b, compiled Sep  2 2011 18:34:46
Firmware: J-Link ARM V8 compiled Sep 22 2011 16:23:23
Hardware: V8.00
S/N : 20100214 
Feature(s) : RDI,FlashDL,FlashBP,JFlash,GDBFull 
 
* JLink Info: TotalIRLen = 9, IRPrint = 0x0011
* JLink Info: Found Cortex-M3 r2p0, Little endian.
* JLink Info: TPIU fitted.
* JLink Info: ETM fitted.
* JLink Info:   FPUnit: 6 code (BP) slots and 2 literal slots
ROMTableAddr = 0xE00FF003
* JLink Info: TotalIRLen = 9, IRPrint = 0x0011
* JLink Info: Found Cortex-M3 r2p0, Little endian.
* JLink Info: TPIU fitted.
* JLink Info: ETM fitted.
* JLink Info:   FPUnit: 6 code (BP) slots and 2 literal slots
 
Target info:
------------
Device: STM32F207ZE
VTarget = 3.261V
State of Pins: 
TCK: 1, TDI: 0, TDO: 1, TMS: 0, TRES: 1, TRST: 1
Hardware-Breakpoints: 6
Software-Breakpoints: 8192
Watchpoints:          0
JTAG speed: 2000 kHz
 
Erase Done.
Programming Done.
Verify OK.
Build target 'ATC'
compiling cmd.c...
compiling main.c...
compiling stm32f2xx_it.c...
compiling tba_bus.c...
compiling tcms.c...
compiling uart.c...
linking...
Program Size: Code=64224 RO-data=732 RW-data=1964 ZI-data=38172  
FromELF: creating hex file...
User command #1: fromelf --bin --output .\bin\ATC-0424.bin .\out\ATC-0424.axf
".\OUT\ATC-0424.axf" - 0 Error(s), 0 Warning(s).
Load "F:\\shenzhen1\\Code\\keil\\ATC0428\\OUT\\ATC-0424.AXF" 
Load "F:\\shenzhen1\\Code\\keil\\ATC0428\\OUT\\ATC-0424.AXF" 
* JLink Info: Device "STM32F207ZE" selected (512 KB flash, 64 KB RAM).
Set JLink Project File to "F:\shenzhen1\Code\keil\ATC0428\JLinkSettings.ini"
 
JLink info:
------------
DLL: V4.35b, compiled Sep  2 2011 18:34:46
Firmware: J-Link ARM V8 compiled Sep 22 2011 16:23:23
Hardware: V8.00
S/N : 20100214 
Feature(s) : RDI,FlashDL,FlashBP,JFlash,GDBFull 
 
* JLink Info: TotalIRLen = 9, IRPrint = 0x0011
* JLink Info: Found Cortex-M3 r2p0, Little endian.
* JLink Info: TPIU fitted.
* JLink Info: ETM fitted.
* JLink Info:   FPUnit: 6 code (BP) slots and 2 literal slots
ROMTableAddr = 0xE00FF003
* JLink Info: TotalIRLen = 9, IRPrint = 0x0011
* JLink Info: Found Cortex-M3 r2p0, Little endian.
* JLink Info: TPIU fitted.
* JLink Info: ETM fitted.
* JLink Info:   FPUnit: 6 code (BP) slots and 2 literal slots
 
Target info:
------------
Device: STM32F207ZE
VTarget = 3.261V
State of Pins: 
TCK: 1, TDI: 0, TDO: 1, TMS: 0, TRES: 1, TRST: 1
Hardware-Breakpoints: 6
Software-Breakpoints: 8192
Watchpoints:          0
JTAG speed: 2000 kHz
 
Erase Done.
Programming Done.
Verify OK.
Build target 'ATC'
linking...
Program Size: Code=64224 RO-data=732 RW-data=1964 ZI-data=38172  
FromELF: creating hex file...
User command #1: fromelf --bin --output .\bin\ATC-0424.bin .\out\ATC-0424.axf
".\OUT\ATC-0424.axf" - 0 Error(s), 0 Warning(s).
Load "F:\\shenzhen1\\Code\\keil\\ATC0428\\OUT\\ATC-0424.AXF" 
* JLink Info: Device "STM32F207ZE" selected (512 KB flash, 64 KB RAM).
Set JLink Project File to "F:\shenzhen1\Code\keil\ATC0428\JLinkSettings.ini"
 
JLink info:
------------
DLL: V4.35b, compiled Sep  2 2011 18:34:46
Firmware: J-Link ARM V8 compiled Sep 22 2011 16:23:23
Hardware: V8.00
S/N : 20100214 
Feature(s) : RDI,FlashDL,FlashBP,JFlash,GDBFull 
 
* JLink Info: TotalIRLen = 9, IRPrint = 0x0011
* JLink Info: Found Cortex-M3 r2p0, Little endian.
* JLink Info: TPIU fitted.
* JLink Info: ETM fitted.
* JLink Info:   FPUnit: 6 code (BP) slots and 2 literal slots
ROMTableAddr = 0xE00FF003
* JLink Info: TotalIRLen = 9, IRPrint = 0x0011
* JLink Info: Found Cortex-M3 r2p0, Little endian.
* JLink Info: TPIU fitted.
* JLink Info: ETM fitted.
* JLink Info:   FPUnit: 6 code (BP) slots and 2 literal slots
 
Target info:
------------
Device: STM32F207ZE
VTarget = 3.261V
State of Pins: 
TCK: 1, TDI: 0, TDO: 1, TMS: 0, TRES: 1, TRST: 1
Hardware-Breakpoints: 6
Software-Breakpoints: 8192
Watchpoints:          0
JTAG speed: 2000 kHz
 
Erase Done.
Programming Done.
Verify OK.
Build target 'ATC'
compiling uart.c...
linking...
Program Size: Code=64216 RO-data=732 RW-data=1964 ZI-data=38172  
FromELF: creating hex file...
User command #1: fromelf --bin --output .\bin\ATC-0424.bin .\out\ATC-0424.axf
".\OUT\ATC-0424.axf" - 0 Error(s), 0 Warning(s).
Build target 'ATC'
linking...
Program Size: Code=64216 RO-data=732 RW-data=1964 ZI-data=38172  
FromELF: creating hex file...
User command #1: fromelf --bin --output .\bin\ATC-0424.bin .\out\ATC-0424.axf
".\OUT\ATC-0424.axf" - 0 Error(s), 0 Warning(s).
Build target 'ATC'
compiling uart.c...
linking...
Program Size: Code=64216 RO-data=732 RW-data=1964 ZI-data=38172  
FromELF: creating hex file...
User command #1: fromelf --bin --output .\bin\ATC-0424.bin .\out\ATC-0424.axf
".\OUT\ATC-0424.axf" - 0 Error(s), 0 Warning(s).
Load "F:\\shenzhen1\\Code\\keil\\ATC0428\\OUT\\ATC-0424.AXF" 
* JLink Info: Device "STM32F207ZE" selected (512 KB flash, 64 KB RAM).
Set JLink Project File to "F:\shenzhen1\Code\keil\ATC0428\JLinkSettings.ini"
 
JLink info:
------------
DLL: V4.35b, compiled Sep  2 2011 18:34:46
Firmware: J-Link ARM V8 compiled Sep 22 2011 16:23:23
Hardware: V8.00
S/N : 20100214 
Feature(s) : RDI,FlashDL,FlashBP,JFlash,GDBFull 
 
* JLink Info: TotalIRLen = 9, IRPrint = 0x0011
* JLink Info: Found Cortex-M3 r2p0, Little endian.
* JLink Info: TPIU fitted.
* JLink Info: ETM fitted.
* JLink Info:   FPUnit: 6 code (BP) slots and 2 literal slots
ROMTableAddr = 0xE00FF003
* JLink Info: TotalIRLen = 9, IRPrint = 0x0011
* JLink Info: Found Cortex-M3 r2p0, Little endian.
* JLink Info: TPIU fitted.
* JLink Info: ETM fitted.
* JLink Info:   FPUnit: 6 code (BP) slots and 2 literal slots
 
Target info:
------------
Device: STM32F207ZE
VTarget = 3.261V
State of Pins: 
TCK: 1, TDI: 0, TDO: 1, TMS: 0, TRES: 1, TRST: 1
Hardware-Breakpoints: 6
Software-Breakpoints: 8192
Watchpoints:          0
JTAG speed: 2000 kHz
 
Erase Done.
Programming Done.
Verify OK.
Build target 'ATC'
compiling uart.c...
linking...
Program Size: Code=64236 RO-data=732 RW-data=1964 ZI-data=38172  
FromELF: creating hex file...
User command #1: fromelf --bin --output .\bin\ATC-0424.bin .\out\ATC-0424.axf
".\OUT\ATC-0424.axf" - 0 Error(s), 0 Warning(s).
Load "F:\\shenzhen1\\Code\\keil\\ATC0428\\OUT\\ATC-0424.AXF" 
* JLink Info: Device "STM32F207ZE" selected (512 KB flash, 64 KB RAM).
Set JLink Project File to "F:\shenzhen1\Code\keil\ATC0428\JLinkSettings.ini"
 
JLink info:
------------
DLL: V4.35b, compiled Sep  2 2011 18:34:46
Firmware: J-Link ARM V8 compiled Sep 22 2011 16:23:23
Hardware: V8.00
S/N : 20100214 
Feature(s) : RDI,FlashDL,FlashBP,JFlash,GDBFull 
 
* JLink Info: TotalIRLen = 9, IRPrint = 0x0011
* JLink Info: Found Cortex-M3 r2p0, Little endian.
* JLink Info: TPIU fitted.
* JLink Info: ETM fitted.
* JLink Info:   FPUnit: 6 code (BP) slots and 2 literal slots
ROMTableAddr = 0xE00FF003
* JLink Info: TotalIRLen = 9, IRPrint = 0x0011
* JLink Info: Found Cortex-M3 r2p0, Little endian.
* JLink Info: TPIU fitted.
* JLink Info: ETM fitted.
* JLink Info:   FPUnit: 6 code (BP) slots and 2 literal slots
 
Target info:
------------
Device: STM32F207ZE
VTarget = 3.261V
State of Pins: 
TCK: 1, TDI: 0, TDO: 1, TMS: 0, TRES: 1, TRST: 1
Hardware-Breakpoints: 6
Software-Breakpoints: 8192
Watchpoints:          0
JTAG speed: 2000 kHz
 
Erase Done.
Programming Done.
Verify OK.
Build target 'ATC'
compiling tcms.c...
linking...
Program Size: Code=64216 RO-data=732 RW-data=1964 ZI-data=38172  
FromELF: creating hex file...
User command #1: fromelf --bin --output .\bin\ATC-0424.bin .\out\ATC-0424.axf
".\OUT\ATC-0424.axf" - 0 Error(s), 0 Warning(s).
Load "F:\\shenzhen1\\Code\\keil\\ATC0428\\OUT\\ATC-0424.AXF" 
* JLink Info: Device "STM32F207ZE" selected (512 KB flash, 64 KB RAM).
Set JLink Project File to "F:\shenzhen1\Code\keil\ATC0428\JLinkSettings.ini"
 
JLink info:
------------
DLL: V4.35b, compiled Sep  2 2011 18:34:46
Firmware: J-Link ARM V8 compiled Sep 22 2011 16:23:23
Hardware: V8.00
S/N : 20100214 
Feature(s) : RDI,FlashDL,FlashBP,JFlash,GDBFull 
 
* JLink Info: TotalIRLen = 9, IRPrint = 0x0011
* JLink Info: Found Cortex-M3 r2p0, Little endian.
* JLink Info: TPIU fitted.
* JLink Info: ETM fitted.
* JLink Info:   FPUnit: 6 code (BP) slots and 2 literal slots
ROMTableAddr = 0xE00FF003
* JLink Info: TotalIRLen = 9, IRPrint = 0x0011
* JLink Info: Found Cortex-M3 r2p0, Little endian.
* JLink Info: TPIU fitted.
* JLink Info: ETM fitted.
* JLink Info:   FPUnit: 6 code (BP) slots and 2 literal slots
 
Target info:
------------
Device: STM32F207ZE
VTarget = 3.261V
State of Pins: 
TCK: 1, TDI: 0, TDO: 1, TMS: 0, TRES: 1, TRST: 1
Hardware-Breakpoints: 6
Software-Breakpoints: 8192
Watchpoints:          0
JTAG speed: 2000 kHz
 
Erase Done.
Programming Done.
Verify OK.
Build target 'ATC'
compiling cmd.c...
compiling main.c...
compiling stm32f2xx_it.c...
compiling tba_bus.c...
compiling tcms.c...
compiling uart.c...
linking...
Program Size: Code=64228 RO-data=732 RW-data=1964 ZI-data=38172  
FromELF: creating hex file...
User command #1: fromelf --bin --output .\bin\ATC-0424.bin .\out\ATC-0424.axf
".\OUT\ATC-0424.axf" - 0 Error(s), 0 Warning(s).
Load "F:\\shenzhen1\\Code\\keil\\ATC0428\\OUT\\ATC-0424.AXF" 
* JLink Info: Device "STM32F207ZE" selected (512 KB flash, 64 KB RAM).
Set JLink Project File to "F:\shenzhen1\Code\keil\ATC0428\JLinkSettings.ini"
 
JLink info:
------------
DLL: V4.35b, compiled Sep  2 2011 18:34:46
Firmware: J-Link ARM V8 compiled Sep 22 2011 16:23:23
Hardware: V8.00
S/N : 20100214 
Feature(s) : RDI,FlashDL,FlashBP,JFlash,GDBFull 
 
* JLink Info: TotalIRLen = 9, IRPrint = 0x0011
* JLink Info: Found Cortex-M3 r2p0, Little endian.
* JLink Info: TPIU fitted.
* JLink Info: ETM fitted.
* JLink Info:   FPUnit: 6 code (BP) slots and 2 literal slots
ROMTableAddr = 0xE00FF003
* JLink Info: TotalIRLen = 9, IRPrint = 0x0011
* JLink Info: Found Cortex-M3 r2p0, Little endian.
* JLink Info: TPIU fitted.
* JLink Info: ETM fitted.
* JLink Info:   FPUnit: 6 code (BP) slots and 2 literal slots
 
Target info:
------------
Device: STM32F207ZE
VTarget = 3.261V
State of Pins: 
TCK: 1, TDI: 0, TDO: 1, TMS: 0, TRES: 1, TRST: 1
Hardware-Breakpoints: 6
Software-Breakpoints: 8192
Watchpoints:          0
JTAG speed: 2000 kHz
 
Erase Done.
Programming Done.
Verify OK.
Build target 'ATC'
linking...
Program Size: Code=64228 RO-data=732 RW-data=1964 ZI-data=38172  
FromELF: creating hex file...
User command #1: fromelf --bin --output .\bin\ATC-0424.bin .\out\ATC-0424.axf
".\OUT\ATC-0424.axf" - 0 Error(s), 0 Warning(s).
Build target 'ATC'
linking...
Program Size: Code=64228 RO-data=732 RW-data=1964 ZI-data=38172  
FromELF: creating hex file...
User command #1: fromelf --bin --output .\bin\ATC-0424.bin .\out\ATC-0424.axf
".\OUT\ATC-0424.axf" - 0 Error(s), 0 Warning(s).
Build target 'ATC'
linking...
Program Size: Code=64228 RO-data=732 RW-data=1964 ZI-data=38172  
FromELF: creating hex file...
User command #1: fromelf --bin --output .\bin\ATC-0424.bin .\out\ATC-0424.axf
".\OUT\ATC-0424.axf" - 0 Error(s), 0 Warning(s).
Build target 'ATC'
linking...
Program Size: Code=64228 RO-data=732 RW-data=1964 ZI-data=38172  
FromELF: creating hex file...
User command #1: fromelf --bin --output .\bin\ATC-0428.bin .\out\ATC-0428.axf
".\OUT\ATC-0428.axf" - 0 Error(s), 0 Warning(s).
Build target 'ATC'
linking...
Program Size: Code=64228 RO-data=732 RW-data=1964 ZI-data=38172  
FromELF: creating hex file...
User command #1: fromelf --bin --output .\bin\ATC-0428.bin .\out\ATC-0428.axf
".\OUT\ATC-0428.axf" - 0 Error(s), 0 Warning(s).
Build target 'ATC'
compiling uart.c...
linking...
Program Size: Code=64228 RO-data=732 RW-data=1964 ZI-data=38172  
FromELF: creating hex file...
User command #1: fromelf --bin --output .\bin\ATC-0428.bin .\out\ATC-0428.axf
".\OUT\ATC-0428.axf" - 0 Error(s), 0 Warning(s).
Load "F:\\shenzhen1\\Code\\keil\\ATC0428\\OUT\\ATC-0428.AXF" 
* JLink Info: Device "STM32F207ZE" selected (512 KB flash, 64 KB RAM).
Set JLink Project File to "F:\shenzhen1\Code\keil\ATC0428\JLinkSettings.ini"
 
JLink info:
------------
DLL: V4.35b, compiled Sep  2 2011 18:34:46
Firmware: J-Link ARM V8 compiled Sep 22 2011 16:23:23
Hardware: V8.00
S/N : 20100214 
Feature(s) : RDI,FlashDL,FlashBP,JFlash,GDBFull 
 
* JLink Info: TotalIRLen = 9, IRPrint = 0x0011
* JLink Info: Found Cortex-M3 r2p0, Little endian.
* JLink Info: TPIU fitted.
* JLink Info: ETM fitted.
* JLink Info:   FPUnit: 6 code (BP) slots and 2 literal slots
ROMTableAddr = 0xE00FF003
* JLink Info: TotalIRLen = 9, IRPrint = 0x0011
* JLink Info: Found Cortex-M3 r2p0, Little endian.
* JLink Info: TPIU fitted.
* JLink Info: ETM fitted.
* JLink Info:   FPUnit: 6 code (BP) slots and 2 literal slots
 
Target info:
------------
Device: STM32F207ZE
VTarget = 3.261V
State of Pins: 
TCK: 1, TDI: 0, TDO: 1, TMS: 0, TRES: 1, TRST: 1
Hardware-Breakpoints: 6
Software-Breakpoints: 8192
Watchpoints:          4
JTAG speed: 2000 kHz
 
Erase Done.
Programming Done.
Verify OK.
Build target 'ATC'
compiling uart.c...
linking...
Program Size: Code=64228 RO-data=732 RW-data=1964 ZI-data=38172  
FromELF: creating hex file...
User command #1: fromelf --bin --output .\bin\ATC-0428.bin .\out\ATC-0428.axf
".\OUT\ATC-0428.axf" - 0 Error(s), 0 Warning(s).
Load "F:\\shenzhen1\\Code\\keil\\ATC0428\\OUT\\ATC-0428.AXF" 
Load "F:\\shenzhen1\\Code\\keil\\ATC0428\\OUT\\ATC-0428.AXF" 
* JLink Info: Device "STM32F207ZE" selected (512 KB flash, 64 KB RAM).
Set JLink Project File to "F:\shenzhen1\Code\keil\ATC0428\JLinkSettings.ini"
 
JLink info:
------------
DLL: V4.35b, compiled Sep  2 2011 18:34:46
Firmware: J-Link ARM V8 compiled Sep 22 2011 16:23:23
Hardware: V8.00
S/N : 20100214 
Feature(s) : RDI,FlashDL,FlashBP,JFlash,GDBFull 
 
* JLink Info: TotalIRLen = 9, IRPrint = 0x0011
* JLink Info: Found Cortex-M3 r2p0, Little endian.
* JLink Info: TPIU fitted.
* JLink Info: ETM fitted.
* JLink Info:   FPUnit: 6 code (BP) slots and 2 literal slots
ROMTableAddr = 0xE00FF003
* JLink Info: TotalIRLen = 9, IRPrint = 0x0011
* JLink Info: Found Cortex-M3 r2p0, Little endian.
* JLink Info: TPIU fitted.
* JLink Info: ETM fitted.
* JLink Info:   FPUnit: 6 code (BP) slots and 2 literal slots
 
Target info:
------------
Device: STM32F207ZE
VTarget = 3.261V
State of Pins: 
TCK: 1, TDI: 0, TDO: 1, TMS: 0, TRES: 1, TRST: 1
Hardware-Breakpoints: 6
Software-Breakpoints: 8192
Watchpoints:          0
JTAG speed: 2000 kHz
 
Erase Done.
Programming Done.
Verify OK.
Build target 'ATC'
compiling uart.c...
linking...
Program Size: Code=64228 RO-data=732 RW-data=1964 ZI-data=38172  
FromELF: creating hex file...
User command #1: fromelf --bin --output .\bin\ATC-0428.bin .\out\ATC-0428.axf
".\OUT\ATC-0428.axf" - 0 Error(s), 0 Warning(s).
Build target 'ATC'
compiling cmd.c...
compiling main.c...
compiling stm32f2xx_it.c...
compiling tba_bus.c...
compiling tcms.c...
compiling uart.c...
linking...
Program Size: Code=64260 RO-data=732 RW-data=1964 ZI-data=38172  
FromELF: creating hex file...
User command #1: fromelf --bin --output .\bin\ATC-0428.bin .\out\ATC-0428.axf
".\OUT\ATC-0428.axf" - 0 Error(s), 0 Warning(s).
Load "F:\\shenzhen1\\Code\\keil\\ATC0428\\OUT\\ATC-0428.AXF" 
* JLink Info: Device "STM32F207ZE" selected (512 KB flash, 64 KB RAM).
Set JLink Project File to "F:\shenzhen1\Code\keil\ATC0428\JLinkSettings.ini"
 
JLink info:
------------
DLL: V4.35b, compiled Sep  2 2011 18:34:46
Firmware: J-Link ARM V8 compiled Sep 22 2011 16:23:23
Hardware: V8.00
S/N : 20100214 
Feature(s) : RDI,FlashDL,FlashBP,JFlash,GDBFull 
 
* JLink Info: TotalIRLen = 9, IRPrint = 0x0011
* JLink Info: Found Cortex-M3 r2p0, Little endian.
* JLink Info: TPIU fitted.
* JLink Info: ETM fitted.
* JLink Info:   FPUnit: 6 code (BP) slots and 2 literal slots
ROMTableAddr = 0xE00FF003
* JLink Info: TotalIRLen = 9, IRPrint = 0x0011
* JLink Info: Found Cortex-M3 r2p0, Little endian.
* JLink Info: TPIU fitted.
* JLink Info: ETM fitted.
* JLink Info:   FPUnit: 6 code (BP) slots and 2 literal slots
 
Target info:
------------
Device: STM32F207ZE
VTarget = 3.261V
State of Pins: 
TCK: 1, TDI: 0, TDO: 1, TMS: 0, TRES: 1, TRST: 1
Hardware-Breakpoints: 6
Software-Breakpoints: 8192
Watchpoints:          0
JTAG speed: 2000 kHz
 
Erase Done.
Programming Done.
Verify OK.
Build target 'ATC'
compiling uart.c...
linking...
Program Size: Code=64260 RO-data=732 RW-data=1964 ZI-data=38172  
FromELF: creating hex file...
User command #1: fromelf --bin --output .\bin\ATC-0428.bin .\out\ATC-0428.axf
".\OUT\ATC-0428.axf" - 0 Error(s), 0 Warning(s).
Load "F:\\shenzhen1\\Code\\keil\\ATC0428\\OUT\\ATC-0428.AXF" 
* JLink Info: Device "STM32F207ZE" selected (512 KB flash, 64 KB RAM).
Set JLink Project File to "F:\shenzhen1\Code\keil\ATC0428\JLinkSettings.ini"
 
JLink info:
------------
DLL: V4.35b, compiled Sep  2 2011 18:34:46
Firmware: J-Link ARM V8 compiled Sep 22 2011 16:23:23
Hardware: V8.00
S/N : 20100214 
Feature(s) : RDI,FlashDL,FlashBP,JFlash,GDBFull 
 
* JLink Info: TotalIRLen = 9, IRPrint = 0x0011
* JLink Info: Found Cortex-M3 r2p0, Little endian.
* JLink Info: TPIU fitted.
* JLink Info: ETM fitted.
* JLink Info:   FPUnit: 6 code (BP) slots and 2 literal slots
ROMTableAddr = 0xE00FF003
* JLink Info: TotalIRLen = 9, IRPrint = 0x0011
* JLink Info: Found Cortex-M3 r2p0, Little endian.
* JLink Info: TPIU fitted.
* JLink Info: ETM fitted.
* JLink Info:   FPUnit: 6 code (BP) slots and 2 literal slots
 
Target info:
------------
Device: STM32F207ZE
VTarget = 3.261V
State of Pins: 
TCK: 1, TDI: 0, TDO: 1, TMS: 0, TRES: 1, TRST: 1
Hardware-Breakpoints: 6
Software-Breakpoints: 8192
Watchpoints:          0
JTAG speed: 2000 kHz
 
Erase Done.
Programming Done.
Verify OK.
Build target 'ATC'
compiling cmd.c...
compiling main.c...
compiling stm32f2xx_it.c...
compiling tba_bus.c...
compiling tcms.c...
compiling uart.c...
linking...
Program Size: Code=64260 RO-data=732 RW-data=1964 ZI-data=38172  
FromELF: creating hex file...
User command #1: fromelf --bin --output .\bin\ATC-0428.bin .\out\ATC-0428.axf
".\OUT\ATC-0428.axf" - 0 Error(s), 0 Warning(s).
Build target 'ATC'
compiling uart.c...
linking...
Program Size: Code=64260 RO-data=732 RW-data=1964 ZI-data=38172  
FromELF: creating hex file...
User command #1: fromelf --bin --output .\bin\ATC-0428.bin .\out\ATC-0428.axf
".\OUT\ATC-0428.axf" - 0 Error(s), 0 Warning(s).
compiling uart.c...
user\src\uart.c - 0 Error(s), 0 Warning(s).
Build target 'ATC'
linking...
Program Size: Code=64260 RO-data=732 RW-data=1964 ZI-data=38172  
FromELF: creating hex file...
User command #1: fromelf --bin --output .\bin\ATC-0428.bin .\out\ATC-0428.axf
".\OUT\ATC-0428.axf" - 0 Error(s), 0 Warning(s).
Load "F:\\shenzhen1\\Code\\keil\\ATC0428\\OUT\\ATC-0428.AXF" 
Load "F:\\shenzhen1\\Code\\keil\\ATC0428\\OUT\\ATC-0428.AXF" 
* JLink Info: Device "STM32F207ZE" selected (512 KB flash, 64 KB RAM).
Set JLink Project File to "F:\shenzhen1\Code\keil\ATC0428\JLinkSettings.ini"
 
JLink info:
------------
DLL: V4.35b, compiled Sep  2 2011 18:34:46
Firmware: J-Link ARM V8 compiled Sep 22 2011 16:23:23
Hardware: V8.00
S/N : 20100214 
Feature(s) : RDI,FlashDL,FlashBP,JFlash,GDBFull 
 
* JLink Info: TotalIRLen = 9, IRPrint = 0x0011
* JLink Info: Found Cortex-M3 r2p0, Little endian.
* JLink Info: TPIU fitted.
* JLink Info: ETM fitted.
* JLink Info:   FPUnit: 6 code (BP) slots and 2 literal slots
ROMTableAddr = 0xE00FF003
* JLink Info: TotalIRLen = 9, IRPrint = 0x0011
* JLink Info: Found Cortex-M3 r2p0, Little endian.
* JLink Info: TPIU fitted.
* JLink Info: ETM fitted.
* JLink Info:   FPUnit: 6 code (BP) slots and 2 literal slots
 
Target info:
------------
Device: STM32F207ZE
VTarget = 3.261V
State of Pins: 
TCK: 1, TDI: 0, TDO: 1, TMS: 0, TRES: 1, TRST: 1
Hardware-Breakpoints: 6
Software-Breakpoints: 8192
Watchpoints:          0
JTAG speed: 2000 kHz
 
Erase Done.
Programming Done.
Verify OK.
Build target 'ATC'
compiling uart.c...
linking...
Program Size: Code=64260 RO-data=732 RW-data=1964 ZI-data=38172  
FromELF: creating hex file...
User command #1: fromelf --bin --output .\bin\ATC-0428.bin .\out\ATC-0428.axf
".\OUT\ATC-0428.axf" - 0 Error(s), 0 Warning(s).
Load "F:\\shenzhen1\\Code\\keil\\ATC0428\\OUT\\ATC-0428.AXF" 
* JLink Info: Device "STM32F207ZE" selected (512 KB flash, 64 KB RAM).
Set JLink Project File to "F:\shenzhen1\Code\keil\ATC0428\JLinkSettings.ini"
 
JLink info:
------------
DLL: V4.35b, compiled Sep  2 2011 18:34:46
Firmware: J-Link ARM V8 compiled Sep 22 2011 16:23:23
Hardware: V8.00
S/N : 20100214 
Feature(s) : RDI,FlashDL,FlashBP,JFlash,GDBFull 
 
* JLink Info: TotalIRLen = 9, IRPrint = 0x0011
* JLink Info: Found Cortex-M3 r2p0, Little endian.
* JLink Info: TPIU fitted.
* JLink Info: ETM fitted.
* JLink Info:   FPUnit: 6 code (BP) slots and 2 literal slots
ROMTableAddr = 0xE00FF003
* JLink Info: TotalIRLen = 9, IRPrint = 0x0011
* JLink Info: Found Cortex-M3 r2p0, Little endian.
* JLink Info: TPIU fitted.
* JLink Info: ETM fitted.
* JLink Info:   FPUnit: 6 code (BP) slots and 2 literal slots
 
Target info:
------------
Device: STM32F207ZE
VTarget = 3.261V
State of Pins: 
TCK: 1, TDI: 0, TDO: 1, TMS: 0, TRES: 1, TRST: 1
Hardware-Breakpoints: 6
Software-Breakpoints: 8192
Watchpoints:          0
JTAG speed: 2000 kHz
 
Erase Done.
Programming Done.
Verify OK.
Build target 'ATC'
linking...
Program Size: Code=64260 RO-data=732 RW-data=1964 ZI-data=38172  
FromELF: creating hex file...
User command #1: fromelf --bin --output .\bin\ATC-0428.bin .\out\ATC-0428.axf
".\OUT\ATC-0428.axf" - 0 Error(s), 0 Warning(s).
Build target 'ATC'
linking...
Program Size: Code=64260 RO-data=732 RW-data=1964 ZI-data=38172  
FromELF: creating hex file...
User command #1: fromelf --bin --output .\bin\ATC-0428.bin .\out\ATC-0428.axf
".\OUT\ATC-0428.axf" - 0 Error(s), 0 Warning(s).
