<html>
<body>
<pre>
<h1>µVision Build Log</h1>
<h2>Project:</h2>
F:\shenzhen1\Code\keil\ATC-0415\ATC-0415.uvproj
Project File Date:  04/23/2013

<h2>Output:</h2>
Build target 'ATC'
compiling cmd.c...
compiling main.c...
compiling rtc_1337.c...
compiling sd_data.c...
compiling stm32f2xx_it.c...
compiling tba_bus.c...
compiling tcms.c...
compiling mem.c...
stm32\lwip_v1.3.2\src\core\mem.c(184): warning:  #550-D: variable "mem_sem" was set but never used
compiling memp.c...
linking...
Program Size: Code=64360 RO-data=732 RW-data=1960 ZI-data=34048  
FromELF: creating hex file...
User command #1: fromelf --bin --output .\bin\ATC-0411.bin .\out\ATC-0411.axf
".\OUT\ATC-0411.axf" - 0 Error(s), 1 Warning(s).
Build target 'ATC'
compiling cmd.c...
compiling main.c...
compiling rtc_1337.c...
compiling sd_data.c...
compiling stm32f2xx_it.c...
compiling tba_bus.c...
compiling tcms.c...
compiling usb.c...
compiling diskio.c...
compiling mem.c...
stm32\lwip_v1.3.2\src\core\mem.c(184): warning:  #550-D: variable "mem_sem" was set but never used
compiling memp.c...
linking...
Program Size: Code=64360 RO-data=732 RW-data=1960 ZI-data=34048  
FromELF: creating hex file...
User command #1: fromelf --bin --output .\bin\ATC-0411.bin .\out\ATC-0411.axf
".\OUT\ATC-0411.axf" - 0 Error(s), 1 Warning(s).
Build target 'ATC'
linking...
Program Size: Code=64360 RO-data=732 RW-data=1960 ZI-data=34048  
FromELF: creating hex file...
User command #1: fromelf --bin --output .\bin\ATC-0411.bin .\out\ATC-0411.axf
".\OUT\ATC-0411.axf" - 0 Error(s), 0 Warning(s).
Build target 'ATC'
linking...
Program Size: Code=64360 RO-data=732 RW-data=1960 ZI-data=34048  
FromELF: creating hex file...
User command #1: fromelf --bin --output .\bin\ATC-0423.bin .\out\ATC-0423.axf
".\OUT\ATC-0423.axf" - 0 Error(s), 0 Warning(s).
Build target 'ATC'
linking...
Program Size: Code=64360 RO-data=732 RW-data=1960 ZI-data=34048  
FromELF: creating hex file...
User command #1: fromelf --bin --output .\bin\ATC-0423.bin .\out\ATC-0423.axf
".\OUT\ATC-0423.axf" - 0 Error(s), 0 Warning(s).
Build target 'ATC'
linking...
Program Size: Code=64360 RO-data=732 RW-data=1960 ZI-data=34048  
FromELF: creating hex file...
User command #1: fromelf --bin --output .\bin\ATC-0423.bin .\out\ATC-0423.axf
".\OUT\ATC-0423.axf" - 0 Error(s), 0 Warning(s).
Build target 'ATC'
assembling startup_stm32f2xx.s...
compiling cmd.c...
compiling common.c...
compiling flash_if.c...
compiling main.c...
compiling rtc_1337.c...
compiling sd_data.c...
compiling stm32f2xx_it.c...
compiling system_stm32f2xx.c...
compiling tba_bus.c...
compiling tcms.c...
compiling uart.c...
compiling usb.c...
compiling usb_bsp.c...
compiling usbd_desc.c...
compiling usbd_usr.c...
compiling stm32f2xx_usart.c...
compiling misc.c...
compiling stm32f2xx_dma.c...
compiling stm32f2xx_exti.c...
compiling stm32f2xx_flash.c...
compiling stm32f2xx_gpio.c...
compiling stm32f2xx_iwdg.c...
compiling stm32f2xx_rcc.c...
compiling stm32f2xx_sdio.c...
compiling stm32f2xx_syscfg.c...
compiling stm32f2xx_i2c.c...
compiling stm32f2xx_rtc.c...
compiling stm32f2xx_pwr.c...
compiling ff.c...
compiling diskio.c...
compiling usbd_core.c...
compiling usbd_ioreq.c...
compiling usbd_req.c...
compiling usb_dcd_int.c...
compiling usb_core.c...
compiling usb_dcd.c...
compiling usbd_hid_core.c...
compiling core_cm3.c...
compiling stm32_eval_sdio_sd.c...
compiling stm32_eval.c...
compiling mem.c...
stm32\lwip_v1.3.2\src\core\mem.c(184): warning:  #550-D: variable "mem_sem" was set but never used
compiling memp.c...
linking...
Program Size: Code=64360 RO-data=732 RW-data=1960 ZI-data=34048  
FromELF: creating hex file...
User command #1: fromelf --bin --output .\bin\ATC-0423.bin .\out\ATC-0423.axf
".\OUT\ATC-0423.axf" - 0 Error(s), 1 Warning(s).
Build target 'ATC'
linking...
Program Size: Code=64360 RO-data=732 RW-data=1960 ZI-data=34048  
FromELF: creating hex file...
User command #1: fromelf --bin --output .\bin\ATC-0423.bin .\out\ATC-0423.axf
".\OUT\ATC-0423.axf" - 0 Error(s), 0 Warning(s).
Build target 'ATC'
compiling cmd.c...
compiling main.c...
compiling rtc_1337.c...
compiling sd_data.c...
compiling stm32f2xx_it.c...
compiling tba_bus.c...
compiling tcms.c...
compiling usb.c...
compiling diskio.c...
compiling mem.c...
stm32\lwip_v1.3.2\src\core\mem.c(184): warning:  #550-D: variable "mem_sem" was set but never used
compiling memp.c...
linking...
Program Size: Code=64360 RO-data=732 RW-data=1960 ZI-data=34048  
FromELF: creating hex file...
User command #1: fromelf --bin --output .\bin\ATC-0423.bin .\out\ATC-0423.axf
".\OUT\ATC-0423.axf" - 0 Error(s), 1 Warning(s).
Build target 'ATC'
linking...
Program Size: Code=64360 RO-data=732 RW-data=1960 ZI-data=34048  
FromELF: creating hex file...
User command #1: fromelf --bin --output .\bin\ATC-0424.bin .\out\ATC-0424.axf
".\OUT\ATC-0424.axf" - 0 Error(s), 0 Warning(s).
