<html>
<body>
<pre>
<h1>µVision Build Log</h1>
<h2>Project:</h2>
F:\shenzhen1\Code\keil\ATC0428\ATC-0424.uvproj
Project File Date:  04/28/2013

<h2>Output:</h2>
Build target 'ATC'
compiling tba_bus.c...
compiling uart.c...
linking...
Program Size: Code=65304 RO-data=732 RW-data=1968 ZI-data=38448  
FromELF: creating hex file...
User command #1: fromelf --bin --output .\bin\ATC-0428.bin .\out\ATC-0428.axf
".\OUT\ATC-0428.axf" - 0 Error(s), 0 Warning(s).
Build target 'ATC'
compiling tba_bus.c...
linking...
Program Size: Code=65304 RO-data=732 RW-data=1968 ZI-data=38448  
FromELF: creating hex file...
User command #1: fromelf --bin --output .\bin\ATC-0428.bin .\out\ATC-0428.axf
".\OUT\ATC-0428.axf" - 0 Error(s), 0 Warning(s).
Build target 'ATC'
compiling uart.c...
linking...
Program Size: Code=65304 RO-data=732 RW-data=1968 ZI-data=38448  
FromELF: creating hex file...
User command #1: fromelf --bin --output .\bin\ATC-0428.bin .\out\ATC-0428.axf
".\OUT\ATC-0428.axf" - 0 Error(s), 0 Warning(s).
Build target 'ATC'
compiling uart.c...
linking...
Program Size: Code=65304 RO-data=732 RW-data=1968 ZI-data=38448  
FromELF: creating hex file...
User command #1: fromelf --bin --output .\bin\ATC-0428.bin .\out\ATC-0428.axf
".\OUT\ATC-0428.axf" - 0 Error(s), 0 Warning(s).
Build target 'ATC'
compiling uart.c...
linking...
Program Size: Code=65272 RO-data=732 RW-data=1968 ZI-data=38448  
FromELF: creating hex file...
User command #1: fromelf --bin --output .\bin\ATC-0428.bin .\out\ATC-0428.axf
".\OUT\ATC-0428.axf" - 0 Error(s), 0 Warning(s).
Build target 'ATC'
compiling uart.c...
linking...
Program Size: Code=65304 RO-data=732 RW-data=1968 ZI-data=38448  
FromELF: creating hex file...
User command #1: fromelf --bin --output .\bin\ATC-0428.bin .\out\ATC-0428.axf
".\OUT\ATC-0428.axf" - 0 Error(s), 0 Warning(s).
Build target 'ATC'
linking...
Program Size: Code=65304 RO-data=732 RW-data=1968 ZI-data=38448  
FromELF: creating hex file...
User command #1: fromelf --bin --output .\bin\ATC-0428.bin .\out\ATC-0428.axf
".\OUT\ATC-0428.axf" - 0 Error(s), 0 Warning(s).
Build target 'ATC'
compiling uart.c...
linking...
Program Size: Code=65304 RO-data=732 RW-data=1968 ZI-data=38448  
FromELF: creating hex file...
User command #1: fromelf --bin --output .\bin\ATC-0428.bin .\out\ATC-0428.axf
".\OUT\ATC-0428.axf" - 0 Error(s), 0 Warning(s).
Build target 'ATC'
compiling uart.c...
linking...
Program Size: Code=65304 RO-data=732 RW-data=1968 ZI-data=38448  
FromELF: creating hex file...
User command #1: fromelf --bin --output .\bin\ATC-0428.bin .\out\ATC-0428.axf
".\OUT\ATC-0428.axf" - 0 Error(s), 0 Warning(s).
Build target 'ATC'
linking...
Program Size: Code=65304 RO-data=732 RW-data=1968 ZI-data=38448  
FromELF: creating hex file...
User command #1: fromelf --bin --output .\bin\ATC-0428.bin .\out\ATC-0428.axf
".\OUT\ATC-0428.axf" - 0 Error(s), 0 Warning(s).
Build target 'ATC'
compiling tba_bus.c...
linking...
Program Size: Code=65304 RO-data=732 RW-data=1968 ZI-data=38448  
FromELF: creating hex file...
User command #1: fromelf --bin --output .\bin\ATC-0428.bin .\out\ATC-0428.axf
".\OUT\ATC-0428.axf" - 0 Error(s), 0 Warning(s).
Build target 'ATC'
compiling tba_bus.c...
linking...
Program Size: Code=65304 RO-data=732 RW-data=1968 ZI-data=38448  
FromELF: creating hex file...
User command #1: fromelf --bin --output .\bin\ATC-0428.bin .\out\ATC-0428.axf
".\OUT\ATC-0428.axf" - 0 Error(s), 0 Warning(s).
Build target 'ATC'
compiling tba_bus.c...
linking...
Program Size: Code=65304 RO-data=732 RW-data=1968 ZI-data=38448  
FromELF: creating hex file...
User command #1: fromelf --bin --output .\bin\ATC-0428.bin .\out\ATC-0428.axf
".\OUT\ATC-0428.axf" - 0 Error(s), 0 Warning(s).
Build target 'ATC'
compiling cmd.c...
compiling main.c...
compiling rtc_1337.c...
compiling sd_data.c...
compiling stm32f2xx_it.c...
compiling tba_bus.c...
compiling tcms.c...
compiling uart.c...
compiling usb.c...
compiling diskio.c...
compiling mem.c...
stm32\lwip_v1.3.2\src\core\mem.c(184): warning:  #550-D: variable "mem_sem" was set but never used
compiling memp.c...
linking...
Program Size: Code=65304 RO-data=732 RW-data=1968 ZI-data=38448  
FromELF: creating hex file...
User command #1: fromelf --bin --output .\bin\ATC-0428.bin .\out\ATC-0428.axf
".\OUT\ATC-0428.axf" - 0 Error(s), 1 Warning(s).
Build target 'ATC'
linking...
Program Size: Code=65304 RO-data=732 RW-data=1968 ZI-data=38448  
FromELF: creating hex file...
User command #1: fromelf --bin --output .\bin\ATC-0428.bin .\out\ATC-0428.axf
".\OUT\ATC-0428.axf" - 0 Error(s), 0 Warning(s).
Build target 'ATC'
linking...
Program Size: Code=65304 RO-data=732 RW-data=1968 ZI-data=38448  
FromELF: creating hex file...
User command #1: fromelf --bin --output .\bin\ATC-0507.bin .\out\ATC-0507.axf
".\OUT\ATC-0507.axf" - 0 Error(s), 0 Warning(s).
