<html>
<body>
<pre>
<h1>µVision Build Log</h1>
<h2>Tool Versions:</h2>
IDE-Version: ¦ÌVision V5.14.0.0
Copyright (C) 2015 ARM Ltd and ARM Germany GmbH. All rights reserved.
License Information: wh 1157889734@qq.com, wh, LIC=14HY8-3ZFEX-GKJBG-VWKAY-RS74J-TMY6Q
 
Tool Versions:
Toolchain:       MDK-ARM Standard  Version: 5.11.0.0
Toolchain Path:  C:\Keil_v5\ARM\ARMCC\Bin
C Compiler:      Armcc.exe V5.04 update 1 (build 49)
Assembler:       Armasm.exe V5.04 update 1 (build 49)
Linker/Locator:  ArmLink.exe V5.04 update 1 (build 49)
Library Manager: ArmAr.exe V5.04 update 1 (build 49)
Hex Converter:   FromElf.exe V5.04 update 1 (build 49)
CPU DLL:         SARMCM3.DLL V5.11.0.0
Dialog DLL:      DARMSTM.DLL V1.65.0.0
Target DLL:      Segger\JL2CM3.dll V2.97.0.0
Dialog DLL:      TARMSTM.DLL V1.64.0.0
 
<h2>Project:</h2>
C:\PIS\guan3_PIS\Embed_src\ATC\ATC.uvproj
Project File Date:  12/27/2019

<h2>Output:</h2>
*** Note: Rebuilding project, since 'Options->Output->Create Batch File' is selected.
Rebuild target 'ATC'
assembling startup_stm32f2xx.s...
compiling cmd.c...
compiling common.c...
compiling flash_if.c...
compiling main.c...
compiling rtc_1337.c...
compiling sd_data.c...
user\src\sd_data.c(674): warning:  #177-D: variable "tmp_num" was declared but never referenced
        int tmp_num = 0;
user\src\sd_data.c(1061): warning:  #223-D: function "gpio_485_disable" declared implicitly
                gpio_485_disable(LED4);//ÎÞ¿¨
user\src\sd_data.c(1070): warning:  #223-D: function "gpio_485_enable" declared implicitly
                        gpio_485_enable(LED4);
user\src\sd_data.c(1073): warning:  #223-D: function "gpio_485_disable" declared implicitly
                                        gpio_485_disable(LED4);
user\src\sd_data.c(1086): warning:  #223-D: function "gpio_485_enable" declared implicitly
                        gpio_485_enable(LED4);
user\src\sd_data.c(1089): warning:  #223-D: function "gpio_485_disable" declared implicitly
                                        gpio_485_disable(LED4);
user\src\sd_data.c(1361): warning:  #177-D: function "save_normal_data_pis" was declared but never referenced
  static void save_normal_data_pis(uint8 type, uint8 *buf, uint16 len)
user\src\sd_data.c(893): warning:  #177-D: function "check_file_size" was declared but never referenced
  static void check_file_size(char *path)
user\src\sd_data.c: 8 warnings, 0 errors
compiling stm32f2xx_it.c...
compiling system_stm32f2xx.c...
compiling tba_bus.c...
compiling tcms.c...
user\src\tcms.c(82): warning:  #520-D: initialization with "{...}" expected for aggregate object
  static uint8 g_pis_to_sd_buf[PIS_SD_BUFF_SIZE]=0;
user\src\tcms.c(132): warning:  #520-D: initialization with "{...}" expected for aggregate object
  static uint8 g_tms_to_sd_buf[TMS_SD_BUFF_SIZE]=0;
user\src\tcms.c(431): warning:  #177-D: variable "tmp" was declared but never referenced
        uint8 tmp=0;
user\src\tcms.c(954): warning:  #177-D: variable "tmp" was declared but never referenced
        uint8 tmp=0;
user\src\tcms.c(1509): warning:  #223-D: function "uart3_write_char" declared implicitly
                                uart3_write_char(0x11);
user\src\tcms.c(1443): warning:  #550-D: variable "g_tms_to_sd_flag" was set but never used
  static uint8 g_tms_to_sd_flag=0; 
user\src\tcms.c: 6 warnings, 0 errors
compiling uart.c...
user\src\uart.c(279): warning:  #177-D: variable "i" was declared but never referenced
        u32 i=0;
user\src\uart.c(280): warning:  #177-D: variable "tmp" was declared but never referenced
        u32 tmp =0;
user\src\uart.c(18): warning:  #550-D: variable "uart2_delay" was set but never used
  static uint8 uart2_delay=0;
user\src\uart.c: 3 warnings, 0 errors
compiling usb.c...
compiling usb_bsp.c...
compiling usbd_desc.c...
compiling usbd_usr.c...
compiling stm32f2xx_usart.c...
compiling misc.c...
compiling stm32f2xx_dma.c...
compiling stm32f2xx_exti.c...
compiling stm32f2xx_flash.c...
compiling stm32f2xx_gpio.c...
compiling stm32f2xx_iwdg.c...
compiling stm32f2xx_rcc.c...
compiling stm32f2xx_sdio.c...
compiling stm32f2xx_syscfg.c...
compiling stm32f2xx_i2c.c...
compiling stm32f2xx_rtc.c...
compiling stm32f2xx_pwr.c...
compiling ff.c...
compiling diskio.c...
compiling usbd_core.c...
compiling usbd_ioreq.c...
compiling usbd_req.c...
stm32\STM32_USB_Device_Library\Core\src\usbd_req.c(725): warning:  #127-D: expected a statement
      }
stm32\STM32_USB_Device_Library\Core\src\usbd_req.c: 1 warning, 0 errors
compiling usb_dcd_int.c...
compiling usb_core.c...
compiling usb_dcd.c...
compiling usbd_hid_core.c...
stm32\STM32_USB_Device_Library\Class\hid\src\usbd_hid_core.c(448): warning:  #127-D: expected a statement
      }
stm32\STM32_USB_Device_Library\Class\hid\src\usbd_hid_core.c: 1 warning, 0 errors
compiling core_cm3.c...
compiling stm32_eval_sdio_sd.c...
compiling stm32_eval.c...
compiling mem.c...
stm32\lwip_v1.3.2\src\core\mem.c(184): warning:  #550-D: variable "mem_sem" was set but never used
  static sys_sem_t mem_sem;
stm32\lwip_v1.3.2\src\core\mem.c: 1 warning, 0 errors
compiling memp.c...
linking...
Program Size: Code=53436 RO-data=908 RW-data=2228 ZI-data=46836  
After Build - User command #1: fromelf --bin --output .\bin\GZ-3-1.1.bin .\out\SZ1-ATC.axf
".\OUT\SZ1-ATC.axf" - 0 Error(s), 20 Warning(s).
</pre>
</body>
</html>
