Product: MDK-ARM Standard 5.10
Component: ARM Compiler 5.04 update 1 (build 49)
Tool: armlink [5040049]

==============================================================================

Section Cross References

    startup_stm32f2xx.o(STACK) refers (Special) to heapauxi.o(.text) for __use_two_region_memory
    startup_stm32f2xx.o(HEAP) refers (Special) to heapauxi.o(.text) for __use_two_region_memory
    startup_stm32f2xx.o(RESET) refers (Special) to heapauxi.o(.text) for __use_two_region_memory
    startup_stm32f2xx.o(RESET) refers to startup_stm32f2xx.o(STACK) for __initial_sp
    startup_stm32f2xx.o(RESET) refers to startup_stm32f2xx.o(.text) for Reset_Handler
    startup_stm32f2xx.o(RESET) refers to stm32f2xx_it.o(.text) for NMI_Handler
    startup_stm32f2xx.o(.text) refers (Special) to heapauxi.o(.text) for __use_two_region_memory
    startup_stm32f2xx.o(.text) refers to system_stm32f2xx.o(.text) for SystemInit
    startup_stm32f2xx.o(.text) refers to __main.o(!!!main) for __main
    startup_stm32f2xx.o(.text) refers to startup_stm32f2xx.o(HEAP) for Heap_Mem
    startup_stm32f2xx.o(.text) refers to startup_stm32f2xx.o(STACK) for Stack_Mem
    cmd.o(.text) refers to _printf_percent.o(.ARM.Collect$$_printf_percent$$00000000) for _printf_percent
    cmd.o(.text) refers to _printf_d.o(.ARM.Collect$$_printf_percent$$00000009) for _printf_d
    cmd.o(.text) refers to _printf_dec.o(.text) for _printf_int_dec
    cmd.o(.text) refers to main.o(.text) for Delay
    cmd.o(.text) refers to usb.o(.text) for usb_write_buf
    cmd.o(.text) refers to usb_bsp.o(.text) for USB_OTG_BSP_DisableInterrupt
    cmd.o(.text) refers to flash_if.o(.text) for exec_iap_fun
    cmd.o(.text) refers to rt_memclr_w.o(.text) for __aeabi_memclr4
    cmd.o(.text) refers to rt_memcpy_v6.o(.text) for __aeabi_memcpy
    cmd.o(.text) refers to noretval__2snprintf.o(.text) for __2snprintf
    cmd.o(.text) refers to strlen.o(.text) for strlen
    cmd.o(.text) refers to rtc_1337.o(.text) for get_rtc_time
    cmd.o(.text) refers to sd_data.o(.text) for update_dir
    cmd.o(.text) refers to tcms.o(.text) for get_tms_comm
    cmd.o(.text) refers to tba_bus.o(.text) for get_train485_comm
    cmd.o(.text) refers to ff.o(.text) for f_opendir
    cmd.o(.text) refers to strcmpv7m.o(.text) for strcmp
    cmd.o(.text) refers to cmd.o(.data) for .data
    cmd.o(.text) refers to cmd.o(.bss) for .bss
    cmd.o(.text) refers to strcat.o(.text) for strcat
    cmd.o(.text) refers to strncpy.o(.text) for strncpy
    cmd.o(.text) refers to uart.o(.text) for close_uart_irq
    cmd.o(.text) refers to mem.o(.text) for mem_calloc
    cmd.o(.text) refers to cmd.o(.constdata) for .constdata
    cmd.o(.text) refers to tba_bus.o(.bss) for atc_tba
    cmd.o(.text) refers to tcms.o(.bss) for atc_tms
    common.o(.text) refers to stm32f2xx_usart.o(.text) for USART_SendData
    flash_if.o(.text) refers to stm32f2xx_flash.o(.text) for FLASH_Unlock
    flash_if.o(.text) refers to rt_memcpy_v6.o(.text) for __aeabi_memcpy
    flash_if.o(.text) refers to core_cm3.o(.emb_text) for __set_MSP
    flash_if.o(.text) refers to flash_if.o(.bss) for .bss
    flash_if.o(.text) refers to flash_if.o(.data) for .data
    main.o(.text) refers to misc.o(.text) for NVIC_PriorityGroupConfig
    main.o(.text) refers to stm32f2xx_rcc.o(.text) for RCC_APB1PeriphClockCmd
    main.o(.text) refers to stm32f2xx_pwr.o(.text) for PWR_BackupAccessCmd
    main.o(.text) refers to stm32f2xx_rtc.o(.text) for RTC_WaitForSynchro
    main.o(.text) refers to stm32f2xx_gpio.o(.text) for GPIO_Init
    main.o(.text) refers to stm32_eval.o(.text) for STM_EVAL_LEDInit
    main.o(.text) refers to rtc_1337.o(.text) for rtc_1337_init
    main.o(.text) refers to flash_if.o(.text) for save_init
    main.o(.text) refers to uart.o(.text) for gpio_485_en_init
    main.o(.text) refers to usbd_core.o(.text) for USBD_Init
    main.o(.text) refers to stm32f2xx_iwdg.o(.text) for IWDG_WriteAccessCmd
    main.o(.text) refers to mem.o(.text) for mem_init
    main.o(.text) refers to memp.o(.text) for memp_init
    main.o(.text) refers to sd_data.o(.text) for sd_init
    main.o(.text) refers to tcms.o(.text) for tcms_init
    main.o(.text) refers to cmd.o(.text) for ptu_proc
    main.o(.text) refers to main.o(.data) for .data
    main.o(.text) refers to usbd_usr.o(.data) for USR_cb
    main.o(.text) refers to usbd_hid_core.o(.data) for USBD_HID_cb
    main.o(.text) refers to usbd_desc.o(.data) for USR_desc
    main.o(.text) refers to main.o(.bss) for .bss
    rtc_1337.o(.text) refers to stm32f2xx_rcc.o(.text) for RCC_AHB1PeriphClockCmd
    rtc_1337.o(.text) refers to stm32f2xx_gpio.o(.text) for GPIO_Init
    rtc_1337.o(.text) refers to rtc_1337.o(.data) for .data
    sd_data.o(.text) refers to strcmpv7m.o(.text) for strcmp
    sd_data.o(.text) refers to tcms.o(.text) for get_tms_comm
    sd_data.o(.text) refers to tba_bus.o(.text) for get_train485_comm
    sd_data.o(.text) refers to stm32f2xx_gpio.o(.text) for GPIO_Init
[...]
    i2c_stop                                 0x08001657   Thumb Code    54  rtc_1337.o(.text)
    i2c_ack                                  0x0800168d   Thumb Code    90  rtc_1337.o(.text)
    i2c_noack                                0x080016e7   Thumb Code    90  rtc_1337.o(.text)
    i2c_waitack                              0x08001741   Thumb Code   104  rtc_1337.o(.text)
    set_1337_time                            0x080017a9   Thumb Code   114  rtc_1337.o(.text)
    read_1337_time                           0x0800181b   Thumb Code   126  rtc_1337.o(.text)
    check_time                               0x08001899   Thumb Code   146  rtc_1337.o(.text)
    timer_convert                            0x0800192b   Thumb Code    68  rtc_1337.o(.text)
    set_rtc_time                             0x0800196f   Thumb Code    36  rtc_1337.o(.text)
    get_rtc_time                             0x08001993   Thumb Code    20  rtc_1337.o(.text)
    update_cur_time                          0x080019a7   Thumb Code     4  rtc_1337.o(.text)
    get_cur_time                             0x080019ab   Thumb Code    12  rtc_1337.o(.text)
    myitoa                                   0x080019bd   Thumb Code    58  sd_data.o(.text)
    myatoi                                   0x080019f7   Thumb Code   124  sd_data.o(.text)
    check_use_file                           0x08001a73   Thumb Code   138  sd_data.o(.text)
    get_sd_wp_state                          0x08001b2f   Thumb Code     8  sd_data.o(.text)
    get_sd_state                             0x08001b37   Thumb Code     8  sd_data.o(.text)
    get_sd_ready                             0x08001b3f   Thumb Code     8  sd_data.o(.text)
    update_dir                               0x08001b47   Thumb Code   282  sd_data.o(.text)
    check_cur_dir                            0x08001c61   Thumb Code   252  sd_data.o(.text)
    sd_init                                  0x08001d5d   Thumb Code    82  sd_data.o(.text)
    check_sd_state                           0x08001daf   Thumb Code    92  sd_data.o(.text)
    sd_remove_file                           0x08001e9f   Thumb Code    74  sd_data.o(.text)
    get_sd_space                             0x08001ee9   Thumb Code    86  sd_data.o(.text)
    get_dir_size                             0x08001f3f   Thumb Code   112  sd_data.o(.text)
    ascii_to_integer                         0x0800207f   Thumb Code    36  sd_data.o(.text)
    check_sd_space                           0x0800222d   Thumb Code    38  sd_data.o(.text)
    SD_LED                                   0x08002381   Thumb Code   130  sd_data.o(.text)
    update_rec_data_dir                      0x08002403   Thumb Code   384  sd_data.o(.text)
    hex_to_ascii                             0x08002583   Thumb Code    88  sd_data.o(.text)
    save_log_data                            0x080025db   Thumb Code   274  sd_data.o(.text)
    save_start_time                          0x080026ed   Thumb Code    28  sd_data.o(.text)
    save_change_time                         0x08002709   Thumb Code    62  sd_data.o(.text)
    form_normal_frame                        0x08002829   Thumb Code   172  sd_data.o(.text)
    form_error_frame                         0x08002965   Thumb Code   424  sd_data.o(.text)
    sd_fflush                                0x08002b0d   Thumb Code    88  sd_data.o(.text)
    NMI_Handler                              0x08002b7d   Thumb Code     2  stm32f2xx_it.o(.text)
    HardFault_Handler                        0x08002b7f   Thumb Code     2  stm32f2xx_it.o(.text)
    MemManage_Handler                        0x08002b81   Thumb Code     2  stm32f2xx_it.o(.text)
    BusFault_Handler                         0x08002b83   Thumb Code     2  stm32f2xx_it.o(.text)
    UsageFault_Handler                       0x08002b85   Thumb Code     2  stm32f2xx_it.o(.text)
    SVC_Handler                              0x08002b87   Thumb Code     2  stm32f2xx_it.o(.text)
    DebugMon_Handler                         0x08002b89   Thumb Code     2  stm32f2xx_it.o(.text)
    PendSV_Handler                           0x08002b8b   Thumb Code     2  stm32f2xx_it.o(.text)
    SysTick_Handler                          0x08002b8d   Thumb Code     4  stm32f2xx_it.o(.text)
    USART1_IRQHandler                        0x08002b91   Thumb Code    66  stm32f2xx_it.o(.text)
    USART2_IRQHandler                        0x08002bd3   Thumb Code    68  stm32f2xx_it.o(.text)
    USART3_IRQHandler                        0x08002c17   Thumb Code    68  stm32f2xx_it.o(.text)
    SDIO_IRQHandler                          0x08002c5b   Thumb Code     4  stm32f2xx_it.o(.text)
    EXTI15_10_IRQHandler                     0x08002c5f   Thumb Code    34  stm32f2xx_it.o(.text)
    OTG_FS_WKUP_IRQHandler                   0x08002c81   Thumb Code    42  stm32f2xx_it.o(.text)
    OTG_FS_IRQHandler                        0x08002cab   Thumb Code     6  stm32f2xx_it.o(.text)
    SystemInit                               0x08002d63   Thumb Code    62  system_stm32f2xx.o(.text)
    SystemCoreClockUpdate                    0x08002da1   Thumb Code   122  system_stm32f2xx.o(.text)
    send_tba_ptu                             0x08002e41   Thumb Code    66  tba_bus.o(.text)
    tba_transcod                             0x08002e83   Thumb Code    94  tba_bus.o(.text)
    tba_bus_send_data                        0x08002ee1   Thumb Code   144  tba_bus.o(.text)
    save_tba_data_sd                         0x08002f71   Thumb Code   196  tba_bus.o(.text)
    reverse_code_packet                      0x08003035   Thumb Code   132  tba_bus.o(.text)
    tba_bus_get_packet                       0x080030b9   Thumb Code   206  tba_bus.o(.text)
    proc_token_packet                        0x08003187   Thumb Code    62  tba_bus.o(.text)
    proc_deal_packet                         0x080031c5   Thumb Code   230  tba_bus.o(.text)
    get_train485_state                       0x080032ab   Thumb Code     6  tba_bus.o(.text)
    get_train485_comm                        0x080032b1   Thumb Code     6  tba_bus.o(.text)
    set_tba_num_repeat                       0x080032b7   Thumb Code     6  tba_bus.o(.text)
    save_tms_data                            0x080032bd   Thumb Code    26  tba_bus.o(.text)
    read_tba_bus_data                        0x080032d7   Thumb Code    64  tba_bus.o(.text)
    check_ccitt_crc                          0x0800332d   Thumb Code    36  tcms.o(.text)
    send_tms_ptu                             0x08003351   Thumb Code    74  tcms.o(.text)
    send_pis_ptu                             0x0800339b   Thumb Code    74  tcms.o(.text)
    train_485_proc                           0x080033e5   Thumb Code     4  tcms.o(.text)
    send_data_to_pis                         0x080033e9   Thumb Code    94  tcms.o(.text)
    save_pis_data_sd                         0x08003447   Thumb Code   330  tcms.o(.text)
    tcms_init                                0x08003591   Thumb Code    14  tcms.o(.text)
    pis_proc                                 0x0800377d   Thumb Code   144  tcms.o(.text)
    save_tms_data_sd                         0x0800380d   Thumb Code   348  tcms.o(.text)
    atc_proc_tms                             0x08003969   Thumb Code   108  tcms.o(.text)
    tms_proc                                 0x08003ba3   Thumb Code   384  tcms.o(.text)
    get_pis_state                            0x08003d23   Thumb Code     8  tcms.o(.text)
    get_tms_state                            0x08003d2b   Thumb Code     6  tcms.o(.text)
    get_pis_comm                             0x08003d31   Thumb Code     8  tcms.o(.text)
    get_tms_comm                             0x08003d39   Thumb Code     6  tcms.o(.text)
    save_pis_data                            0x08003d3f   Thumb Code    26  tcms.o(.text)
    set_tcms_debug                           0x08003d59   Thumb Code     6  tcms.o(.text)
    set_pis_debug                            0x08003d5f   Thumb Code     8  tcms.o(.text)
    Delayus                                  0x08003d79   Thumb Code    14  uart.o(.text)
    gpio_485_enable                          0x08003d87   Thumb Code    30  uart.o(.text)
    gpio_485_disable                         0x08003da5   Thumb Code    30  uart.o(.text)
    gpio_485_en_init                         0x08003dc3   Thumb Code    94  uart.o(.text)
    uart1_config                             0x08003e21   Thumb Code    84  uart.o(.text)
    uart2_config                             0x08003e75   Thumb Code    84  uart.o(.text)
    uart3_config                             0x08003ec9   Thumb Code    84  uart.o(.text)
    uart_config                              0x08003f1d   Thumb Code    30  uart.o(.text)
    uart1_irq_recv_byte                      0x08003f3b   Thumb Code    26  uart.o(.text)
    uart2_irq_recv_byte                      0x08003f55   Thumb Code    26  uart.o(.text)
    uart3_irq_recv_byte                      0x08003f6f   Thumb Code    26  uart.o(.text)
    uart1_irq_send_byte                      0x08003f89   Thumb Code   100  uart.o(.text)
    uart2_irq_send_byte                      0x08003fed   Thumb Code   110  uart.o(.text)
    uart3_irq_send_byte                      0x0800405b   Thumb Code   110  uart.o(.text)
    uart_irq_recv_byte                       0x080040c9   Thumb Code    26  uart.o(.text)
    uart1_recv_len                           0x080040e3   Thumb Code    24  uart.o(.text)
    uart2_recv_len                           0x080040fb   Thumb Code    24  uart.o(.text)
    uart3_recv_len                           0x08004113   Thumb Code    24  uart.o(.text)
    uart_recv_len                            0x0800412b   Thumb Code    24  uart.o(.text)
    uart1_read                               0x08004143   Thumb Code   114  uart.o(.text)
    uart2_read                               0x080041b5   Thumb Code    62  uart.o(.text)
    uart3_read                               0x080041f3   Thumb Code    62  uart.o(.text)
    uart_read                                0x08004231   Thumb Code    44  uart.o(.text)
    uart1_write_char                         0x0800425d   Thumb Code    26  uart.o(.text)
    uart2_write_char                         0x08004277   Thumb Code    26  uart.o(.text)
    uart3_write_char                         0x08004291   Thumb Code    26  uart.o(.text)
    uart1_write                              0x080042ab   Thumb Code    90  uart.o(.text)
    uart2_write                              0x08004305   Thumb Code   114  uart.o(.text)
    uart3_write                              0x08004377   Thumb Code   120  uart.o(.text)
    uart_write                               0x080043ef   Thumb Code    48  uart.o(.text)
    close_uart_irq                           0x0800441f   Thumb Code    72  uart.o(.text)
    open_uart_irq                            0x08004467   Thumb Code    96  uart.o(.text)
    Uart_Update                              0x080044c7   Thumb Code    68  uart.o(.text)
    RS485_UART3_reboot                       0x0800450b   Thumb Code    64  uart.o(.text)
    RS485_UART2_reboot                       0x0800454b   Thumb Code    28  uart.o(.text)
    usb_read_char                            0x08004591   Thumb Code    42  usb.o(.text)
    usb_write_char                           0x080045bb   Thumb Code    32  usb.o(.text)
    usb_write_buf                            0x080045db   Thumb Code   102  usb.o(.text)
    set_tcms_usb_debug                       0x08004641   Thumb Code    20  usb.o(.text)
    set_pisc_usb_debug                       0x08004655   Thumb Code    20  usb.o(.text)
    set_tba_usb_debug                        0x08004669   Thumb Code    20  usb.o(.text)
    tcms_usb_debug                           0x0800467d   Thumb Code    66  usb.o(.text)
    pisc_usb_debug                           0x080046bf   Thumb Code    64  usb.o(.text)
    tba_usb_debug                            0x080046ff   Thumb Code    64  usb.o(.text)
    USB_OTG_BSP_Init                         0x0800474d   Thumb Code   234  usb_bsp.o(.text)
    USB_OTG_BSP_EnableInterrupt              0x08004837   Thumb Code    34  usb_bsp.o(.text)
    USB_OTG_BSP_DisableInterrupt             0x08004859   Thumb Code    32  usb_bsp.o(.text)
    USB_OTG_BSP_uDelay                       0x08004879   Thumb Code    22  usb_bsp.o(.text)
    USB_OTG_BSP_mDelay                       0x0800488f   Thumb Code     8  usb_bsp.o(.text)
    USBD_USR_DeviceDescriptor                0x0800489d   Thumb Code     8  usbd_desc.o(.text)
    USBD_USR_LangIDStrDescriptor             0x080048a5   Thumb Code    10  usbd_desc.o(.text)
    USBD_USR_ProductStrDescriptor            0x080048af   Thumb Code    32  usbd_desc.o(.text)
    USBD_USR_ManufacturerStrDescriptor       0x080048cf   Thumb Code    16  usbd_desc.o(.text)
    USBD_USR_SerialStrDescriptor             0x080048df   Thumb Code    32  usbd_desc.o(.text)
    USBD_USR_ConfigStrDescriptor             0x080048ff   Thumb Code    32  usbd_desc.o(.text)
    USBD_USR_InterfaceStrDescriptor          0x0800491f   Thumb Code    32  usbd_desc.o(.text)
    USBD_USR_Init                            0x080049c1   Thumb Code    82  usbd_usr.o(.text)
    USBD_USR_DeviceReset                     0x08004a13   Thumb Code     2  usbd_usr.o(.text)
    USBD_USR_DeviceConfigured                0x08004a15   Thumb Code     2  usbd_usr.o(.text)
    USBD_USR_DeviceConnected                 0x08004a17   Thumb Code     2  usbd_usr.o(.text)
    USBD_USR_DeviceDisconnected              0x08004a19   Thumb Code     2  usbd_usr.o(.text)
    USBD_USR_DeviceSuspended                 0x08004a1b   Thumb Code     2  usbd_usr.o(.text)
    USBD_USR_DeviceResumed                   0x08004a1d   Thumb Code     2  usbd_usr.o(.text)
    USART_DeInit                             0x08004a29   Thumb Code   168  stm32f2xx_usart.o(.text)
    USART_Init                               0x08004ad1   Thumb Code   180  stm32f2xx_usart.o(.text)
    USART_StructInit                         0x08004b85   Thumb Code    22  stm32f2xx_usart.o(.text)
    USART_ClockInit                          0x08004b9b   Thumb Code    28  stm32f2xx_usart.o(.text)
    USART_ClockStructInit                    0x08004bb7   Thumb Code    12  stm32f2xx_usart.o(.text)
    USART_Cmd                                0x08004bc3   Thumb Code    24  stm32f2xx_usart.o(.text)
    USART_SetPrescaler                       0x08004bdb   Thumb Code    16  stm32f2xx_usart.o(.text)
    USART_OverSampling8Cmd                   0x08004beb   Thumb Code    24  stm32f2xx_usart.o(.text)
    USART_OneBitMethodCmd                    0x08004c03   Thumb Code    24  stm32f2xx_usart.o(.text)
    USART_SendData                           0x08004c1b   Thumb Code     8  stm32f2xx_usart.o(.text)
    USART_ReceiveData                        0x08004c23   Thumb Code     8  stm32f2xx_usart.o(.text)
    USART_SetAddress                         0x08004c2b   Thumb Code    16  stm32f2xx_usart.o(.text)
    USART_ReceiverWakeUpCmd                  0x08004c3b   Thumb Code    24  stm32f2xx_usart.o(.text)
    USART_WakeUpConfig                       0x08004c53   Thumb Code    16  stm32f2xx_usart.o(.text)
    USART_LINBreakDetectLengthConfig         0x08004c63   Thumb Code    16  stm32f2xx_usart.o(.text)
    USART_LINCmd                             0x08004c73   Thumb Code    24  stm32f2xx_usart.o(.text)
    USART_SendBreak                          0x08004c8b   Thumb Code    10  stm32f2xx_usart.o(.text)
    USART_HalfDuplexCmd                      0x08004c95   Thumb Code    24  stm32f2xx_usart.o(.text)
    USART_SetGuardTime                       0x08004cad   Thumb Code    16  stm32f2xx_usart.o(.text)
    USART_SmartCardCmd                       0x08004cbd   Thumb Code    24  stm32f2xx_usart.o(.text)
    USART_SmartCardNACKCmd                   0x08004cd5   Thumb Code    24  stm32f2xx_usart.o(.text)
    USART_IrDAConfig                         0x08004ced   Thumb Code    16  stm32f2xx_usart.o(.text)
    USART_IrDACmd                            0x08004cfd   Thumb Code    24  stm32f2xx_usart.o(.text)
    USART_DMACmd                             0x08004d15   Thumb Code    20  stm32f2xx_usart.o(.text)
    USART_ITConfig                           0x08004d29   Thumb Code    54  stm32f2xx_usart.o(.text)
    USART_GetFlagStatus                      0x08004d5f   Thumb Code    14  stm32f2xx_usart.o(.text)
    USART_ClearFlag                          0x08004d6d   Thumb Code     8  stm32f2xx_usart.o(.text)
    USART_GetITStatus                        0x08004d75   Thumb Code    64  stm32f2xx_usart.o(.text)
    USART_ClearITPendingBit                  0x08004db5   Thumb Code    16  stm32f2xx_usart.o(.text)
    NVIC_PriorityGroupConfig                 0x08004ddd   Thumb Code    10  misc.o(.text)
    NVIC_Init                                0x08004de7   Thumb Code    98  misc.o(.text)
    NVIC_SetVectorTable                      0x08004e49   Thumb Code    14  misc.o(.text)
    NVIC_SystemLPConfig                      0x08004e57   Thumb Code    24  misc.o(.text)
    SysTick_CLKSourceConfig                  0x08004e6f   Thumb Code    28  misc.o(.text)
    DMA_DeInit                               0x08004e99   Thumb Code   278  stm32f2xx_dma.o(.text)
    DMA_Init                                 0x08004faf   Thumb Code    80  stm32f2xx_dma.o(.text)
    DMA_StructInit                           0x08004fff   Thumb Code    34  stm32f2xx_dma.o(.text)
    DMA_Cmd                                  0x08005021   Thumb Code    24  stm32f2xx_dma.o(.text)
    DMA_PeriphIncOffsetSizeConfig            0x08005039   Thumb Code    24  stm32f2xx_dma.o(.text)
    DMA_FlowControllerConfig                 0x08005051   Thumb Code    24  stm32f2xx_dma.o(.text)
    DMA_SetCurrDataCounter                   0x08005069   Thumb Code     4  stm32f2xx_dma.o(.text)
    DMA_GetCurrDataCounter                   0x0800506d   Thumb Code     6  stm32f2xx_dma.o(.text)
    DMA_DoubleBufferModeConfig               0x08005073   Thumb Code    26  stm32f2xx_dma.o(.text)
    DMA_DoubleBufferModeCmd                  0x0800508d   Thumb Code    24  stm32f2xx_dma.o(.text)
    DMA_MemoryTargetConfig                   0x080050a5   Thumb Code    12  stm32f2xx_dma.o(.text)
    DMA_GetCurrentMemoryTarget               0x080050b1   Thumb Code    14  stm32f2xx_dma.o(.text)
    DMA_GetCmdStatus                         0x080050bf   Thumb Code    14  stm32f2xx_dma.o(.text)
    DMA_GetFIFOStatus                        0x080050cd   Thumb Code     8  stm32f2xx_dma.o(.text)
    DMA_GetFlagStatus                        0x080050d5   Thumb Code    42  stm32f2xx_dma.o(.text)
    DMA_ClearFlag                            0x080050ff   Thumb Code    34  stm32f2xx_dma.o(.text)
    DMA_ITConfig                             0x08005121   Thumb Code    50  stm32f2xx_dma.o(.text)
    DMA_GetITStatus                          0x08005153   Thumb Code    70  stm32f2xx_dma.o(.text)
    DMA_ClearITPendingBit                    0x08005199   Thumb Code    34  stm32f2xx_dma.o(.text)
    EXTI_DeInit                              0x080051dd   Thumb Code    28  stm32f2xx_exti.o(.text)
    EXTI_Init                                0x080051f9   Thumb Code   110  stm32f2xx_exti.o(.text)
    EXTI_StructInit                          0x08005267   Thumb Code    14  stm32f2xx_exti.o(.text)
    EXTI_GenerateSWInterrupt                 0x08005275   Thumb Code    12  stm32f2xx_exti.o(.text)
    EXTI_GetFlagStatus                       0x08005281   Thumb Code    18  stm32f2xx_exti.o(.text)
    EXTI_ClearFlag                           0x08005293   Thumb Code     8  stm32f2xx_exti.o(.text)
    EXTI_GetITStatus                         0x0800529b   Thumb Code    28  stm32f2xx_exti.o(.text)
    EXTI_ClearITPendingBit                   0x080052b7   Thumb Code     8  stm32f2xx_exti.o(.text)
    FLASH_SetLatency                         0x080052c9   Thumb Code     6  stm32f2xx_flash.o(.text)
    FLASH_PrefetchBufferCmd                  0x080052cf   Thumb Code    26  stm32f2xx_flash.o(.text)
    FLASH_InstructionCacheCmd                0x080052e9   Thumb Code    26  stm32f2xx_flash.o(.text)
    FLASH_DataCacheCmd                       0x08005303   Thumb Code    26  stm32f2xx_flash.o(.text)
    FLASH_InstructionCacheReset              0x0800531d   Thumb Code    12  stm32f2xx_flash.o(.text)
    FLASH_DataCacheReset                     0x08005329   Thumb Code    12  stm32f2xx_flash.o(.text)
    FLASH_Unlock                             0x08005335   Thumb Code    24  stm32f2xx_flash.o(.text)
    FLASH_Lock                               0x0800534d   Thumb Code    14  stm32f2xx_flash.o(.text)
    FLASH_GetStatus                          0x0800535b   Thumb Code    48  stm32f2xx_flash.o(.text)
    FLASH_WaitForLastOperation               0x0800538b   Thumb Code    34  stm32f2xx_flash.o(.text)
    FLASH_EraseSector                        0x080053ad   Thumb Code   108  stm32f2xx_flash.o(.text)
    FLASH_EraseAllSectors                    0x08005419   Thumb Code    88  stm32f2xx_flash.o(.text)
    FLASH_ProgramDoubleWord                  0x08005471   Thumb Code    62  stm32f2xx_flash.o(.text)
    FLASH_ProgramWord                        0x080054af   Thumb Code    58  stm32f2xx_flash.o(.text)
    FLASH_ProgramHalfWord                    0x080054e9   Thumb Code    58  stm32f2xx_flash.o(.text)
    FLASH_ProgramByte                        0x08005523   Thumb Code    54  stm32f2xx_flash.o(.text)
    FLASH_OB_Unlock                          0x08005559   Thumb Code    24  stm32f2xx_flash.o(.text)
    FLASH_OB_Lock                            0x08005571   Thumb Code    14  stm32f2xx_flash.o(.text)
    FLASH_OB_WRPConfig                       0x0800557f   Thumb Code    36  stm32f2xx_flash.o(.text)
    FLASH_OB_RDPConfig                       0x080055a3   Thumb Code    20  stm32f2xx_flash.o(.text)
    FLASH_OB_UserConfig                      0x080055b7   Thumb Code    36  stm32f2xx_flash.o(.text)
    FLASH_OB_BORConfig                       0x080055db   Thumb Code    20  stm32f2xx_flash.o(.text)
    FLASH_OB_Launch                          0x080055ef   Thumb Code    14  stm32f2xx_flash.o(.text)
    FLASH_OB_GetUser                         0x080055fd   Thumb Code    12  stm32f2xx_flash.o(.text)
    FLASH_OB_GetWRP                          0x08005609   Thumb Code     8  stm32f2xx_flash.o(.text)
    FLASH_OB_GetRDP                          0x08005611   Thumb Code    16  stm32f2xx_flash.o(.text)
    FLASH_OB_GetBOR                          0x08005621   Thumb Code    12  stm32f2xx_flash.o(.text)
    FLASH_ITConfig                           0x0800562d   Thumb Code    24  stm32f2xx_flash.o(.text)
    FLASH_GetFlagStatus                      0x08005645   Thumb Code    18  stm32f2xx_flash.o(.text)
    FLASH_ClearFlag                          0x08005657   Thumb Code     8  stm32f2xx_flash.o(.text)
    GPIO_DeInit                              0x08005675   Thumb Code   240  stm32f2xx_gpio.o(.text)
    GPIO_Init                                0x08005765   Thumb Code   124  stm32f2xx_gpio.o(.text)
    GPIO_StructInit                          0x080057e1   Thumb Code    18  stm32f2xx_gpio.o(.text)
    GPIO_PinLockConfig                       0x080057f3   Thumb Code    26  stm32f2xx_gpio.o(.text)
    GPIO_ReadInputDataBit                    0x0800580d   Thumb Code    14  stm32f2xx_gpio.o(.text)
    GPIO_ReadInputData                       0x0800581b   Thumb Code     6  stm32f2xx_gpio.o(.text)
    GPIO_ReadOutputDataBit                   0x08005821   Thumb Code    14  stm32f2xx_gpio.o(.text)
    GPIO_ReadOutputData                      0x0800582f   Thumb Code     6  stm32f2xx_gpio.o(.text)
    GPIO_SetBits                             0x08005835   Thumb Code     4  stm32f2xx_gpio.o(.text)
    GPIO_ResetBits                           0x08005839   Thumb Code     4  stm32f2xx_gpio.o(.text)
    GPIO_WriteBit                            0x0800583d   Thumb Code    12  stm32f2xx_gpio.o(.text)
    GPIO_Write                               0x08005849   Thumb Code     4  stm32f2xx_gpio.o(.text)
    GPIO_ToggleBits                          0x0800584d   Thumb Code     8  stm32f2xx_gpio.o(.text)
    GPIO_PinAFConfig                         0x08005855   Thumb Code    32  stm32f2xx_gpio.o(.text)
    IWDG_WriteAccessCmd                      0x08005899   Thumb Code     6  stm32f2xx_iwdg.o(.text)
    IWDG_SetPrescaler                        0x0800589f   Thumb Code     6  stm32f2xx_iwdg.o(.text)
    IWDG_SetReload                           0x080058a5   Thumb Code     6  stm32f2xx_iwdg.o(.text)
    IWDG_ReloadCounter                       0x080058ab   Thumb Code    10  stm32f2xx_iwdg.o(.text)
    IWDG_Enable                              0x080058b5   Thumb Code    10  stm32f2xx_iwdg.o(.text)
    IWDG_GetFlagStatus                       0x080058bf   Thumb Code    16  stm32f2xx_iwdg.o(.text)
    RCC_DeInit                               0x080058d5   Thumb Code    48  stm32f2xx_rcc.o(.text)
    RCC_HSEConfig                            0x08005905   Thumb Code    12  stm32f2xx_rcc.o(.text)
    RCC_GetFlagStatus                        0x08005911   Thumb Code    50  stm32f2xx_rcc.o(.text)
    RCC_WaitForHSEStartUp                    0x08005943   Thumb Code    48  stm32f2xx_rcc.o(.text)
    RCC_AdjustHSICalibrationValue            0x08005973   Thumb Code    16  stm32f2xx_rcc.o(.text)
    RCC_HSICmd                               0x08005983   Thumb Code     6  stm32f2xx_rcc.o(.text)
    RCC_LSEConfig                            0x08005989   Thumb Code    30  stm32f2xx_rcc.o(.text)
    RCC_LSICmd                               0x080059a7   Thumb Code     6  stm32f2xx_rcc.o(.text)
    RCC_PLLConfig                            0x080059ad   Thumb Code    34  stm32f2xx_rcc.o(.text)
    RCC_PLLCmd                               0x080059cf   Thumb Code     6  stm32f2xx_rcc.o(.text)
    RCC_PLLI2SConfig                         0x080059d5   Thumb Code    14  stm32f2xx_rcc.o(.text)
    RCC_PLLI2SCmd                            0x080059e3   Thumb Code     6  stm32f2xx_rcc.o(.text)
    RCC_ClockSecuritySystemCmd               0x080059e9   Thumb Code     6  stm32f2xx_rcc.o(.text)
    RCC_MCO1Config                           0x080059ef   Thumb Code    18  stm32f2xx_rcc.o(.text)
    RCC_MCO2Config                           0x08005a01   Thumb Code    18  stm32f2xx_rcc.o(.text)
    RCC_SYSCLKConfig                         0x08005a13   Thumb Code    16  stm32f2xx_rcc.o(.text)
    RCC_GetSYSCLKSource                      0x08005a23   Thumb Code    12  stm32f2xx_rcc.o(.text)
    RCC_HCLKConfig                           0x08005a2f   Thumb Code    16  stm32f2xx_rcc.o(.text)
    RCC_PCLK1Config                          0x08005a3f   Thumb Code    16  stm32f2xx_rcc.o(.text)
    RCC_PCLK2Config                          0x08005a4f   Thumb Code    18  stm32f2xx_rcc.o(.text)
    RCC_GetClocksFreq                        0x08005a61   Thumb Code   150  stm32f2xx_rcc.o(.text)
    RCC_RTCCLKConfig                         0x08005af7   Thumb Code    42  stm32f2xx_rcc.o(.text)
    RCC_RTCCLKCmd                            0x08005b21   Thumb Code     8  stm32f2xx_rcc.o(.text)
    RCC_BackupResetCmd                       0x08005b29   Thumb Code     8  stm32f2xx_rcc.o(.text)
    RCC_I2SCLKConfig                         0x08005b31   Thumb Code     6  stm32f2xx_rcc.o(.text)
    RCC_AHB1PeriphClockCmd                   0x08005b37   Thumb Code    24  stm32f2xx_rcc.o(.text)
    RCC_AHB2PeriphClockCmd                   0x08005b4f   Thumb Code    24  stm32f2xx_rcc.o(.text)
    RCC_AHB3PeriphClockCmd                   0x08005b67   Thumb Code    24  stm32f2xx_rcc.o(.text)
    RCC_APB1PeriphClockCmd                   0x08005b7f   Thumb Code    24  stm32f2xx_rcc.o(.text)
    RCC_APB2PeriphClockCmd                   0x08005b97   Thumb Code    24  stm32f2xx_rcc.o(.text)
    RCC_AHB1PeriphResetCmd                   0x08005baf   Thumb Code    24  stm32f2xx_rcc.o(.text)
    RCC_AHB2PeriphResetCmd                   0x08005bc7   Thumb Code    24  stm32f2xx_rcc.o(.text)
    RCC_AHB3PeriphResetCmd                   0x08005bdf   Thumb Code    24  stm32f2xx_rcc.o(.text)
    RCC_APB1PeriphResetCmd                   0x08005bf7   Thumb Code    24  stm32f2xx_rcc.o(.text)
    RCC_APB2PeriphResetCmd                   0x08005c0f   Thumb Code    24  stm32f2xx_rcc.o(.text)
    RCC_AHB1PeriphClockLPModeCmd             0x08005c27   Thumb Code    24  stm32f2xx_rcc.o(.text)
    RCC_AHB2PeriphClockLPModeCmd             0x08005c3f   Thumb Code    24  stm32f2xx_rcc.o(.text)
    RCC_AHB3PeriphClockLPModeCmd             0x08005c57   Thumb Code    24  stm32f2xx_rcc.o(.text)
    RCC_APB1PeriphClockLPModeCmd             0x08005c6f   Thumb Code    24  stm32f2xx_rcc.o(.text)
    RCC_APB2PeriphClockLPModeCmd             0x08005c87   Thumb Code    24  stm32f2xx_rcc.o(.text)
    RCC_ITConfig                             0x08005c9f   Thumb Code    66  stm32f2xx_rcc.o(.text)
    RCC_ClearFlag                            0x08005ce1   Thumb Code    12  stm32f2xx_rcc.o(.text)
    RCC_GetITStatus                          0x08005ced   Thumb Code    18  stm32f2xx_rcc.o(.text)
    RCC_ClearITPendingBit                    0x08005cff   Thumb Code     8  stm32f2xx_rcc.o(.text)
    SDIO_DeInit                              0x08005d0d   Thumb Code    24  stm32f2xx_sdio.o(.text)
    SDIO_Init                                0x08005d25   Thumb Code    40  stm32f2xx_sdio.o(.text)
    SDIO_StructInit                          0x08005d4d   Thumb Code    16  stm32f2xx_sdio.o(.text)
    SDIO_ClockCmd                            0x08005d5d   Thumb Code     6  stm32f2xx_sdio.o(.text)
    SDIO_SetPowerState                       0x08005d63   Thumb Code    20  stm32f2xx_sdio.o(.text)
    SDIO_GetPowerState                       0x08005d77   Thumb Code    12  stm32f2xx_sdio.o(.text)
    SDIO_ITConfig                            0x08005d83   Thumb Code    24  stm32f2xx_sdio.o(.text)
    SDIO_DMACmd                              0x08005d9b   Thumb Code     6  stm32f2xx_sdio.o(.text)
    SDIO_SendCommand                         0x08005da1   Thumb Code    38  stm32f2xx_sdio.o(.text)
    SDIO_CmdStructInit                       0x08005dc7   Thumb Code    14  stm32f2xx_sdio.o(.text)
    SDIO_GetCommandResponse                  0x08005dd5   Thumb Code    10  stm32f2xx_sdio.o(.text)
    SDIO_GetResponse                         0x08005ddf   Thumb Code    16  stm32f2xx_sdio.o(.text)
    SDIO_DataConfig                          0x08005def   Thumb Code    44  stm32f2xx_sdio.o(.text)
    SDIO_DataStructInit                      0x08005e1b   Thumb Code    20  stm32f2xx_sdio.o(.text)
    SDIO_GetDataCounter                      0x08005e2f   Thumb Code     8  stm32f2xx_sdio.o(.text)
    SDIO_ReadData                            0x08005e37   Thumb Code     8  stm32f2xx_sdio.o(.text)
    SDIO_WriteData                           0x08005e3f   Thumb Code     8  stm32f2xx_sdio.o(.text)
    SDIO_GetFIFOCount                        0x08005e47   Thumb Code     8  stm32f2xx_sdio.o(.text)
    SDIO_StartSDIOReadWait                   0x08005e4f   Thumb Code     8  stm32f2xx_sdio.o(.text)
    SDIO_StopSDIOReadWait                    0x08005e57   Thumb Code     8  stm32f2xx_sdio.o(.text)
    SDIO_SetSDIOReadWaitMode                 0x08005e5f   Thumb Code     8  stm32f2xx_sdio.o(.text)
    SDIO_SetSDIOOperation                    0x08005e67   Thumb Code     8  stm32f2xx_sdio.o(.text)
    SDIO_SendSDIOSuspendCmd                  0x08005e6f   Thumb Code     6  stm32f2xx_sdio.o(.text)
    SDIO_CommandCompletionCmd                0x08005e75   Thumb Code     8  stm32f2xx_sdio.o(.text)
    SDIO_CEATAITCmd                          0x08005e7d   Thumb Code    12  stm32f2xx_sdio.o(.text)
    SDIO_SendCEATACmd                        0x08005e89   Thumb Code     8  stm32f2xx_sdio.o(.text)
    SDIO_GetFlagStatus                       0x08005e91   Thumb Code    18  stm32f2xx_sdio.o(.text)
    SDIO_ClearFlag                           0x08005ea3   Thumb Code     8  stm32f2xx_sdio.o(.text)
    SDIO_GetITStatus                         0x08005eab   Thumb Code    18  stm32f2xx_sdio.o(.text)
    SDIO_ClearITPendingBit                   0x08005ebd   Thumb Code     8  stm32f2xx_sdio.o(.text)
    SYSCFG_DeInit                            0x08005ed5   Thumb Code    24  stm32f2xx_syscfg.o(.text)
    SYSCFG_MemoryRemapConfig                 0x08005eed   Thumb Code     6  stm32f2xx_syscfg.o(.text)
    SYSCFG_EXTILineConfig                    0x08005ef3   Thumb Code    38  stm32f2xx_syscfg.o(.text)
    SYSCFG_ETH_MediaInterfaceConfig          0x08005f19   Thumb Code     6  stm32f2xx_syscfg.o(.text)
    SYSCFG_CompensationCellCmd               0x08005f1f   Thumb Code     6  stm32f2xx_syscfg.o(.text)
    SYSCFG_GetCompensationCellStatus         0x08005f25   Thumb Code    16  stm32f2xx_syscfg.o(.text)
    I2C_DeInit                               0x08005f45   Thumb Code    88  stm32f2xx_i2c.o(.text)
    I2C_Init                                 0x08005f9d   Thumb Code   178  stm32f2xx_i2c.o(.text)
    I2C_StructInit                           0x0800604f   Thumb Code    28  stm32f2xx_i2c.o(.text)
    I2C_Cmd                                  0x0800606b   Thumb Code    24  stm32f2xx_i2c.o(.text)
    I2C_GenerateSTART                        0x08006083   Thumb Code    24  stm32f2xx_i2c.o(.text)
    I2C_GenerateSTOP                         0x0800609b   Thumb Code    24  stm32f2xx_i2c.o(.text)
    I2C_Send7bitAddress                      0x080060b3   Thumb Code    18  stm32f2xx_i2c.o(.text)
    I2C_AcknowledgeConfig                    0x080060c5   Thumb Code    24  stm32f2xx_i2c.o(.text)
    I2C_OwnAddress2Config                    0x080060dd   Thumb Code    16  stm32f2xx_i2c.o(.text)
    I2C_DualAddressCmd                       0x080060ed   Thumb Code    24  stm32f2xx_i2c.o(.text)
    I2C_GeneralCallCmd                       0x08006105   Thumb Code    24  stm32f2xx_i2c.o(.text)
    I2C_SoftwareResetCmd                     0x0800611d   Thumb Code    24  stm32f2xx_i2c.o(.text)
    I2C_StretchClockCmd                      0x08006135   Thumb Code    24  stm32f2xx_i2c.o(.text)
    I2C_FastModeDutyCycleConfig              0x0800614d   Thumb Code    26  stm32f2xx_i2c.o(.text)
    I2C_NACKPositionConfig                   0x08006167   Thumb Code    26  stm32f2xx_i2c.o(.text)
    I2C_SMBusAlertConfig                     0x08006181   Thumb Code    26  stm32f2xx_i2c.o(.text)
    I2C_ARPCmd                               0x0800619b   Thumb Code    24  stm32f2xx_i2c.o(.text)
    I2C_SendData                             0x080061b3   Thumb Code     4  stm32f2xx_i2c.o(.text)
    I2C_ReceiveData                          0x080061b7   Thumb Code     6  stm32f2xx_i2c.o(.text)
    I2C_TransmitPEC                          0x080061bd   Thumb Code    24  stm32f2xx_i2c.o(.text)
    I2C_PECPositionConfig                    0x080061d5   Thumb Code    26  stm32f2xx_i2c.o(.text)
    I2C_CalculatePEC                         0x080061ef   Thumb Code    24  stm32f2xx_i2c.o(.text)
    I2C_GetPEC                               0x08006207   Thumb Code     6  stm32f2xx_i2c.o(.text)
    I2C_DMACmd                               0x0800620d   Thumb Code    24  stm32f2xx_i2c.o(.text)
    I2C_DMALastTransferCmd                   0x08006225   Thumb Code    24  stm32f2xx_i2c.o(.text)
    I2C_ReadRegister                         0x0800623d   Thumb Code    16  stm32f2xx_i2c.o(.text)
    I2C_ITConfig                             0x0800624d   Thumb Code    20  stm32f2xx_i2c.o(.text)
    I2C_CheckEvent                           0x08006261   Thumb Code    24  stm32f2xx_i2c.o(.text)
    I2C_GetLastEvent                         0x08006279   Thumb Code    14  stm32f2xx_i2c.o(.text)
    I2C_GetFlagStatus                        0x08006287   Thumb Code    50  stm32f2xx_i2c.o(.text)
    I2C_ClearFlag                            0x080062b9   Thumb Code     6  stm32f2xx_i2c.o(.text)
    I2C_GetITStatus                          0x080062bf   Thumb Code    34  stm32f2xx_i2c.o(.text)
    I2C_ClearITPendingBit                    0x080062e1   Thumb Code     6  stm32f2xx_i2c.o(.text)
    RTC_WriteProtectionCmd                   0x080062fd   Thumb Code    22  stm32f2xx_rtc.o(.text)
    RTC_WaitForSynchro                       0x08006313   Thumb Code    54  stm32f2xx_rtc.o(.text)
    RTC_EnterInitMode                        0x08006349   Thumb Code    62  stm32f2xx_rtc.o(.text)
    RTC_DeInit                               0x08006387   Thumb Code   144  stm32f2xx_rtc.o(.text)
    RTC_ExitInitMode                         0x08006417   Thumb Code    14  stm32f2xx_rtc.o(.text)
    RTC_Init                                 0x08006425   Thumb Code    68  stm32f2xx_rtc.o(.text)
    RTC_StructInit                           0x08006469   Thumb Code    14  stm32f2xx_rtc.o(.text)
    RTC_ITConfig                             0x08006477   Thumb Code    64  stm32f2xx_rtc.o(.text)
    RTC_RefClockCmd                          0x080064b7   Thumb Code    58  stm32f2xx_rtc.o(.text)
    RTC_SetTime                              0x0800651b   Thumb Code   144  stm32f2xx_rtc.o(.text)
    RTC_SetDate                              0x080065ab   Thumb Code   140  stm32f2xx_rtc.o(.text)
    RTC_GetTime                              0x08006637   Thumb Code    70  stm32f2xx_rtc.o(.text)
    RTC_GetDate                              0x0800667d   Thumb Code    70  stm32f2xx_rtc.o(.text)
    RTC_SetAlarm                             0x080066c3   Thumb Code   200  stm32f2xx_rtc.o(.text)
    RTC_GetAlarm                             0x0800678b   Thumb Code   104  stm32f2xx_rtc.o(.text)
    RTC_AlarmCmd                             0x080067f3   Thumb Code    86  stm32f2xx_rtc.o(.text)
    RTC_WakeUpClockConfig                    0x08006849   Thumb Code    36  stm32f2xx_rtc.o(.text)
    RTC_SetWakeUpCounter                     0x0800686d   Thumb Code    24  stm32f2xx_rtc.o(.text)
    RTC_GetWakeUpCounter                     0x08006885   Thumb Code    10  stm32f2xx_rtc.o(.text)
    RTC_WakeUpCmd                            0x0800688f   Thumb Code    88  stm32f2xx_rtc.o(.text)
    RTC_DayLightSavingConfig                 0x080068e7   Thumb Code    40  stm32f2xx_rtc.o(.text)
    RTC_GetStoreOperation                    0x0800690f   Thumb Code    12  stm32f2xx_rtc.o(.text)
    RTC_OutputConfig                         0x0800691b   Thumb Code    40  stm32f2xx_rtc.o(.text)
    RTC_DigitalCalibConfig                   0x08006943   Thumb Code    44  stm32f2xx_rtc.o(.text)
    RTC_DigitalCalibCmd                      0x0800696f   Thumb Code    58  stm32f2xx_rtc.o(.text)
    RTC_CalibOutputCmd                       0x080069a9   Thumb Code    42  stm32f2xx_rtc.o(.text)
    RTC_TimeStampCmd                         0x080069d3   Thumb Code    44  stm32f2xx_rtc.o(.text)
    RTC_GetTimeStamp                         0x080069ff   Thumb Code   130  stm32f2xx_rtc.o(.text)
    RTC_TamperConfig                         0x08006a81   Thumb Code     2  stm32f2xx_rtc.o(.text)
    RTC_TamperCmd                            0x08006a83   Thumb Code     2  stm32f2xx_rtc.o(.text)
    RTC_WriteBackupRegister                  0x08006a85   Thumb Code    18  stm32f2xx_rtc.o(.text)
    RTC_ReadBackupRegister                   0x08006a97   Thumb Code    18  stm32f2xx_rtc.o(.text)
    RTC_TamperPinSelection                   0x08006aa9   Thumb Code    20  stm32f2xx_rtc.o(.text)
    RTC_TimeStampPinSelection                0x08006abd   Thumb Code    20  stm32f2xx_rtc.o(.text)
    RTC_OutputTypeConfig                     0x08006ad1   Thumb Code    20  stm32f2xx_rtc.o(.text)
    RTC_GetFlagStatus                        0x08006ae5   Thumb Code    24  stm32f2xx_rtc.o(.text)
    RTC_ClearFlag                            0x08006afd   Thumb Code    14  stm32f2xx_rtc.o(.text)
    RTC_GetITStatus                          0x08006b0b   Thumb Code    60  stm32f2xx_rtc.o(.text)
    RTC_ClearITPendingBit                    0x08006b47   Thumb Code    26  stm32f2xx_rtc.o(.text)
    PWR_DeInit                               0x08006b61   Thumb Code    24  stm32f2xx_pwr.o(.text)
    PWR_BackupAccessCmd                      0x08006b79   Thumb Code     6  stm32f2xx_pwr.o(.text)
    PWR_PVDLevelConfig                       0x08006b7f   Thumb Code    14  stm32f2xx_pwr.o(.text)
    PWR_PVDCmd                               0x08006b8d   Thumb Code     6  stm32f2xx_pwr.o(.text)
    PWR_WakeUpPinCmd                         0x08006b93   Thumb Code     8  stm32f2xx_pwr.o(.text)
    PWR_BackupRegulatorCmd                   0x08006b9b   Thumb Code     8  stm32f2xx_pwr.o(.text)
    PWR_FlashPowerDownCmd                    0x08006ba3   Thumb Code     6  stm32f2xx_pwr.o(.text)
    PWR_EnterSTOPMode                        0x08006ba9   Thumb Code    42  stm32f2xx_pwr.o(.text)
    PWR_EnterSTANDBYMode                     0x08006bd3   Thumb Code    32  stm32f2xx_pwr.o(.text)
    PWR_GetFlagStatus                        0x08006bf3   Thumb Code    16  stm32f2xx_pwr.o(.text)
    PWR_ClearFlag                            0x08006c03   Thumb Code    12  stm32f2xx_pwr.o(.text)
    clust2sect                               0x08006dad   Thumb Code    24  ff.o(.text)
    get_fat                                  0x08006dc5   Thumb Code   196  ff.o(.text)
    put_fat                                  0x08006e89   Thumb Code   246  ff.o(.text)
    f_mount                                  0x080078fd   Thumb Code    28  ff.o(.text)
    f_open                                   0x08007919   Thumb Code   360  ff.o(.text)
    f_read                                   0x08007a81   Thumb Code   374  ff.o(.text)
    f_write                                  0x08007bf7   Thumb Code   440  ff.o(.text)
    f_sync                                   0x08007daf   Thumb Code   162  ff.o(.text)
    f_close                                  0x08007e51   Thumb Code    20  ff.o(.text)
    f_chdrive                                0x08007e65   Thumb Code    16  ff.o(.text)
    f_chdir                                  0x08007e75   Thumb Code    98  ff.o(.text)
    f_getcwd                                 0x08007ed7   Thumb Code   308  ff.o(.text)
    f_lseek                                  0x0800800b   Thumb Code   370  ff.o(.text)
    f_opendir                                0x0800817d   Thumb Code    96  ff.o(.text)
    f_readdir                                0x080081dd   Thumb Code    82  ff.o(.text)
    f_stat                                   0x0800822f   Thumb Code    62  ff.o(.text)
    f_getfree                                0x0800826d   Thumb Code   226  ff.o(.text)
    f_truncate                               0x0800834f   Thumb Code   146  ff.o(.text)
    f_unlink                                 0x080083e1   Thumb Code   184  ff.o(.text)
    f_mkdir                                  0x08008499   Thumb Code   392  ff.o(.text)
    f_chmod                                  0x08008621   Thumb Code    86  ff.o(.text)
    f_utime                                  0x08008677   Thumb Code    92  ff.o(.text)
    f_rename                                 0x080086d3   Thumb Code   296  ff.o(.text)
    disk_initialize                          0x080087fb   Thumb Code    14  diskio.o(.text)
    disk_status                              0x08008809   Thumb Code    12  diskio.o(.text)
    disk_read                                0x08008815   Thumb Code    26  diskio.o(.text)
    disk_write                               0x0800882f   Thumb Code    26  diskio.o(.text)
    get_fattime                              0x08008849   Thumb Code    64  diskio.o(.text)
    disk_ioctl                               0x08008889   Thumb Code    36  diskio.o(.text)
    USBD_DeInit                              0x080088ad   Thumb Code     4  usbd_core.o(.text)
    USBD_Init                                0x080088b1   Thumb Code    64  usbd_core.o(.text)
    USBD_SetCfg                              0x08008ab9   Thumb Code    26  usbd_core.o(.text)
    USBD_ClrCfg                              0x08008ad3   Thumb Code    14  usbd_core.o(.text)
    USBD_CtlSendData                         0x08008afd   Thumb Code    32  usbd_ioreq.o(.text)
    USBD_CtlContinueSendData                 0x08008b1d   Thumb Code    18  usbd_ioreq.o(.text)
    USBD_CtlPrepareRx                        0x08008b2f   Thumb Code    32  usbd_ioreq.o(.text)
    USBD_CtlContinueRx                       0x08008b4f   Thumb Code    18  usbd_ioreq.o(.text)
    USBD_CtlSendStatus                       0x08008b61   Thumb Code    34  usbd_ioreq.o(.text)
    USBD_CtlReceiveStatus                    0x08008b83   Thumb Code    34  usbd_ioreq.o(.text)
    USBD_GetRxCount                          0x08008ba5   Thumb Code    16  usbd_ioreq.o(.text)
    USBD_CtlError                            0x08008bb5   Thumb Code    52  usbd_req.o(.text)
    USBD_StdDevReq                           0x08008ef9   Thumb Code    74  usbd_req.o(.text)
    USBD_StdItfReq                           0x08008f43   Thumb Code    70  usbd_req.o(.text)
    USBD_StdEPReq                            0x08008f89   Thumb Code   286  usbd_req.o(.text)
    USBD_ParseSetupRequest                   0x080090a7   Thumb Code    68  usbd_req.o(.text)
    USBD_GetString                           0x080090ff   Thumb Code    60  usbd_req.o(.text)
    USBD_OTG_ISR_Handler                     0x080095fd   Thumb Code   172  usb_dcd_int.o(.text)
    USB_OTG_WritePacket                      0x08009717   Thumb Code    40  usb_core.o(.text)
    USB_OTG_ReadPacket                       0x0800973f   Thumb Code    32  usb_core.o(.text)
    USB_OTG_SelectCore                       0x0800975f   Thumb Code   192  usb_core.o(.text)
    USB_OTG_CoreInit                         0x0800981f   Thumb Code   286  usb_core.o(.text)
    USB_OTG_EnableGlobalInt                  0x0800993d   Thumb Code    16  usb_core.o(.text)
    USB_OTG_DisableGlobalInt                 0x0800994d   Thumb Code    16  usb_core.o(.text)
    USB_OTG_FlushTxFifo                      0x0800995d   Thumb Code    62  usb_core.o(.text)
    USB_OTG_FlushRxFifo                      0x0800999b   Thumb Code    54  usb_core.o(.text)
    USB_OTG_SetCurrentMode                   0x080099d1   Thumb Code    54  usb_core.o(.text)
    USB_OTG_GetMode                          0x08009a07   Thumb Code    10  usb_core.o(.text)
    USB_OTG_IsDeviceMode                     0x08009a11   Thumb Code    18  usb_core.o(.text)
    USB_OTG_IsHostMode                       0x08009a23   Thumb Code    14  usb_core.o(.text)
    USB_OTG_ReadCoreItr                      0x08009a31   Thumb Code    10  usb_core.o(.text)
    USB_OTG_ReadOtgItr                       0x08009a3b   Thumb Code     6  usb_core.o(.text)
    USB_OTG_InitDevSpeed                     0x08009a41   Thumb Code    12  usb_core.o(.text)
    USB_OTG_EnableDevInt                     0x08009a4d   Thumb Code    96  usb_core.o(.text)
    USB_OTG_CoreInitDev                      0x08009aad   Thumb Code   324  usb_core.o(.text)
    USB_OTG_GetDeviceSpeed                   0x08009bf1   Thumb Code    44  usb_core.o(.text)
    USB_OTG_EP0Activate                      0x08009c1d   Thumb Code    74  usb_core.o(.text)
    USB_OTG_EPActivate                       0x08009c67   Thumb Code    92  usb_core.o(.text)
    USB_OTG_EPDeactivate                     0x08009cc3   Thumb Code    54  usb_core.o(.text)
    USB_OTG_EPStartXfer                      0x08009cf9   Thumb Code   348  usb_core.o(.text)
    USB_OTG_EP0StartXfer                     0x08009e55   Thumb Code   266  usb_core.o(.text)
    USB_OTG_EPSetStall                       0x08009f5f   Thumb Code    64  usb_core.o(.text)
    USB_OTG_EPClearStall                     0x08009f9f   Thumb Code    60  usb_core.o(.text)
    USB_OTG_ReadDevAllOutEp_itr              0x08009fdb   Thumb Code    12  usb_core.o(.text)
    USB_OTG_ReadDevOutEP_itr                 0x08009fe7   Thumb Code    16  usb_core.o(.text)
    USB_OTG_ReadDevAllInEPItr                0x08009ff7   Thumb Code    12  usb_core.o(.text)
    USB_OTG_EP0_OutStart                     0x0800a003   Thumb Code    52  usb_core.o(.text)
    USB_OTG_ActiveRemoteWakeup               0x0800a037   Thumb Code    78  usb_core.o(.text)
    USB_OTG_UngateClock                      0x0800a085   Thumb Code    40  usb_core.o(.text)
    USB_OTG_StopDevice                       0x0800a0ad   Thumb Code    72  usb_core.o(.text)
    USB_OTG_GetEPStatus                      0x0800a0f5   Thumb Code    76  usb_core.o(.text)
    USB_OTG_SetEPStatus                      0x0800a141   Thumb Code   172  usb_core.o(.text)
    DCD_Init                                 0x0800a1f1   Thumb Code   136  usb_dcd.o(.text)
    DCD_EP_Open                              0x0800a279   Thumb Code    60  usb_dcd.o(.text)
    DCD_EP_Close                             0x0800a2b5   Thumb Code    44  usb_dcd.o(.text)
    DCD_EP_PrepareRx                         0x0800a2e1   Thumb Code    56  usb_dcd.o(.text)
    DCD_EP_Tx                                0x0800a319   Thumb Code    52  usb_dcd.o(.text)
    DCD_EP_Stall                             0x0800a34d   Thumb Code    56  usb_dcd.o(.text)
    DCD_EP_ClrStall                          0x0800a385   Thumb Code    56  usb_dcd.o(.text)
    DCD_EP_Flush                             0x0800a3bd   Thumb Code    24  usb_dcd.o(.text)
    DCD_EP_SetAddress                        0x0800a3d5   Thumb Code    16  usb_dcd.o(.text)
    DCD_DevConnect                           0x0800a3e5   Thumb Code    16  usb_dcd.o(.text)
    DCD_DevDisconnect                        0x0800a3f5   Thumb Code    16  usb_dcd.o(.text)
    DCD_GetEPStatus                          0x0800a405   Thumb Code    38  usb_dcd.o(.text)
    DCD_SetEPStatus                          0x0800a42b   Thumb Code    38  usb_dcd.o(.text)
    USBD_HID_SendReport                      0x0800a533   Thumb Code    24  usbd_hid_core.o(.text)
    USBD_HID_SendBuf                         0x0800a5bf   Thumb Code    24  usbd_hid_core.o(.text)
    SD_DeInit                                0x0800a5e9   Thumb Code     4  stm32_eval_sdio_sd.o(.text)
    SD_SetDeviceMode                         0x0800a5ed   Thumb Code    26  stm32_eval_sdio_sd.o(.text)
    SD_EnableWideBusOperation                0x0800a93d   Thumb Code   144  stm32_eval_sdio_sd.o(.text)
    SD_SelectDeselect                        0x0800a9cd   Thumb Code    60  stm32_eval_sdio_sd.o(.text)
    SD_GetCardInfo                           0x0800aa09   Thumb Code   574  stm32_eval_sdio_sd.o(.text)
    SD_InitializeCards                       0x0800acff   Thumb Code   292  stm32_eval_sdio_sd.o(.text)
    SD_PowerON                               0x0800aeb9   Thumb Code   360  stm32_eval_sdio_sd.o(.text)
    SD_Init                                  0x0800b021   Thumb Code   104  stm32_eval_sdio_sd.o(.text)
    SD_SendStatus                            0x0800b089   Thumb Code    74  stm32_eval_sdio_sd.o(.text)
    SD_Detect                                0x0800b0d3   Thumb Code    26  stm32_eval_sdio_sd.o(.text)
    SD_GetState                              0x0800b0ed   Thumb Code    40  stm32_eval_sdio_sd.o(.text)
    SD_GetStatus                             0x0800b115   Thumb Code    26  stm32_eval_sdio_sd.o(.text)
    SD_PowerOFF                              0x0800b12f   Thumb Code    14  stm32_eval_sdio_sd.o(.text)
    SD_ReadBlock                             0x0800b14f   Thumb Code   558  stm32_eval_sdio_sd.o(.text)
    SD_ReadMultiBlocks                       0x0800b37d   Thumb Code   664  stm32_eval_sdio_sd.o(.text)
    SD_WriteBlock                            0x0800b76d   Thumb Code   744  stm32_eval_sdio_sd.o(.text)
    SD_WriteMultiBlocks                      0x0800ba55   Thumb Code   888  stm32_eval_sdio_sd.o(.text)
    SD_GetTransferState                      0x0800bdcd   Thumb Code    18  stm32_eval_sdio_sd.o(.text)
    SD_StopTransfer                          0x0800bddf   Thumb Code    38  stm32_eval_sdio_sd.o(.text)
    SD_Erase                                 0x0800be05   Thumb Code   264  stm32_eval_sdio_sd.o(.text)
    SD_SendSDStatus                          0x0800bf0d   Thumb Code   358  stm32_eval_sdio_sd.o(.text)
    SD_ProcessIRQSrc                         0x0800c073   Thumb Code   416  stm32_eval_sdio_sd.o(.text)
    uart_init                                0x0800c225   Thumb Code   168  stm32_eval.o(.text)
    STM_EVAL_LEDInit                         0x0800c2cd   Thumb Code    66  stm32_eval.o(.text)
    STM_EVAL_LEDOn                           0x0800c30f   Thumb Code    20  stm32_eval.o(.text)
    STM_EVAL_LEDOff                          0x0800c323   Thumb Code    20  stm32_eval.o(.text)
    STM_EVAL_LEDToggle                       0x0800c337   Thumb Code    24  stm32_eval.o(.text)
    STM_EVAL_PBInit                          0x0800c34f   Thumb Code   158  stm32_eval.o(.text)
    STM_EVAL_PBGetState                      0x0800c3ed   Thumb Code    20  stm32_eval.o(.text)
    STM_EVAL_COMInit                         0x0800c401   Thumb Code   178  stm32_eval.o(.text)
    SD_LowLevel_DeInit                       0x0800c4b3   Thumb Code   142  stm32_eval.o(.text)
    SD_LowLevel_Init                         0x0800c541   Thumb Code   180  stm32_eval.o(.text)
    SD_LowLevel_DMA_TxConfig                 0x0800c5f5   Thumb Code   148  stm32_eval.o(.text)
    SD_LowLevel_DMA_RxConfig                 0x0800c689   Thumb Code   114  stm32_eval.o(.text)
    SD_DMAEndOfTransferStatus                0x0800c6fb   Thumb Code    10  stm32_eval.o(.text)
    sEE_LowLevel_DeInit                      0x0800c705   Thumb Code   132  stm32_eval.o(.text)
    sEE_LowLevel_Init                        0x0800c789   Thumb Code   296  stm32_eval.o(.text)
    sEE_LowLevel_DMAConfig                   0x0800c8b1   Thumb Code    40  stm32_eval.o(.text)
    mem_init                                 0x0800c94b   Thumb Code    44  mem.o(.text)
    mem_free                                 0x0800c977   Thumb Code    36  mem.o(.text)
    mem_realloc                              0x0800c99b   Thumb Code   198  mem.o(.text)
    mem_malloc                               0x0800ca61   Thumb Code   180  mem.o(.text)
    mem_calloc                               0x0800cb15   Thumb Code    28  mem.o(.text)
    memp_init                                0x0800cb39   Thumb Code    78  memp.o(.text)
    memp_malloc                              0x0800cb87   Thumb Code    30  memp.o(.text)
    memp_free                                0x0800cba5   Thumb Code    20  memp.o(.text)
    __2snprintf                              0x0800cbc1   Thumb Code    48  noretval__2snprintf.o(.text)
    __printf                                 0x0800cbf5   Thumb Code   104  __printf.o(.text)
    _printf_int_dec                          0x0800cc5d   Thumb Code   100  _printf_dec.o(.text)
    memcmp                                   0x0800ccd1   Thumb Code    88  memcmp.o(.text)
    strcpy                                   0x0800cd29   Thumb Code    72  strcpy.o(.text)
    strlen                                   0x0800cd71   Thumb Code    62  strlen.o(.text)
    strcat                                   0x0800cdaf   Thumb Code    24  strcat.o(.text)
    __aeabi_memcpy                           0x0800cdc7   Thumb Code     0  rt_memcpy_v6.o(.text)
    __rt_memcpy                              0x0800cdc7   Thumb Code   138  rt_memcpy_v6.o(.text)
    _memcpy_lastbytes                        0x0800ce2d   Thumb Code     0  rt_memcpy_v6.o(.text)
    __aeabi_memcpy4                          0x0800ce51   Thumb Code     0  rt_memcpy_w.o(.text)
    __aeabi_memcpy8                          0x0800ce51   Thumb Code     0  rt_memcpy_w.o(.text)
    __rt_memcpy_w                            0x0800ce51   Thumb Code   100  rt_memcpy_w.o(.text)
    _memcpy_lastbytes_aligned                0x0800ce99   Thumb Code     0  rt_memcpy_w.o(.text)
    __aeabi_memclr                           0x0800ceb5   Thumb Code     0  rt_memclr.o(.text)
    __rt_memclr                              0x0800ceb5   Thumb Code    68  rt_memclr.o(.text)
    _memset                                  0x0800ceb9   Thumb Code     0  rt_memclr.o(.text)
    __aeabi_memclr4                          0x0800cef9   Thumb Code     0  rt_memclr_w.o(.text)
    __aeabi_memclr8                          0x0800cef9   Thumb Code     0  rt_memclr_w.o(.text)
    __rt_memclr_w                            0x0800cef9   Thumb Code    78  rt_memclr_w.o(.text)
    _memset_w                                0x0800cefd   Thumb Code     0  rt_memclr_w.o(.text)
    strncpy                                  0x0800cf47   Thumb Code    86  strncpy.o(.text)
    strcmp                                   0x0800cf9d   Thumb Code   128  strcmpv7m.o(.text)
    localtime                                0x0800d01d   Thumb Code     6  localtime.o(.text)
    __use_two_region_memory                  0x0800d029   Thumb Code     2  heapauxi.o(.text)
    __rt_heap_escrow$2region                 0x0800d02b   Thumb Code     2  heapauxi.o(.text)
    __rt_heap_expand$2region                 0x0800d02d   Thumb Code     2  heapauxi.o(.text)
    _printf_int_common                       0x0800d02f   Thumb Code   178  _printf_intcommon.o(.text)
    _printf_char_common                      0x0800d0eb   Thumb Code    32  _printf_char_common.o(.text)
    _sputc                                   0x0800d111   Thumb Code    10  _sputc.o(.text)
    _snputc                                  0x0800d11b   Thumb Code    16  _snputc.o(.text)
    _localtime_r                             0x0800d12d   Thumb Code   158  localtime_internal.o(.text)
    _n$localtime_r                           0x0800d12d   Thumb Code     0  localtime_internal.o(.text)
    __user_setup_stackheap                   0x0800d1d1   Thumb Code    74  sys_stackheap_outer.o(.text)
    exit                                     0x0800d21b   Thumb Code    12  exit.o(.text)
    __user_libspace                          0x0800d229   Thumb Code     8  libspace.o(.text)
    __user_perproc_libspace                  0x0800d229   Thumb Code     0  libspace.o(.text)
    __user_perthread_libspace                0x0800d229   Thumb Code     0  libspace.o(.text)
    _sys_exit                                0x0800d231   Thumb Code     8  sys_exit.o(.text)
    __I$use$semihosting                      0x0800d23d   Thumb Code     0  use_no_semi.o(.text)
    __use_no_semihosting_swi                 0x0800d23d   Thumb Code     2  use_no_semi.o(.text)
    __semihosting_library_function           0x0800d23f   Thumb Code     0  indicate_semi.o(.text)
    BUTTON_PORT_SOURCE                       0x0800d36c   Data           3  stm32_eval.o(.constdata)
    BUTTON_PIN_SOURCE                        0x0800d36f   Data           3  stm32_eval.o(.constdata)
    BUTTON_IRQn                              0x0800d372   Data           3  stm32_eval.o(.constdata)
    COM_TX_PIN_SOURCE                        0x0800d375   Data           4  stm32_eval.o(.constdata)
    COM_RX_PIN_SOURCE                        0x0800d379   Data           4  stm32_eval.o(.constdata)
    COM_TX_AF                                0x0800d37d   Data           4  stm32_eval.o(.constdata)
    COM_RX_AF                                0x0800d381   Data           4  stm32_eval.o(.constdata)
    BUTTON_PIN                               0x0800d386   Data           6  stm32_eval.o(.constdata)
    BUTTON_EXTI_LINE                         0x0800d38c   Data           6  stm32_eval.o(.constdata)
    GPIO_PIN                                 0x0800d392   Data           8  stm32_eval.o(.constdata)
    COM_TX_PIN                               0x0800d39a   Data           8  stm32_eval.o(.constdata)
    COM_RX_PIN                               0x0800d3a2   Data           8  stm32_eval.o(.constdata)
    GPIO_CLK                                 0x0800d3ac   Data          16  stm32_eval.o(.constdata)
    BUTTON_CLK                               0x0800d3bc   Data          12  stm32_eval.o(.constdata)
    COM_USART_CLK                            0x0800d3c8   Data          16  stm32_eval.o(.constdata)
    COM_TX_PORT_CLK                          0x0800d3d8   Data          16  stm32_eval.o(.constdata)
    COM_RX_PORT_CLK                          0x0800d3e8   Data          16  stm32_eval.o(.constdata)
    _monlen                                  0x0800d41c   Data          12  _monlen.o(.constdata)
    Region$$Table$$Base                      0x0800d428   Number         0  anon$$obj.o(Region$$Table)
    Region$$Table$$Limit                     0x0800d448   Number         0  anon$$obj.o(Region$$Table)
    upgrade_flag                             0x20000000   Data           1  cmd.o(.data)
    upgrade_total_size                       0x20000008   Data           4  cmd.o(.data)
    upgrade_recv_size                        0x2000000c   Data           4  cmd.o(.data)
    Jump_To_Application                      0x20000018   Data           4  flash_if.o(.data)
    JumpAddress                              0x2000001c   Data           4  flash_if.o(.data)
    defaultparm                              0x20000020   Data          83  flash_if.o(.data)
    ATC_addr                                 0x20000074   Data           1  main.o(.data)
    ATC_id                                   0x20000075   Data           1  main.o(.data)
    LocalTime                                0x20000078   Data           4  main.o(.data)
    SynchPrediv                              0x2000007c   Data           4  main.o(.data)
    timingdelay                              0x20000088   Data           4  main.o(.data)
    AsynchPrediv                             0x2000008c   Data           4  main.o(.data)
    cur_rtc_time                             0x20000098   Data           6  rtc_1337.o(.data)
    sd_ready_flag                            0x200000a0   Data           1  sd_data.o(.data)
    old_time                                 0x200000a8   Data           6  sd_data.o(.data)
    cur_dir                                  0x200000ae   Data           6  sd_data.o(.data)
    filename                                 0x200000bc   Data          90  sd_data.o(.data)
    errorfilename                            0x20000116   Data          90  sd_data.o(.data)
    SystemCoreClock                          0x2000029c   Data           4  system_stm32f2xx.o(.data)
    AHBPrescTable                            0x200002a0   Data          16  system_stm32f2xx.o(.data)
    tba_num_repeat_send                      0x200002b1   Data           1  tba_bus.o(.data)
    tba_recv_packet                          0x200002b4   Data           4  tba_bus.o(.data)
    train485_token_timer                     0x200002b8   Data           4  tba_bus.o(.data)
    tms_get_flag                             0x200002bc   Data           1  tcms.o(.data)
    tms_recv_length                          0x200002bd   Data           1  tcms.o(.data)
    old_pis_buf                              0x200002d8   Data           6  tcms.o(.data)
    ats_crc_table                            0x200002e0   Data        1024  tcms.o(.data)
    tcms_debug_flag                          0x200006fc   Data           1  usb.o(.data)
    pisc_debug_flag                          0x200006fd   Data           1  usb.o(.data)
    tba_debug_flag                           0x200006fe   Data           1  usb.o(.data)
    usb_recv_fifo_in                         0x20000700   Data           2  usb.o(.data)
    usb_recv_fifo_out                        0x20000702   Data           2  usb.o(.data)
    USR_desc                                 0x20000704   Data          28  usbd_desc.o(.data)
    USBD_LangIDDesc                          0x20000720   Data           4  usbd_desc.o(.data)
    USBD_DeviceDesc                          0x20000724   Data          18  usbd_desc.o(.data)
    USR_cb                                   0x20000738   Data          28  usbd_usr.o(.data)
    USBD_DCD_INT_cb                          0x2000076c   Data          44  usbd_core.o(.data)
    USBD_DCD_INT_fops                        0x20000798   Data           4  usbd_core.o(.data)
    USBD_ep_status                           0x200007a0   Data           4  usbd_req.o(.data)
    USBD_default_cfg                         0x200007a4   Data           4  usbd_req.o(.data)
    USBD_cfg_status                          0x200007a8   Data           4  usbd_req.o(.data)
    USBD_HID_cb                              0x200007ac   Data          44  usbd_hid_core.o(.data)
    USB_Rx_Cnt                               0x200007d8   Data           2  usbd_hid_core.o(.data)
    TransferError                            0x2000082c   Data           1  stm32_eval_sdio_sd.o(.data)
    TransferEnd                              0x20000844   Data           4  stm32_eval_sdio_sd.o(.data)
    NumberOfBytes                            0x20000848   Data           4  stm32_eval_sdio_sd.o(.data)
    SrcBuffer                                0x2000084c   Data           4  stm32_eval_sdio_sd.o(.data)
    DestBuffer                               0x20000850   Data           4  stm32_eval_sdio_sd.o(.data)
    NVIC_InitStructure                       0x20000854   Data           4  stm32_eval.o(.data)
    GPIO_PORT                                0x20000858   Data          16  stm32_eval.o(.data)
    BUTTON_PORT                              0x20000868   Data          12  stm32_eval.o(.data)
    COM_USART                                0x20000874   Data          16  stm32_eval.o(.data)
    COM_TX_PORT                              0x20000884   Data          16  stm32_eval.o(.data)
    COM_RX_PORT                              0x20000894   Data          16  stm32_eval.o(.data)
    ptu_recv                                 0x200008b4   Data         514  cmd.o(.bss)
    ptu_send                                 0x20000ab6   Data         259  cmd.o(.bss)
    ptu                                      0x20000bbc   Data          72  cmd.o(.bss)
    fsrc                                     0x20000c04   Data          40  cmd.o(.bss)
    saveparm                                 0x20000c2c   Data          83  flash_if.o(.bss)
    USB_OTG_dev                              0x20000c80   Data        1520  main.o(.bss)
    sd_info                                  0x20001270   Data        1542  sd_data.o(.bss)
    sd_form                                  0x20001876   Data         798  sd_data.o(.bss)
    sd_error_info                            0x20001b94   Data        1542  sd_data.o(.bss)
    sd_error_form                            0x2000219a   Data         798  sd_data.o(.bss)
    fs                                       0x200024b8   Data          56  sd_data.o(.bss)
    old_tba_buf                              0x200024f0   Data           9  tba_bus.o(.bss)
    tba_bus_recv                             0x200024fa   Data         514  tba_bus.o(.bss)
    tba_bus_data                             0x200026fc   Data         514  tba_bus.o(.bss)
    tba_send_packet                          0x200028fe   Data         519  tba_bus.o(.bss)
    tba_tms_to_pis                           0x20002b06   Data         514  tba_bus.o(.bss)
    atc_tba                                  0x20002d08   Data          24  tba_bus.o(.bss)
    old_tms_buf                              0x20005054   Data         153  tcms.o(.bss)
    _gtmp_buf                                0x200050ed   Data         256  tcms.o(.bss)
    tms_recv_buf                             0x200051ed   Data         154  tcms.o(.bss)
    pis_recv_buf                             0x20005287   Data          67  tcms.o(.bss)
    atc_recv_from_tms                        0x200052ca   Data         514  tcms.o(.bss)
    atc_recv_from_pis                        0x200054cc   Data         514  tcms.o(.bss)
    pis_to_tms                               0x200056ce   Data         514  tcms.o(.bss)
    atc_tms                                  0x200058d0   Data          24  tcms.o(.bss)
    atc_pis                                  0x200058e8   Data          24  tcms.o(.bss)
    uart1_recv                               0x20005900   Data        1542  uart.o(.bss)
    uart2_recv                               0x20005f06   Data        1542  uart.o(.bss)
    uart3_recv                               0x2000650c   Data        1542  uart.o(.bss)
    uart1_send                               0x20006b12   Data        1542  uart.o(.bss)
    uart2_send                               0x20007118   Data        1542  uart.o(.bss)
    uart3_send                               0x2000771e   Data        1542  uart.o(.bss)
    USB_Rx_Buffer                            0x20007d24   Data         512  usb.o(.bss)
    USBD_StrDesc                             0x20007f24   Data          64  usbd_req.o(.bss)
    usb_buf                                  0x20007f64   Data          32  usbd_hid_core.o(.bss)
    SDCardInfo                               0x20007fa4   Data          80  stm32_eval_sdio_sd.o(.bss)
    SDIO_InitStructure                       0x20007ff4   Data          24  stm32_eval_sdio_sd.o(.bss)
    SDIO_CmdInitStructure                    0x2000800c   Data          20  stm32_eval_sdio_sd.o(.bss)
    SDIO_DataInitStructure                   0x20008020   Data          24  stm32_eval_sdio_sd.o(.bss)
    sEEDMA_InitStructure                     0x20008038   Data          60  stm32_eval.o(.bss)
    __libspace_start                         0x2000b944   Data          96  libspace.o(.bss)
    __temporary_stack_top$libspace           0x2000b9a4   Data           0  libspace.o(.bss)



==============================================================================

Memory Map of the image

  Image Entry point : 0x08000185

  Load Region LR_IROM1 (Base: 0x08000000, Size: 0x0000dcfc, Max: 0x00080000, ABSOLUTE, COMPRESSED[0x0000d8cc])

    Execution Region ER_IROM1 (Base: 0x08000000, Size: 0x0000d448, Max: 0x00080000, ABSOLUTE)

    Base Addr    Size         Type   Attr      Idx    E Section Name        Object

    0x08000000   0x00000184   Data   RO            3    RESET               startup_stm32f2xx.o
    0x08000184   0x00000008   Code   RO         1115  * !!!main             c_w.l(__main.o)
    0x0800018c   0x00000034   Code   RO         1285    !!!scatter          c_w.l(__scatter.o)
    0x080001c0   0x0000005a   Code   RO         1283    !!dczerorl2         c_w.l(__dczerorl2.o)
    0x0800021a   0x00000002   PAD
    0x0800021c   0x0000001c   Code   RO         1287    !!handler_zi        c_w.l(__scatter_zi.o)
    0x08000238   0x00000000   Code   RO         1089    .ARM.Collect$$_printf_percent$$00000000  c_w.l(_printf_percent.o)
    0x08000238   0x00000006   Code   RO         1088    .ARM.Collect$$_printf_percent$$00000009  c_w.l(_printf_d.o)
    0x0800023e   0x00000004   Code   RO         1126    .ARM.Collect$$_printf_percent$$00000017  c_w.l(_printf_percent_end.o)
    0x08000242   0x00000002   Code   RO         1156    .ARM.Collect$$libinit$$00000000  c_w.l(libinit.o)
    0x08000244   0x00000000   Code   RO         1163    .ARM.Collect$$libinit$$00000002  c_w.l(libinit2.o)
    0x08000244   0x00000000   Code   RO         1166    .ARM.Collect$$libinit$$00000008  c_w.l(libinit2.o)
    0x08000244   0x00000000   Code   RO         1168    .ARM.Collect$$libinit$$0000000A  c_w.l(libinit2.o)
    0x08000244   0x00000000   Code   RO         1170    .ARM.Collect$$libinit$$0000000C  c_w.l(libinit2.o)
    0x08000244   0x00000000   Code   RO         1173    .ARM.Collect$$libinit$$0000000F  c_w.l(libinit2.o)
    0x08000244   0x00000000   Code   RO         1175    .ARM.Collect$$libinit$$00000011  c_w.l(libinit2.o)
    0x08000244   0x00000000   Code   RO         1177    .ARM.Collect$$libinit$$00000013  c_w.l(libinit2.o)
    0x08000244   0x00000000   Code   RO         1179    .ARM.Collect$$libinit$$00000015  c_w.l(libinit2.o)
    0x08000244   0x00000000   Code   RO         1181    .ARM.Collect$$libinit$$00000017  c_w.l(libinit2.o)
    0x08000244   0x00000000   Code   RO         1183    .ARM.Collect$$libinit$$00000019  c_w.l(libinit2.o)
    0x08000244   0x00000000   Code   RO         1185    .ARM.Collect$$libinit$$0000001B  c_w.l(libinit2.o)
    0x08000244   0x00000000   Code   RO         1187    .ARM.Collect$$libinit$$0000001D  c_w.l(libinit2.o)
    0x08000244   0x00000000   Code   RO         1189    .ARM.Collect$$libinit$$0000001F  c_w.l(libinit2.o)
    0x08000244   0x00000000   Code   RO         1191    .ARM.Collect$$libinit$$00000021  c_w.l(libinit2.o)
    0x08000244   0x00000000   Code   RO         1193    .ARM.Collect$$libinit$$00000023  c_w.l(libinit2.o)
    0x08000244   0x00000000   Code   RO         1197    .ARM.Collect$$libinit$$0000002A  c_w.l(libinit2.o)
    0x08000244   0x00000000   Code   RO         1199    .ARM.Collect$$libinit$$0000002C  c_w.l(libinit2.o)
    0x08000244   0x00000000   Code   RO         1201    .ARM.Collect$$libinit$$0000002E  c_w.l(libinit2.o)
    0x08000244   0x00000000   Code   RO         1203    .ARM.Collect$$libinit$$00000030  c_w.l(libinit2.o)
    0x08000244   0x00000002   Code   RO         1204    .ARM.Collect$$libinit$$00000031  c_w.l(libinit2.o)
    0x08000246   0x00000002   Code   RO         1224    .ARM.Collect$$libshutdown$$00000000  c_w.l(libshutdown.o)
    0x08000248   0x00000000   Code   RO         1238    .ARM.Collect$$libshutdown$$00000003  c_w.l(libshutdown2.o)
    0x08000248   0x00000000   Code   RO         1241    .ARM.Collect$$libshutdown$$00000006  c_w.l(libshutdown2.o)
    0x08000248   0x00000000   Code   RO         1244    .ARM.Collect$$libshutdown$$00000009  c_w.l(libshutdown2.o)
    0x08000248   0x00000000   Code   RO         1246    .ARM.Collect$$libshutdown$$0000000B  c_w.l(libshutdown2.o)
    0x08000248   0x00000000   Code   RO         1249    .ARM.Collect$$libshutdown$$0000000E  c_w.l(libshutdown2.o)
    0x08000248   0x00000002   Code   RO         1250    .ARM.Collect$$libshutdown$$0000000F  c_w.l(libshutdown2.o)
    0x0800024a   0x00000000   Code   RO         1117    .ARM.Collect$$rtentry$$00000000  c_w.l(rtentry.o)
    0x0800024a   0x00000000   Code   RO         1130    .ARM.Collect$$rtentry$$00000002  c_w.l(rtentry2.o)
    0x0800024a   0x00000006   Code   RO         1142    .ARM.Collect$$rtentry$$00000004  c_w.l(rtentry4.o)
    0x08000250   0x00000000   Code   RO         1132    .ARM.Collect$$rtentry$$00000009  c_w.l(rtentry2.o)
    0x08000250   0x00000004   Code   RO         1133    .ARM.Collect$$rtentry$$0000000A  c_w.l(rtentry2.o)
    0x08000254   0x00000000   Code   RO         1135    .ARM.Collect$$rtentry$$0000000C  c_w.l(rtentry2.o)
    0x08000254   0x00000008   Code   RO         1136    .ARM.Collect$$rtentry$$0000000D  c_w.l(rtentry2.o)
    0x0800025c   0x00000002   Code   RO         1160    .ARM.Collect$$rtexit$$00000000  c_w.l(rtexit.o)
    0x0800025e   0x00000000   Code   RO         1206    .ARM.Collect$$rtexit$$00000002  c_w.l(rtexit2.o)
    0x0800025e   0x00000004   Code   RO         1207    .ARM.Collect$$rtexit$$00000003  c_w.l(rtexit2.o)
    0x08000262   0x00000006   Code   RO         1208    .ARM.Collect$$rtexit$$00000004  c_w.l(rtexit2.o)
    0x08000268   0x00000020   Code   RO          928    .emb_text           core_cm3.o
    0x08000288   0x00000040   Code   RO            4    .text               startup_stm32f2xx.o
    0x080002c8   0x00000ccc   Code   RO           10    .text               cmd.o
    0x08000f94   0x00000268   Code   RO          255    .text               flash_if.o
    0x080011fc   0x000002b4   Code   RO          274    .text               main.o
    0x080014b0   0x0000050c   Code   RO          337    .text               rtc_1337.o
    0x080019bc   0x000011c0   Code   RO          352    .text               sd_data.o
    0x08002b7c   0x00000154   Code   RO          372    .text               stm32f2xx_it.o
    0x08002cd0   0x00000170   Code   RO          391    .text               system_stm32f2xx.o
    0x08002e40   0x000004ec   Code   RO          409    .text               tba_bus.o
    0x0800332c   0x00000a4c   Code   RO          429    .text               tcms.o
    0x08003d78   0x00000818   Code   RO          501    .text               uart.o
    0x08004590   0x000001bc   Code   RO          529    .text               usb.o
    0x0800474c   0x00000150   Code   RO          555    .text               usb_bsp.o
    0x0800489c   0x00000124   Code   RO          567    .text               usbd_desc.o
    0x080049c0   0x00000068   Code   RO          591    .text               usbd_usr.o
    0x08004a28   0x000003b4   Code   RO          614    .text               stm32f2xx_usart.o
    0x08004ddc   0x000000bc   Code   RO          626    .text               misc.o
    0x08004e98   0x00000344   Code   RO          638    .text               stm32f2xx_dma.o
    0x080051dc   0x000000ec   Code   RO          650    .text               stm32f2xx_exti.o
    0x080052c8   0x000003ac   Code   RO          662    .text               stm32f2xx_flash.o
    0x08005674   0x00000224   Code   RO          674    .text               stm32f2xx_gpio.o
    0x08005898   0x0000003c   Code   RO          686    .text               stm32f2xx_iwdg.o
    0x080058d4   0x00000438   Code   RO          698    .text               stm32f2xx_rcc.o
    0x08005d0c   0x000001c8   Code   RO          712    .text               stm32f2xx_sdio.o
    0x08005ed4   0x00000070   Code   RO          724    .text               stm32f2xx_syscfg.o
    0x08005f44   0x000003b8   Code   RO          736    .text               stm32f2xx_i2c.o
    0x080062fc   0x00000864   Code   RO          748    .text               stm32f2xx_rtc.o
    0x08006b60   0x000000bc   Code   RO          760    .text               stm32f2xx_pwr.o
    0x08006c1c   0x00001bde   Code   RO          772    .text               ff.o
    0x080087fa   0x000000b2   Code   RO          799    .text               diskio.o
    0x080088ac   0x00000250   Code   RO          817    .text               usbd_core.o
    0x08008afc   0x000000b8   Code   RO          836    .text               usbd_ioreq.o
    0x08008bb4   0x0000058c   Code   RO          848    .text               usbd_req.o
    0x08009140   0x0000056c   Code   RO          868    .text               usb_dcd_int.o
    0x080096ac   0x00000b44   Code   RO          884    .text               usb_core.o
    0x0800a1f0   0x00000260   Code   RO          896    .text               usb_dcd.o
    0x0800a450   0x00000198   Code   RO          908    .text               usbd_hid_core.o
    0x0800a5e8   0x00001c3c   Code   RO          938    .text               stm32_eval_sdio_sd.o
    0x0800c224   0x000006d8   Code   RO          957    .text               stm32_eval.o
    0x0800c8fc   0x0000023c   Code   RO          983    .text               mem.o
    0x0800cb38   0x00000088   Code   RO         1007    .text               memp.o
    0x0800cbc0   0x00000034   Code   RO         1062    .text               c_w.l(noretval__2snprintf.o)
    0x0800cbf4   0x00000068   Code   RO         1064    .text               c_w.l(__printf.o)
    0x0800cc5c   0x00000074   Code   RO         1066    .text               c_w.l(_printf_dec.o)
    0x0800ccd0   0x00000058   Code   RO         1090    .text               c_w.l(memcmp.o)
    0x0800cd28   0x00000048   Code   RO         1092    .text               c_w.l(strcpy.o)
    0x0800cd70   0x0000003e   Code   RO         1094    .text               c_w.l(strlen.o)
    0x0800cdae   0x00000018   Code   RO         1096    .text               c_w.l(strcat.o)
    0x0800cdc6   0x0000008a   Code   RO         1098    .text               c_w.l(rt_memcpy_v6.o)
    0x0800ce50   0x00000064   Code   RO         1100    .text               c_w.l(rt_memcpy_w.o)
    0x0800ceb4   0x00000044   Code   RO         1102    .text               c_w.l(rt_memclr.o)
    0x0800cef8   0x0000004e   Code   RO         1104    .text               c_w.l(rt_memclr_w.o)
    0x0800cf46   0x00000056   Code   RO         1106    .text               c_w.l(strncpy.o)
    0x0800cf9c   0x00000080   Code   RO         1108    .text               c_w.l(strcmpv7m.o)
    0x0800d01c   0x0000000c   Code   RO         1110    .text               c_w.l(localtime.o)
    0x0800d028   0x00000006   Code   RO         1113    .text               c_w.l(heapauxi.o)
    0x0800d02e   0x000000b2   Code   RO         1118    .text               c_w.l(_printf_intcommon.o)
    0x0800d0e0   0x00000030   Code   RO         1120    .text               c_w.l(_printf_char_common.o)
    0x0800d110   0x0000000a   Code   RO         1122    .text               c_w.l(_sputc.o)
    0x0800d11a   0x00000010   Code   RO         1124    .text               c_w.l(_snputc.o)
    0x0800d12a   0x00000002   PAD
    0x0800d12c   0x000000a4   Code   RO         1127    .text               c_w.l(localtime_internal.o)
    0x0800d1d0   0x0000004a   Code   RO         1147    .text               c_w.l(sys_stackheap_outer.o)
    0x0800d21a   0x0000000c   Code   RO         1149    .text               c_w.l(exit.o)
    0x0800d226   0x00000002   PAD
    0x0800d228   0x00000008   Code   RO         1157    .text               c_w.l(libspace.o)
    0x0800d230   0x0000000c   Code   RO         1216    .text               c_w.l(sys_exit.o)
    0x0800d23c   0x00000002   Code   RO         1227    .text               c_w.l(use_no_semi.o)
    0x0800d23e   0x00000000   Code   RO         1229    .text               c_w.l(indicate_semi.o)
    0x0800d23e   0x00000002   PAD
    0x0800d240   0x00000014   Data   RO           12    .constdata          cmd.o
    0x0800d254   0x00000096   Data   RO          356    .constdata          sd_data.o
    0x0800d2ea   0x00000080   Data   RO          773    .constdata          ff.o
    0x0800d36a   0x00000002   PAD
    0x0800d36c   0x0000008c   Data   RO          959    .constdata          stm32_eval.o
    0x0800d3f8   0x00000024   Data   RO         1009    .constdata          memp.o
    0x0800d41c   0x0000000c   Data   RO         1146    .constdata          c_w.l(_monlen.o)
    0x0800d428   0x00000020   Data   RO         1281    Region$$Table       anon$$obj.o


    Execution Region RW_IRAM1 (Base: 0x20000000, Size: 0x0000bfa8, Max: 0x00020000, ABSOLUTE, COMPRESSED[0x00000484])

    Base Addr    Size         Type   Attr      Idx    E Section Name        Object

    0x20000000   0x00000018   Data   RW           13    .data               cmd.o
    0x20000018   0x0000005b   Data   RW          257    .data               flash_if.o
    0x20000073   0x00000001   PAD
    0x20000074   0x00000024   Data   RW          276    .data               main.o
    0x20000098   0x00000006   Data   RW          338    .data               rtc_1337.o
    0x2000009e   0x00000002   PAD
    0x200000a0   0x000001fc   Data   RW          357    .data               sd_data.o
    0x2000029c   0x00000014   Data   RW          392    .data               system_stm32f2xx.o
    0x200002b0   0x0000000c   Data   RW          413    .data               tba_bus.o
    0x200002bc   0x00000424   Data   RW          434    .data               tcms.o
    0x200006e0   0x0000001c   Data   RW          503    .data               uart.o
    0x200006fc   0x00000008   Data   RW          532    .data               usb.o
    0x20000704   0x0000001c   Data   RW          568    .data               usbd_desc.o
    0x20000720   0x00000016   Data   RW          569    .data               usbd_desc.o
    0x20000736   0x00000002   PAD
    0x20000738   0x0000001c   Data   RW          592    .data               usbd_usr.o
    0x20000754   0x00000010   Data   RW          699    .data               stm32f2xx_rcc.o
    0x20000764   0x00000008   Data   RW          774    .data               ff.o
    0x2000076c   0x0000002c   Data   RW          818    .data               usbd_core.o
    0x20000798   0x00000004   Data   RW          819    .data               usbd_core.o
    0x2000079c   0x00000010   Data   RW          850    .data               usbd_req.o
    0x200007ac   0x0000002c   Data   RW          910    .data               usbd_hid_core.o
    0x200007d8   0x00000054   Data   RW          911    .data               usbd_hid_core.o
    0x2000082c   0x00000028   Data   RW          940    .data               stm32_eval_sdio_sd.o
    0x20000854   0x00000050   Data   RW          960    .data               stm32_eval.o
    0x200008a4   0x00000010   Data   RW          985    .data               mem.o
    0x200008b4   0x00000378   Zero   RW           11    .bss                cmd.o
    0x20000c2c   0x00000053   Zero   RW          256    .bss                flash_if.o
    0x20000c7f   0x00000001   PAD
    0x20000c80   0x000005f0   Zero   RW          275    .bss                main.o
    0x20001270   0x00001280   Zero   RW          353    .bss                sd_data.o
    0x200024f0   0x00000830   Zero   RW          410    .bss                tba_bus.o
    0x20002d20   0x00002be0   Zero   RW          430    .bss                tcms.o
    0x20005900   0x00002424   Zero   RW          502    .bss                uart.o
    0x20007d24   0x00000200   Zero   RW          530    .bss                usb.o
    0x20007f24   0x00000040   Zero   RW          849    .bss                usbd_req.o
    0x20007f64   0x00000020   Zero   RW          909    .bss                usbd_hid_core.o
    0x20007f84   0x000000b4   Zero   RW          939    .bss                stm32_eval_sdio_sd.o
    0x20008038   0x0000003c   Zero   RW          958    .bss                stm32_eval.o
    0x20008074   0x00001014   Zero   RW          984    .bss                mem.o
    0x20009088   0x0000288f   Zero   RW         1008    .bss                memp.o
    0x2000b917   0x00000001   PAD
    0x2000b918   0x0000002c   Zero   RW         1111    .bss                c_w.l(localtime.o)
    0x2000b944   0x00000060   Zero   RW         1158    .bss                c_w.l(libspace.o)
    0x2000b9a4   0x00000004   PAD
    0x2000b9a8   0x00000200   Zero   RW            2    HEAP                startup_stm32f2xx.o
    0x2000bba8   0x00000400   Zero   RW            1    STACK               startup_stm32f2xx.o


==============================================================================

Image component sizes


      Code (inc. data)   RO Data    RW Data    ZI Data      Debug   Object Name

      3276        238         20         24        888     338399   cmd.o
        32          0          0          0          0        544   core_cm3.o
       178          0          0          0          0       8950   diskio.o
      7134         44        128          8          0      28691   ff.o
       616         54          0         91         83       5348   flash_if.o
       692         30          0         36       1520      21122   main.o
       572          8          0         16       4116       5702   mem.o
       136          8         36          0      10383       2310   memp.o
       188         14          0          0          0       1961   misc.o
      1292         22          0          6          0       5596   rtc_1337.o
      4544        146        150        508       4736      13623   sd_data.o
        64         26        388          0       1536        796   startup_stm32f2xx.o
      1752         64        140         80         60      10129   stm32_eval.o
      7228        132          0         40        180      28005   stm32_eval_sdio_sd.o
       836         34          0          0          0       6853   stm32f2xx_dma.o
       236         10          0          0          0       2423   stm32f2xx_exti.o
       940         22          0          0          0       7161   stm32f2xx_flash.o
       548         36          0          0          0       4425   stm32f2xx_gpio.o
       952         22          0          0          0       8815   stm32f2xx_i2c.o
       340         32          0          0          0       2530   stm32f2xx_it.o
        60          6          0          0          0       1297   stm32f2xx_iwdg.o
       188         14          0          0          0       2256   stm32f2xx_pwr.o
      1080         48          0         16          0      11675   stm32f2xx_rcc.o
      2148         26          0          0          0      11950   stm32f2xx_rtc.o
       456         16          0          0          0       7332   stm32f2xx_sdio.o
       112         16          0          0          0       1571   stm32f2xx_syscfg.o
       948         24          0          0          0       8448   stm32f2xx_usart.o
       368         38          0         20          0       1751   system_stm32f2xx.o
      1260         58          0         12       2096       5601   tba_bus.o
      2636         86          0       1060      11232      13204   tcms.o
      2072         94          0         28       9252       9665   uart.o
       444         14          0          8        512       3698   usb.o
       336          6          0          0          0       1822   usb_bsp.o
      2884         18          0          0          0      13216   usb_core.o
       608          0          0          0          0       4340   usb_dcd.o
      1388         20          0          0          0       4975   usb_dcd_int.o
       592          0          0         48          0       5072   usbd_core.o
       292        130          0         50          0       3464   usbd_desc.o
       408         18          0        128         32       3576   usbd_hid_core.o
       184          0          0          0          0       2526   usbd_ioreq.o
      1420         42          0         16         64       5893   usbd_req.o
       104         10          0         28          0       1601   usbd_usr.o

    ----------------------------------------------------------------------
     51544       1626        896       2228      46692     628316   Object Totals
         0          0         32          0          0          0   (incl. Generated)
         0          0          2          5          2          0   (incl. Padding)

    ----------------------------------------------------------------------

      Code (inc. data)   RO Data    RW Data    ZI Data      Debug   Library Member Name

        90          0          0          0          0          0   __dczerorl2.o
         8          0          0          0          0         68   __main.o
       104          0          0          0          0         84   __printf.o
        52          8          0          0          0          0   __scatter.o
        28          0          0          0          0          0   __scatter_zi.o
         0          0         12          0          0          0   _monlen.o
        48          6          0          0          0         96   _printf_char_common.o
         6          0          0          0          0          0   _printf_d.o
       116         16          0          0          0         92   _printf_dec.o
       178          0          0          0          0         88   _printf_intcommon.o
         0          0          0          0          0          0   _printf_percent.o
         4          0          0          0          0          0   _printf_percent_end.o
        16          0          0          0          0         68   _snputc.o
        10          0          0          0          0         68   _sputc.o
        12          0          0          0          0         72   exit.o
         6          0          0          0          0        152   heapauxi.o
         0          0          0          0          0          0   indicate_semi.o
         2          0          0          0          0          0   libinit.o
         2          0          0          0          0          0   libinit2.o
         2          0          0          0          0          0   libshutdown.o
         2          0          0          0          0          0   libshutdown2.o
         8          4          0          0         96         68   libspace.o
        12          6          0          0         44         68   localtime.o
       164          6          0          0          0         80   localtime_internal.o
        88          0          0          0          0         76   memcmp.o
        52          4          0          0          0         84   noretval__2snprintf.o
        68          0          0          0          0         68   rt_memclr.o
        78          0          0          0          0         80   rt_memclr_w.o
       138          0          0          0          0         68   rt_memcpy_v6.o
       100          0          0          0          0         80   rt_memcpy_w.o
         0          0          0          0          0          0   rtentry.o
        12          0          0          0          0          0   rtentry2.o
         6          0          0          0          0          0   rtentry4.o
         2          0          0          0          0          0   rtexit.o
        10          0          0          0          0          0   rtexit2.o
        24          0          0          0          0         68   strcat.o
       128          0          0          0          0         68   strcmpv7m.o
        72          0          0          0          0         80   strcpy.o
        62          0          0          0          0         76   strlen.o
        86          0          0          0          0         76   strncpy.o
        12          4          0          0          0         68   sys_exit.o
        74          0          0          0          0         80   sys_stackheap_outer.o
         2          0          0          0          0         68   use_no_semi.o

    ----------------------------------------------------------------------
      1892         54         12          0        144       2044   Library Totals
         8          0          0          0          4          0   (incl. Padding)

    ----------------------------------------------------------------------

      Code (inc. data)   RO Data    RW Data    ZI Data      Debug   Library Name

      1884         54         12          0        140       2044   c_w.l

    ----------------------------------------------------------------------
      1892         54         12          0        144       2044   Library Totals

    ----------------------------------------------------------------------

==============================================================================


      Code (inc. data)   RO Data    RW Data    ZI Data      Debug   

     53436       1680        908       2228      46836     624012   Grand Totals
     53436       1680        908       1156      46836     624012   ELF Image Totals (compressed)
     53436       1680        908       1156          0          0   ROM Totals

==============================================================================

    Total RO  Size (Code + RO Data)                54344 (  53.07kB)
    Total RW  Size (RW Data + ZI Data)             49064 (  47.91kB)
    Total ROM Size (Code + RO Data + RW Data)      55500 (  54.20kB)

==============================================================================

