<html>
<body>
<pre>
<h1>µVision Build Log</h1>
<h2>Project:</h2>
G:\ISD9160_Sample\ISD91XX_SDK\NuvotonPlatform_Keil\Sample\Driver\Smpl_DrvUART\Smpl_DrvUART.uvproj
Project File Date:  11/12/2013

<h2>Output:</h2>
Build target 'Smpl_DrvUART'
compiling core_cm0.c...
compiling boot.c...
compiling system_ISD9xx.c...
compiling Smpl_DrvUART.c...
compiling DrvSYS.c...
compiling DrvUART.c...
compiling retarget.c...
compiling DrvGPIO.c...
linking...
Program Size: Code=3528 RO-data=224 RW-data=32 ZI-data=160  
User command #1: fromelf --bin ".\obj\Smpl_DrvUART.axf" --output ".\obj\Smpl_DrvUART.bin"
User command #2: fromelf --text -c ".\obj\Smpl_DrvUART.axf" --output ".\obj\Smpl_DrvUART.txt"
".\obj\Smpl_DrvUART.axf" - 0 Error(s), 0 Warning(s).
