<html>
<body>
<pre>
<h1>礦ision Build Log</h1>
<h2>Project:</h2>
D:\yejiangnan\工作项目\广3\PECU\TBA-2498GZL3\Project\RVMDK\PECU.uvproj
Project File Date:  08/24/2016

<h2>Output:</h2>
compiling audio_file.c...
..\src\audio_file.c - 0 Error(s), 0 Warning(s).
Build target 'PECU'
compiling playPCM.c...
linking...
Program Size: Code=10506 RO-data=125274 RW-data=140 ZI-data=3140  
FromELF: creating hex file...
"..\output\TBA-2498GZL3.axf" - 0 Error(s), 0 Warning(s).
compiling audio_file.c...
..\src\audio_file.c - 0 Error(s), 0 Warning(s).
Build target 'PECU'
compiling playPCM.c...
linking...
Program Size: Code=10506 RO-data=62750 RW-data=140 ZI-data=3140  
FromELF: creating hex file...
"..\output\TBA-2498GZL3.axf" - 0 Error(s), 0 Warning(s).
compiling audio_file.c...
..\src\audio_file.c - 0 Error(s), 0 Warning(s).
Build target 'PECU'
compiling playPCM.c...
linking...
Program Size: Code=10506 RO-data=125274 RW-data=140 ZI-data=3140  
FromELF: creating hex file...
"..\output\TBA-2498GZL3.axf" - 0 Error(s), 0 Warning(s).
