<!doctype html public "-//w3c//dtd html 4.0 transitional//en">
<html><head>
<title>Static Call Graph - [.\STM322xG_EVAL\STM322xG_EVAL.axf]</title></head>
<body><HR>
<H1>Static Call Graph for image .\STM322xG_EVAL\STM322xG_EVAL.axf</H1><HR>
<BR><P>#&#060CALLGRAPH&#062# ARM Linker, 5040049: Last Updated: Mon Mar 23 13:13:28 2020
<BR><P>
<H3>Maximum Stack Usage =        468 bytes + Unknown(Cycles, Untraceable Function Pointers)</H3><H3>
Call chain for Maximum Stack Depth:</H3>
ethernet_input &rArr; ip_input &rArr; tcp_input &rArr; tcp_listen_input &rArr; tcp_alloc &rArr; tcp_kill_prio &rArr; tcp_abandon &rArr; tcp_pcb_remove &rArr; tcp_output &rArr; tcp_output_segment &rArr; ip_output &rArr; ip_output_if &rArr; ip_frag &rArr; pbuf_alloc &rArr; pbuf_free &rArr; mem_free &rArr; plug_holes
<P>
<H3>
Mutually Recursive functions
</H3> <LI><a href="#[3a]">ADC_IRQHandler</a>&nbsp;&nbsp;&nbsp;&rArr;&nbsp;&nbsp;&nbsp;<a href="#[3a]">ADC_IRQHandler</a><BR>
 <LI><a href="#[22]">BusFault_Handler</a>&nbsp;&nbsp;&nbsp;&rArr;&nbsp;&nbsp;&nbsp;<a href="#[22]">BusFault_Handler</a><BR>
 <LI><a href="#[20]">HardFault_Handler</a>&nbsp;&nbsp;&nbsp;&rArr;&nbsp;&nbsp;&nbsp;<a href="#[20]">HardFault_Handler</a><BR>
 <LI><a href="#[21]">MemManage_Handler</a>&nbsp;&nbsp;&nbsp;&rArr;&nbsp;&nbsp;&nbsp;<a href="#[21]">MemManage_Handler</a><BR>
 <LI><a href="#[23]">UsageFault_Handler</a>&nbsp;&nbsp;&nbsp;&rArr;&nbsp;&nbsp;&nbsp;<a href="#[23]">UsageFault_Handler</a><BR>
</UL>
<P>
<H3>
Function Pointers
</H3><UL>
 <LI><a href="#[3a]">ADC_IRQHandler</a> from startup_stm32f2xx.o(.text) referenced from startup_stm32f2xx.o(RESET)
 <LI><a href="#[22]">BusFault_Handler</a> from stm32f2xx_it.o(i.BusFault_Handler) referenced from startup_stm32f2xx.o(RESET)
 <LI><a href="#[3c]">CAN1_RX0_IRQHandler</a> from startup_stm32f2xx.o(.text) referenced from startup_stm32f2xx.o(RESET)
 <LI><a href="#[3d]">CAN1_RX1_IRQHandler</a> from startup_stm32f2xx.o(.text) referenced from startup_stm32f2xx.o(RESET)
 <LI><a href="#[3e]">CAN1_SCE_IRQHandler</a> from startup_stm32f2xx.o(.text) referenced from startup_stm32f2xx.o(RESET)
 <LI><a href="#[3b]">CAN1_TX_IRQHandler</a> from startup_stm32f2xx.o(.text) referenced from startup_stm32f2xx.o(RESET)
 <LI><a href="#[68]">CAN2_RX0_IRQHandler</a> from startup_stm32f2xx.o(.text) referenced from startup_stm32f2xx.o(RESET)
 <LI><a href="#[69]">CAN2_RX1_IRQHandler</a> from startup_stm32f2xx.o(.text) referenced from startup_stm32f2xx.o(RESET)
 <LI><a href="#[6a]">CAN2_SCE_IRQHandler</a> from startup_stm32f2xx.o(.text) referenced from startup_stm32f2xx.o(RESET)
 <LI><a href="#[67]">CAN2_TX_IRQHandler</a> from startup_stm32f2xx.o(.text) referenced from startup_stm32f2xx.o(RESET)
 <LI><a href="#[77]">CRYP_IRQHandler</a> from startup_stm32f2xx.o(.text) referenced from startup_stm32f2xx.o(RESET)
 <LI><a href="#[76]">DCMI_IRQHandler</a> from startup_stm32f2xx.o(.text) referenced from startup_stm32f2xx.o(RESET)
 <LI><a href="#[33]">DMA1_Stream0_IRQHandler</a> from startup_stm32f2xx.o(.text) referenced from startup_stm32f2xx.o(RESET)
 <LI><a href="#[34]">DMA1_Stream1_IRQHandler</a> from startup_stm32f2xx.o(.text) referenced from startup_stm32f2xx.o(RESET)
 <LI><a href="#[35]">DMA1_Stream2_IRQHandler</a> from startup_stm32f2xx.o(.text) referenced from startup_stm32f2xx.o(RESET)
 <LI><a href="#[36]">DMA1_Stream3_IRQHandler</a> from startup_stm32f2xx.o(.text) referenced from startup_stm32f2xx.o(RESET)
 <LI><a href="#[37]">DMA1_Stream4_IRQHandler</a> from startup_stm32f2xx.o(.text) referenced from startup_stm32f2xx.o(RESET)
 <LI><a href="#[38]">DMA1_Stream5_IRQHandler</a> from startup_stm32f2xx.o(.text) referenced from startup_stm32f2xx.o(RESET)
 <LI><a href="#[39]">DMA1_Stream6_IRQHandler</a> from startup_stm32f2xx.o(.text) referenced from startup_stm32f2xx.o(RESET)
 <LI><a href="#[57]">DMA1_Stream7_IRQHandler</a> from startup_stm32f2xx.o(.text) referenced from startup_stm32f2xx.o(RESET)
 <LI><a href="#[60]">DMA2_Stream0_IRQHandler</a> from startup_stm32f2xx.o(.text) referenced from startup_stm32f2xx.o(RESET)
 <LI><a href="#[61]">DMA2_Stream1_IRQHandler</a> from startup_stm32f2xx.o(.text) referenced from startup_stm32f2xx.o(RESET)
 <LI><a href="#[62]">DMA2_Stream2_IRQHandler</a> from startup_stm32f2xx.o(.text) referenced from startup_stm32f2xx.o(RESET)
 <LI><a href="#[63]">DMA2_Stream3_IRQHandler</a> from stm32f2xx_it.o(i.DMA2_Stream3_IRQHandler) referenced from startup_stm32f2xx.o(RESET)
 <LI><a href="#[64]">DMA2_Stream4_IRQHandler</a> from startup_stm32f2xx.o(.text) referenced from startup_stm32f2xx.o(RESET)
 <LI><a href="#[6c]">DMA2_Stream5_IRQHandler</a> from startup_stm32f2xx.o(.text) referenced from startup_stm32f2xx.o(RESET)
 <LI><a href="#[6d]">DMA2_Stream6_IRQHandler</a> from startup_stm32f2xx.o(.text) referenced from startup_stm32f2xx.o(RESET)
 <LI><a href="#[6e]">DMA2_Stream7_IRQHandler</a> from startup_stm32f2xx.o(.text) referenced from startup_stm32f2xx.o(RESET)
 <LI><a href="#[25]">DebugMon_Handler</a> from stm32f2xx_it.o(i.DebugMon_Handler) referenced from startup_stm32f2xx.o(RESET)
 <LI><a href="#[65]">ETH_IRQHandler</a> from startup_stm32f2xx.o(.text) referenced from startup_stm32f2xx.o(RESET)
 <LI><a href="#[66]">ETH_WKUP_IRQHandler</a> from startup_stm32f2xx.o(.text) referenced from startup_stm32f2xx.o(RESET)
 <LI><a href="#[2e]">EXTI0_IRQHandler</a> from startup_stm32f2xx.o(.text) referenced from startup_stm32f2xx.o(RESET)
 <LI><a href="#[50]">EXTI15_10_IRQHandler</a> from stm32f2xx_it.o(i.EXTI15_10_IRQHandler) referenced from startup_stm32f2xx.o(RESET)
 <LI><a href="#[2f]">EXTI1_IRQHandler</a> from startup_stm32f2xx.o(.text) referenced from startup_stm32f2xx.o(RESET)
 <LI><a href="#[30]">EXTI2_IRQHandler</a> from startup_stm32f2xx.o(.text) referenced from startup_stm32f2xx.o(RESET)
 <LI><a href="#[31]">EXTI3_IRQHandler</a> from startup_stm32f2xx.o(.text) referenced from startup_stm32f2xx.o(RESET)
 <LI><a href="#[32]">EXTI4_IRQHandler</a> from startup_stm32f2xx.o(.text) referenced from startup_stm32f2xx.o(RESET)
 <LI><a href="#[3f]">EXTI9_5_IRQHandler</a> from startup_stm32f2xx.o(.text) referenced from startup_stm32f2xx.o(RESET)
 <LI><a href="#[2c]">FLASH_IRQHandler</a> from startup_stm32f2xx.o(.text) referenced from startup_stm32f2xx.o(RESET)
 <LI><a href="#[58]">FSMC_IRQHandler</a> from startup_stm32f2xx.o(.text) referenced from startup_stm32f2xx.o(RESET)
 <LI><a href="#[78]">HASH_RNG_IRQHandler</a> from startup_stm32f2xx.o(.text) referenced from startup_stm32f2xx.o(RESET)
 <LI><a href="#[20]">HardFault_Handler</a> from stm32f2xx_it.o(i.HardFault_Handler) referenced from startup_stm32f2xx.o(RESET)
 <LI><a href="#[48]">I2C1_ER_IRQHandler</a> from startup_stm32f2xx.o(.text) referenced from startup_stm32f2xx.o(RESET)
 <LI><a href="#[47]">I2C1_EV_IRQHandler</a> from startup_stm32f2xx.o(.text) referenced from startup_stm32f2xx.o(RESET)
 <LI><a href="#[4a]">I2C2_ER_IRQHandler</a> from startup_stm32f2xx.o(.text) referenced from startup_stm32f2xx.o(RESET)
 <LI><a href="#[49]">I2C2_EV_IRQHandler</a> from startup_stm32f2xx.o(.text) referenced from startup_stm32f2xx.o(RESET)
 <LI><a href="#[71]">I2C3_ER_IRQHandler</a> from startup_stm32f2xx.o(.text) referenced from startup_stm32f2xx.o(RESET)
 <LI><a href="#[70]">I2C3_EV_IRQHandler</a> from startup_stm32f2xx.o(.text) referenced from startup_stm32f2xx.o(RESET)
 <LI><a href="#[21]">MemManage_Handler</a> from stm32f2xx_it.o(i.MemManage_Handler) referenced from startup_stm32f2xx.o(RESET)
 <LI><a href="#[1f]">NMI_Handler</a> from stm32f2xx_it.o(i.NMI_Handler) referenced from startup_stm32f2xx.o(RESET)
 <LI><a href="#[6b]">OTG_FS_IRQHandler</a> from stm32f2xx_it.o(i.OTG_FS_IRQHandler) referenced from startup_stm32f2xx.o(RESET)
 <LI><a href="#[52]">OTG_FS_WKUP_IRQHandler</a> from stm32f2xx_it.o(i.OTG_FS_WKUP_IRQHandler) referenced from startup_stm32f2xx.o(RESET)
 <LI><a href="#[73]">OTG_HS_EP1_IN_IRQHandler</a> from startup_stm32f2xx.o(.text) referenced from startup_stm32f2xx.o(RESET)
 <LI><a href="#[72]">OTG_HS_EP1_OUT_IRQHandler</a> from startup_stm32f2xx.o(.text) referenced from startup_stm32f2xx.o(RESET)
 <LI><a href="#[75]">OTG_HS_IRQHandler</a> from startup_stm32f2xx.o(.text) referenced from startup_stm32f2xx.o(RESET)
 <LI><a href="#[74]">OTG_HS_WKUP_IRQHandler</a> from startup_stm32f2xx.o(.text) referenced from startup_stm32f2xx.o(RESET)
 <LI><a href="#[29]">PVD_IRQHandler</a> from startup_stm32f2xx.o(.text) referenced from startup_stm32f2xx.o(RESET)
 <LI><a href="#[26]">PendSV_Handler</a> from stm32f2xx_it.o(i.PendSV_Handler) referenced from startup_stm32f2xx.o(RESET)
 <LI><a href="#[2d]">RCC_IRQHandler</a> from startup_stm32f2xx.o(.text) referenced from startup_stm32f2xx.o(RESET)
 <LI><a href="#[51]">RTC_Alarm_IRQHandler</a> from startup_stm32f2xx.o(.text) referenced from startup_stm32f2xx.o(RESET)
 <LI><a href="#[2b]">RTC_WKUP_IRQHandler</a> from startup_stm32f2xx.o(.text) referenced from startup_stm32f2xx.o(RESET)
 <LI><a href="#[1e]">Reset_Handler</a> from startup_stm32f2xx.o(.text) referenced from startup_stm32f2xx.o(RESET)
 <LI><a href="#[59]">SDIO_IRQHandler</a> from stm32f2xx_it.o(i.SDIO_IRQHandler) referenced from startup_stm32f2xx.o(RESET)
 <LI><a href="#[4b]">SPI1_IRQHandler</a> from startup_stm32f2xx.o(.text) referenced from startup_stm32f2xx.o(RESET)
 <LI><a href="#[4c]">SPI2_IRQHandler</a> from startup_stm32f2xx.o(.text) referenced from startup_stm32f2xx.o(RESET)
 <LI><a href="#[5b]">SPI3_IRQHandler</a> from startup_stm32f2xx.o(.text) referenced from startup_stm32f2xx.o(RESET)
 <LI><a href="#[24]">SVC_Handler</a> from stm32f2xx_it.o(i.SVC_Handler) referenced from startup_stm32f2xx.o(RESET)
 <LI><a href="#[27]">SysTick_Handler</a> from stm32f2xx_it.o(i.SysTick_Handler) referenced from startup_stm32f2xx.o(RESET)
 <LI><a href="#[7a]">SystemInit</a> from system_stm32f2xx.o(i.SystemInit) referenced from startup_stm32f2xx.o(.text)
 <LI><a href="#[2a]">TAMP_STAMP_IRQHandler</a> from startup_stm32f2xx.o(.text) referenced from startup_stm32f2xx.o(RESET)
 <LI><a href="#[40]">TIM1_BRK_TIM9_IRQHandler</a> from startup_stm32f2xx.o(.text) referenced from startup_stm32f2xx.o(RESET)
 <LI><a href="#[43]">TIM1_CC_IRQHandler</a> from startup_stm32f2xx.o(.text) referenced from startup_stm32f2xx.o(RESET)
 <LI><a href="#[42]">TIM1_TRG_COM_TIM11_IRQHandler</a> from startup_stm32f2xx.o(.text) referenced from startup_stm32f2xx.o(RESET)
 <LI><a href="#[41]">TIM1_UP_TIM10_IRQHandler</a> from startup_stm32f2xx.o(.text) referenced from startup_stm32f2xx.o(RESET)
 <LI><a href="#[44]">TIM2_IRQHandler</a> from startup_stm32f2xx.o(.text) referenced from startup_stm32f2xx.o(RESET)
 <LI><a href="#[45]">TIM3_IRQHandler</a> from startup_stm32f2xx.o(.text) referenced from startup_stm32f2xx.o(RESET)
 <LI><a href="#[46]">TIM4_IRQHandler</a> from startup_stm32f2xx.o(.text) referenced from startup_stm32f2xx.o(RESET)
 <LI><a href="#[5a]">TIM5_IRQHandler</a> from startup_stm32f2xx.o(.text) referenced from startup_stm32f2xx.o(RESET)
 <LI><a href="#[5e]">TIM6_DAC_IRQHandler</a> from startup_stm32f2xx.o(.text) referenced from startup_stm32f2xx.o(RESET)
 <LI><a href="#[5f]">TIM7_IRQHandler</a> from startup_stm32f2xx.o(.text) referenced from startup_stm32f2xx.o(RESET)
 <LI><a href="#[53]">TIM8_BRK_TIM12_IRQHandler</a> from startup_stm32f2xx.o(.text) referenced from startup_stm32f2xx.o(RESET)
 <LI><a href="#[56]">TIM8_CC_IRQHandler</a> from startup_stm32f2xx.o(.text) referenced from startup_stm32f2xx.o(RESET)
 <LI><a href="#[55]">TIM8_TRG_COM_TIM14_IRQHandler</a> from startup_stm32f2xx.o(.text) referenced from startup_stm32f2xx.o(RESET)
 <LI><a href="#[54]">TIM8_UP_TIM13_IRQHandler</a> from startup_stm32f2xx.o(.text) referenced from startup_stm32f2xx.o(RESET)
 <LI><a href="#[5c]">UART4_IRQHandler</a> from startup_stm32f2xx.o(.text) referenced from startup_stm32f2xx.o(RESET)
 <LI><a href="#[5d]">UART5_IRQHandler</a> from startup_stm32f2xx.o(.text) referenced from startup_stm32f2xx.o(RESET)
 <LI><a href="#[4d]">USART1_IRQHandler</a> from stm32f2xx_it.o(i.USART1_IRQHandler) referenced from startup_stm32f2xx.o(RESET)
 <LI><a href="#[4e]">USART2_IRQHandler</a> from stm32f2xx_it.o(i.USART2_IRQHandler) referenced from startup_stm32f2xx.o(RESET)
 <LI><a href="#[4f]">USART3_IRQHandler</a> from stm32f2xx_it.o(i.USART3_IRQHandler) referenced from startup_stm32f2xx.o(RESET)
 <LI><a href="#[6f]">USART6_IRQHandler</a> from startup_stm32f2xx.o(.text) referenced from startup_stm32f2xx.o(RESET)
 <LI><a href="#[8]">USBD_DataInStage</a> from usbd_core.o(i.USBD_DataInStage) referenced 2 times from usbd_core.o(.data)
 <LI><a href="#[7]">USBD_DataOutStage</a> from usbd_core.o(i.USBD_DataOutStage) referenced 2 times from usbd_core.o(.data)
 <LI><a href="#[3]">USBD_HID_DataIn</a> from usbd_hid_core.o(i.USBD_HID_DataIn) referenced 2 times from usbd_hid_core.o(.data)
 <LI><a href="#[4]">USBD_HID_DataOut</a> from usbd_hid_core.o(i.USBD_HID_DataOut) referenced 2 times from usbd_hid_core.o(.data)
 <LI><a href="#[1]">USBD_HID_DeInit</a> from usbd_hid_core.o(i.USBD_HID_DeInit) referenced 2 times from usbd_hid_core.o(.data)
 <LI><a href="#[6]">USBD_HID_GetCfgDesc</a> from usbd_hid_core.o(i.USBD_HID_GetCfgDesc) referenced 2 times from usbd_hid_core.o(.data)
 <LI><a href="#[0]">USBD_HID_Init</a> from usbd_hid_core.o(i.USBD_HID_Init) referenced 2 times from usbd_hid_core.o(.data)
 <LI><a href="#[5]">USBD_HID_SOF</a> from usbd_hid_core.o(i.USBD_HID_SOF) referenced 2 times from usbd_hid_core.o(.data)
 <LI><a href="#[2]">USBD_HID_Setup</a> from usbd_hid_core.o(i.USBD_HID_Setup) referenced 2 times from usbd_hid_core.o(.data)
 <LI><a href="#[e]">USBD_IsoINIncomplete</a> from usbd_core.o(i.USBD_IsoINIncomplete) referenced 2 times from usbd_core.o(.data)
 <LI><a href="#[f]">USBD_IsoOUTIncomplete</a> from usbd_core.o(i.USBD_IsoOUTIncomplete) referenced 2 times from usbd_core.o(.data)
 <LI><a href="#[b]">USBD_Reset</a> from usbd_core.o(i.USBD_Reset) referenced 2 times from usbd_core.o(.data)
 <LI><a href="#[d]">USBD_Resume</a> from usbd_core.o(i.USBD_Resume) referenced 2 times from usbd_core.o(.data)
 <LI><a href="#[a]">USBD_SOF</a> from usbd_core.o(i.USBD_SOF) referenced 2 times from usbd_core.o(.data)
 <LI><a href="#[9]">USBD_SetupStage</a> from usbd_core.o(i.USBD_SetupStage) referenced 2 times from usbd_core.o(.data)
 <LI><a href="#[c]">USBD_Suspend</a> from usbd_core.o(i.USBD_Suspend) referenced 2 times from usbd_core.o(.data)
 <LI><a href="#[15]">USBD_USR_ConfigStrDescriptor</a> from usbd_desc.o(i.USBD_USR_ConfigStrDescriptor) referenced 2 times from usbd_desc.o(.data)
 <LI><a href="#[19]">USBD_USR_DeviceConfigured</a> from usbd_usr.o(i.USBD_USR_DeviceConfigured) referenced 2 times from usbd_usr.o(.data)
 <LI><a href="#[1c]">USBD_USR_DeviceConnected</a> from usbd_usr.o(i.USBD_USR_DeviceConnected) referenced 2 times from usbd_usr.o(.data)
 <LI><a href="#[10]">USBD_USR_DeviceDescriptor</a> from usbd_desc.o(i.USBD_USR_DeviceDescriptor) referenced 2 times from usbd_desc.o(.data)
 <LI><a href="#[1d]">USBD_USR_DeviceDisconnected</a> from usbd_usr.o(i.USBD_USR_DeviceDisconnected) referenced 2 times from usbd_usr.o(.data)
 <LI><a href="#[18]">USBD_USR_DeviceReset</a> from usbd_usr.o(i.USBD_USR_DeviceReset) referenced 2 times from usbd_usr.o(.data)
 <LI><a href="#[1b]">USBD_USR_DeviceResumed</a> from usbd_usr.o(i.USBD_USR_DeviceResumed) referenced 2 times from usbd_usr.o(.data)
 <LI><a href="#[1a]">USBD_USR_DeviceSuspended</a> from usbd_usr.o(i.USBD_USR_DeviceSuspended) referenced 2 times from usbd_usr.o(.data)
 <LI><a href="#[17]">USBD_USR_Init</a> from usbd_usr.o(i.USBD_USR_Init) referenced 2 times from usbd_usr.o(.data)
 <LI><a href="#[16]">USBD_USR_InterfaceStrDescriptor</a> from usbd_desc.o(i.USBD_USR_InterfaceStrDescriptor) referenced 2 times from usbd_desc.o(.data)
 <LI><a href="#[11]">USBD_USR_LangIDStrDescriptor</a> from usbd_desc.o(i.USBD_USR_LangIDStrDescriptor) referenced 2 times from usbd_desc.o(.data)
 <LI><a href="#[12]">USBD_USR_ManufacturerStrDescriptor</a> from usbd_desc.o(i.USBD_USR_ManufacturerStrDescriptor) referenced 2 times from usbd_desc.o(.data)
 <LI><a href="#[13]">USBD_USR_ProductStrDescriptor</a> from usbd_desc.o(i.USBD_USR_ProductStrDescriptor) referenced 2 times from usbd_desc.o(.data)
 <LI><a href="#[14]">USBD_USR_SerialStrDescriptor</a> from usbd_desc.o(i.USBD_USR_SerialStrDescriptor) referenced 2 times from usbd_desc.o(.data)
 <LI><a href="#[23]">UsageFault_Handler</a> from stm32f2xx_it.o(i.UsageFault_Handler) referenced from startup_stm32f2xx.o(RESET)
 <LI><a href="#[28]">WWDG_IRQHandler</a> from startup_stm32f2xx.o(.text) referenced from startup_stm32f2xx.o(RESET)
 <LI><a href="#[7b]">__main</a> from entry.o(.ARM.Collect$$$$00000000) referenced from startup_stm32f2xx.o(.text)
 <LI><a href="#[7d]">_sbackspace</a> from _sgetc.o(.text) referenced from __0sscanf.o(.text)
 <LI><a href="#[7e]">_scanf_char_input</a> from scanf_char.o(.text) referenced from scanf_char.o(.text)
 <LI><a href="#[7c]">_sgetc</a> from _sgetc.o(.text) referenced from __0sscanf.o(.text)
 <LI><a href="#[83]">_snputc</a> from printf5.o(i._snputc) referenced from printf5.o(i.__0snprintf$5)
 <LI><a href="#[84]">_sputc</a> from printf5.o(i._sputc) referenced from printf5.o(i.__0sprintf$5)
 <LI><a href="#[88]">conn_err</a> from httpserver.o(i.conn_err) referenced from httpserver.o(i.http_accept)
 <LI><a href="#[85]">etharp_output</a> from etharp.o(i.etharp_output) referenced from ethernetif.o(i.ethernetif_init)
 <LI><a href="#[81]">ethernet_input</a> from etharp.o(i.ethernet_input) referenced from netconf.o(i.LwIP_Init)
 <LI><a href="#[82]">ethernetif_init</a> from ethernetif.o(i.ethernetif_init) referenced from netconf.o(i.LwIP_Init)
 <LI><a href="#[80]">http_accept</a> from httpserver.o(i.http_accept) referenced from httpserver.o(i.IAP_httpd_init)
 <LI><a href="#[89]">http_poll</a> from httpserver.o(i.http_poll) referenced from httpserver.o(i.http_accept)
 <LI><a href="#[87]">http_recv</a> from httpserver.o(i.http_recv) referenced from httpserver.o(i.http_accept)
 <LI><a href="#[8a]">http_sent</a> from httpserver.o(i.http_sent) referenced from httpserver.o(i.http_recv)
 <LI><a href="#[7f]">isspace</a> from isspace_c.o(.text) referenced from scanf_char.o(.text)
 <LI><a href="#[86]">low_level_output</a> from ethernetif.o(i.low_level_output) referenced from ethernetif.o(i.ethernetif_init)
 <LI><a href="#[79]">main</a> from main.o(i.main) referenced from entry9a.o(.ARM.Collect$$$$0000000B)
 <LI><a href="#[8c]">tcp_accept_null</a> from tcp.o(i.tcp_accept_null) referenced from tcp.o(i.tcp_listen_with_backlog)
 <LI><a href="#[8b]">tcp_recv_null</a> from tcp.o(i.tcp_recv_null) referenced from tcp.o(i.tcp_alloc)
 <LI><a href="#[8f]">telnet_accept</a> from telnet.o(i.telnet_accept) referenced from telnet.o(i.telnet_init)
 <LI><a href="#[8d]">telnet_conn_err</a> from telnet.o(i.telnet_conn_err) referenced from telnet.o(i.telnet_accept)
 <LI><a href="#[8e]">telnet_recv</a> from telnet.o(i.telnet_recv) referenced from telnet.o(i.telnet_accept)
</UL>
<P>
<H3>
Global Symbols
</H3>
<P><STRONG><a name="[7b]"></a>__main</STRONG> (Thumb, 0 bytes, Stack size unknown bytes, entry.o(.ARM.Collect$$$$00000000))
<BR>[Address Reference Count : 1]<UL><LI> startup_stm32f2xx.o(.text)
</UL>
<P><STRONG><a name="[239]"></a>_main_stk</STRONG> (Thumb, 0 bytes, Stack size unknown bytes, entry2.o(.ARM.Collect$$$$00000001))

<P><STRONG><a name="[90]"></a>_main_scatterload</STRONG> (Thumb, 0 bytes, Stack size unknown bytes, entry5.o(.ARM.Collect$$$$00000004))
<BR><BR>[Calls]<UL><LI><a href="#[91]">&gt;&gt;</a>&nbsp;&nbsp;&nbsp;__scatterload
</UL>

<P><STRONG><a name="[9d]"></a>__main_after_scatterload</STRONG> (Thumb, 0 bytes, Stack size unknown bytes, entry5.o(.ARM.Collect$$$$00000004))
<BR><BR>[Called By]<UL><LI><a href="#[91]">&gt;&gt;</a>&nbsp;&nbsp;&nbsp;__scatterload
</UL>

<P><STRONG><a name="[23a]"></a>_main_clock</STRONG> (Thumb, 0 bytes, Stack size unknown bytes, entry7b.o(.ARM.Collect$$$$00000008))

<P><STRONG><a name="[23b]"></a>_main_cpp_init</STRONG> (Thumb, 0 bytes, Stack size unknown bytes, entry8b.o(.ARM.Collect$$$$0000000A))

<P><STRONG><a name="[23c]"></a>_main_init</STRONG> (Thumb, 0 bytes, Stack size unknown bytes, entry9a.o(.ARM.Collect$$$$0000000B))

<P><STRONG><a name="[23d]"></a>__rt_final_cpp</STRONG> (Thumb, 0 bytes, Stack size unknown bytes, entry10a.o(.ARM.Collect$$$$0000000D))

<P><STRONG><a name="[23e]"></a>__rt_final_exit</STRONG> (Thumb, 0 bytes, Stack size unknown bytes, entry11a.o(.ARM.Collect$$$$0000000F))

<P><STRONG><a name="[23f]"></a>__get_PSP</STRONG> (Thumb, 6 bytes, Stack size 0 bytes, core_cm3.o(.emb_text), UNUSED)

<P><STRONG><a name="[240]"></a>__set_PSP</STRONG> (Thumb, 6 bytes, Stack size 0 bytes, core_cm3.o(.emb_text), UNUSED)

<P><STRONG><a name="[241]"></a>__get_MSP</STRONG> (Thumb, 6 bytes, Stack size 0 bytes, core_cm3.o(.emb_text), UNUSED)

<P><STRONG><a name="[1c8]"></a>__set_MSP</STRONG> (Thumb, 6 bytes, Stack size 0 bytes, core_cm3.o(.emb_text))
<BR><BR>[Called By]<UL><LI><a href="#[194]">&gt;&gt;</a>&nbsp;&nbsp;&nbsp;exec_iap_fun
</UL>

<P><STRONG><a name="[242]"></a>__REV16</STRONG> (Thumb, 4 bytes, Stack size 0 bytes, core_cm3.o(.emb_text), UNUSED)

<P><STRONG><a name="[243]"></a>__REVSH</STRONG> (Thumb, 4 bytes, Stack size 0 bytes, core_cm3.o(.emb_text), UNUSED)

<P><STRONG><a name="[1e]"></a>Reset_Handler</STRONG> (Thumb, 8 bytes, Stack size 0 bytes, startup_stm32f2xx.o(.text))
<BR>[Address Reference Count : 1]<UL><LI> startup_stm32f2xx.o(RESET)
</UL>
<P><STRONG><a name="[3a]"></a>ADC_IRQHandler</STRONG> (Thumb, 0 bytes, Stack size 0 bytes, startup_stm32f2xx.o(.text))
<BR><BR>[Calls]<UL><LI><a href="#[3a]">&gt;&gt;</a>&nbsp;&nbsp;&nbsp;ADC_IRQHandler
</UL>
<BR>[Called By]<UL><LI><a href="#[3a]">&gt;&gt;</a>&nbsp;&nbsp;&nbsp;ADC_IRQHandler
</UL>
<BR>[Address Reference Count : 1]<UL><LI> startup_stm32f2xx.o(RESET)
</UL>
<P><STRONG><a name="[3c]"></a>CAN1_RX0_IRQHandler</STRONG> (Thumb, 0 bytes, Stack size 0 bytes, startup_stm32f2xx.o(.text))
<BR>[Address Reference Count : 1]<UL><LI> startup_stm32f2xx.o(RESET)
</UL>
<P><STRONG><a name="[3d]"></a>CAN1_RX1_IRQHandler</STRONG> (Thumb, 0 bytes, Stack size 0 bytes, startup_stm32f2xx.o(.text))
<BR>[Address Reference Count : 1]<UL><LI> startup_stm32f2xx.o(RESET)
</UL>
<P><STRONG><a name="[3e]"></a>CAN1_SCE_IRQHandler</STRONG> (Thumb, 0 bytes, Stack size 0 bytes, startup_stm32f2xx.o(.text))
<BR>[Address Reference Count : 1]<UL><LI> startup_stm32f2xx.o(RESET)
</UL>
<P><STRONG><a name="[3b]"></a>CAN1_TX_IRQHandler</STRONG> (Thumb, 0 bytes, Stack size 0 bytes, startup_stm32f2xx.o(.text))
<BR>[Address Reference Count : 1]<UL><LI> startup_stm32f2xx.o(RESET)
</UL>
<P><STRONG><a name="[68]"></a>CAN2_RX0_IRQHandler</STRONG> (Thumb, 0 bytes, Stack size 0 bytes, startup_stm32f2xx.o(.text))
<BR>[Address Reference Count : 1]<UL><LI> startup_stm32f2xx.o(RESET)
</UL>
<P><STRONG><a name="[69]"></a>CAN2_RX1_IRQHandler</STRONG> (Thumb, 0 bytes, Stack size 0 bytes, startup_stm32f2xx.o(.text))
<BR>[Address Reference Count : 1]<UL><LI> startup_stm32f2xx.o(RESET)
</UL>
<P><STRONG><a name="[6a]"></a>CAN2_SCE_IRQHandler</STRONG> (Thumb, 0 bytes, Stack size 0 bytes, startup_stm32f2xx.o(.text))
<BR>[Address Reference Count : 1]<UL><LI> startup_stm32f2xx.o(RESET)
</UL>
<P><STRONG><a name="[67]"></a>CAN2_TX_IRQHandler</STRONG> (Thumb, 0 bytes, Stack size 0 bytes, startup_stm32f2xx.o(.text))
<BR>[Address Reference Count : 1]<UL><LI> startup_stm32f2xx.o(RESET)
</UL>
<P><STRONG><a name="[77]"></a>CRYP_IRQHandler</STRONG> (Thumb, 0 bytes, Stack size 0 bytes, startup_stm32f2xx.o(.text))
<BR>[Address Reference Count : 1]<UL><LI> startup_stm32f2xx.o(RESET)
</UL>
<P><STRONG><a name="[76]"></a>DCMI_IRQHandler</STRONG> (Thumb, 0 bytes, Stack size 0 bytes, startup_stm32f2xx.o(.text))
<BR>[Address Reference Count : 1]<UL><LI> startup_stm32f2xx.o(RESET)
</UL>
<P><STRONG><a name="[33]"></a>DMA1_Stream0_IRQHandler</STRONG> (Thumb, 0 bytes, Stack size 0 bytes, startup_stm32f2xx.o(.text))
<BR>[Address Reference Count : 1]<UL><LI> startup_stm32f2xx.o(RESET)
</UL>
<P><STRONG><a name="[34]"></a>DMA1_Stream1_IRQHandler</STRONG> (Thumb, 0 bytes, Stack size 0 bytes, startup_stm32f2xx.o(.text))
<BR>[Address Reference Count : 1]<UL><LI> startup_stm32f2xx.o(RESET)
</UL>
<P><STRONG><a name="[35]"></a>DMA1_Stream2_IRQHandler</STRONG> (Thumb, 0 bytes, Stack size 0 bytes, startup_stm32f2xx.o(.text))
<BR>[Address Reference Count : 1]<UL><LI> startup_stm32f2xx.o(RESET)
</UL>
<P><STRONG><a name="[36]"></a>DMA1_Stream3_IRQHandler</STRONG> (Thumb, 0 bytes, Stack size 0 bytes, startup_stm32f2xx.o(.text))
<BR>[Address Reference Count : 1]<UL><LI> startup_stm32f2xx.o(RESET)
</UL>
<P><STRONG><a name="[37]"></a>DMA1_Stream4_IRQHandler</STRONG> (Thumb, 0 bytes, Stack size 0 bytes, startup_stm32f2xx.o(.text))
<BR>[Address Reference Count : 1]<UL><LI> startup_stm32f2xx.o(RESET)
</UL>
<P><STRONG><a name="[38]"></a>DMA1_Stream5_IRQHandler</STRONG> (Thumb, 0 bytes, Stack size 0 bytes, startup_stm32f2xx.o(.text))
<BR>[Address Reference Count : 1]<UL><LI> startup_stm32f2xx.o(RESET)
</UL>
<P><STRONG><a name="[39]"></a>DMA1_Stream6_IRQHandler</STRONG> (Thumb, 0 bytes, Stack size 0 bytes, startup_stm32f2xx.o(.text))
<BR>[Address Reference Count : 1]<UL><LI> startup_stm32f2xx.o(RESET)
</UL>
<P><STRONG><a name="[57]"></a>DMA1_Stream7_IRQHandler</STRONG> (Thumb, 0 bytes, Stack size 0 bytes, startup_stm32f2xx.o(.text))
<BR>[Address Reference Count : 1]<UL><LI> startup_stm32f2xx.o(RESET)
</UL>
<P><STRONG><a name="[60]"></a>DMA2_Stream0_IRQHandler</STRONG> (Thumb, 0 bytes, Stack size 0 bytes, startup_stm32f2xx.o(.text))
<BR>[Address Reference Count : 1]<UL><LI> startup_stm32f2xx.o(RESET)
</UL>
<P><STRONG><a name="[61]"></a>DMA2_Stream1_IRQHandler</STRONG> (Thumb, 0 bytes, Stack size 0 bytes, startup_stm32f2xx.o(.text))
<BR>[Address Reference Count : 1]<UL><LI> startup_stm32f2xx.o(RESET)
</UL>
<P><STRONG><a name="[62]"></a>DMA2_Stream2_IRQHandler</STRONG> (Thumb, 0 bytes, Stack size 0 bytes, startup_stm32f2xx.o(.text))
<BR>[Address Reference Count : 1]<UL><LI> startup_stm32f2xx.o(RESET)
</UL>
<P><STRONG><a name="[64]"></a>DMA2_Stream4_IRQHandler</STRONG> (Thumb, 0 bytes, Stack size 0 bytes, startup_stm32f2xx.o(.text))
<BR>[Address Reference Count : 1]<UL><LI> startup_stm32f2xx.o(RESET)
</UL>
<P><STRONG><a name="[6c]"></a>DMA2_Stream5_IRQHandler</STRONG> (Thumb, 0 bytes, Stack size 0 bytes, startup_stm32f2xx.o(.text))
<BR>[Address Reference Count : 1]<UL><LI> startup_stm32f2xx.o(RESET)
</UL>
<P><STRONG><a name="[6d]"></a>DMA2_Stream6_IRQHandler</STRONG> (Thumb, 0 bytes, Stack size 0 bytes, startup_stm32f2xx.o(.text))
<BR>[Address Reference Count : 1]<UL><LI> startup_stm32f2xx.o(RESET)
</UL>
<P><STRONG><a name="[6e]"></a>DMA2_Stream7_IRQHandler</STRONG> (Thumb, 0 bytes, Stack size 0 bytes, startup_stm32f2xx.o(.text))
<BR>[Address Reference Count : 1]<UL><LI> startup_stm32f2xx.o(RESET)
</UL>
<P><STRONG><a name="[65]"></a>ETH_IRQHandler</STRONG> (Thumb, 0 bytes, Stack size 0 bytes, startup_stm32f2xx.o(.text))
<BR>[Address Reference Count : 1]<UL><LI> startup_stm32f2xx.o(RESET)
</UL>
<P><STRONG><a name="[66]"></a>ETH_WKUP_IRQHandler</STRONG> (Thumb, 0 bytes, Stack size 0 bytes, startup_stm32f2xx.o(.text))
<BR>[Address Reference Count : 1]<UL><LI> startup_stm32f2xx.o(RESET)
</UL>
<P><STRONG><a name="[2e]"></a>EXTI0_IRQHandler</STRONG> (Thumb, 0 bytes, Stack size 0 bytes, startup_stm32f2xx.o(.text))
<BR>[Address Reference Count : 1]<UL><LI> startup_stm32f2xx.o(RESET)
</UL>
<P><STRONG><a name="[2f]"></a>EXTI1_IRQHandler</STRONG> (Thumb, 0 bytes, Stack size 0 bytes, startup_stm32f2xx.o(.text))
<BR>[Address Reference Count : 1]<UL><LI> startup_stm32f2xx.o(RESET)
</UL>
<P><STRONG><a name="[30]"></a>EXTI2_IRQHandler</STRONG> (Thumb, 0 bytes, Stack size 0 bytes, startup_stm32f2xx.o(.text))
<BR>[Address Reference Count : 1]<UL><LI> startup_stm32f2xx.o(RESET)
</UL>
<P><STRONG><a name="[31]"></a>EXTI3_IRQHandler</STRONG> (Thumb, 0 bytes, Stack size 0 bytes, startup_stm32f2xx.o(.text))
<BR>[Address Reference Count : 1]<UL><LI> startup_stm32f2xx.o(RESET)
</UL>
<P><STRONG><a name="[32]"></a>EXTI4_IRQHandler</STRONG> (Thumb, 0 bytes, Stack size 0 bytes, startup_stm32f2xx.o(.text))
<BR>[Address Reference Count : 1]<UL><LI> startup_stm32f2xx.o(RESET)
</UL>
<P><STRONG><a name="[3f]"></a>EXTI9_5_IRQHandler</STRONG> (Thumb, 0 bytes, Stack size 0 bytes, startup_stm32f2xx.o(.text))
<BR>[Address Reference Count : 1]<UL><LI> startup_stm32f2xx.o(RESET)
</UL>
<P><STRONG><a name="[2c]"></a>FLASH_IRQHandler</STRONG> (Thumb, 0 bytes, Stack size 0 bytes, startup_stm32f2xx.o(.text))
<BR>[Address Reference Count : 1]<UL><LI> startup_stm32f2xx.o(RESET)
</UL>
<P><STRONG><a name="[58]"></a>FSMC_IRQHandler</STRONG> (Thumb, 0 bytes, Stack size 0 bytes, startup_stm32f2xx.o(.text))
<BR>[Address Reference Count : 1]<UL><LI> startup_stm32f2xx.o(RESET)
</UL>
<P><STRONG><a name="[78]"></a>HASH_RNG_IRQHandler</STRONG> (Thumb, 0 bytes, Stack size 0 bytes, startup_stm32f2xx.o(.text))
<BR>[Address Reference Count : 1]<UL><LI> startup_stm32f2xx.o(RESET)
</UL>
<P><STRONG><a name="[48]"></a>I2C1_ER_IRQHandler</STRONG> (Thumb, 0 bytes, Stack size 0 bytes, startup_stm32f2xx.o(.text))
<BR>[Address Reference Count : 1]<UL><LI> startup_stm32f2xx.o(RESET)
</UL>
<P><STRONG><a name="[47]"></a>I2C1_EV_IRQHandler</STRONG> (Thumb, 0 bytes, Stack size 0 bytes, startup_stm32f2xx.o(.text))
<BR>[Address Reference Count : 1]<UL><LI> startup_stm32f2xx.o(RESET)
</UL>
<P><STRONG><a name="[4a]"></a>I2C2_ER_IRQHandler</STRONG> (Thumb, 0 bytes, Stack size 0 bytes, startup_stm32f2xx.o(.text))
<BR>[Address Reference Count : 1]<UL><LI> startup_stm32f2xx.o(RESET)
</UL>
<P><STRONG><a name="[49]"></a>I2C2_EV_IRQHandler</STRONG> (Thumb, 0 bytes, Stack size 0 bytes, startup_stm32f2xx.o(.text))
<BR>[Address Reference Count : 1]<UL><LI> startup_stm32f2xx.o(RESET)
</UL>
<P><STRONG><a name="[71]"></a>I2C3_ER_IRQHandler</STRONG> (Thumb, 0 bytes, Stack size 0 bytes, startup_stm32f2xx.o(.text))
<BR>[Address Reference Count : 1]<UL><LI> startup_stm32f2xx.o(RESET)
</UL>
<P><STRONG><a name="[70]"></a>I2C3_EV_IRQHandler</STRONG> (Thumb, 0 bytes, Stack size 0 bytes, startup_stm32f2xx.o(.text))
<BR>[Address Reference Count : 1]<UL><LI> startup_stm32f2xx.o(RESET)
</UL>
<P><STRONG><a name="[73]"></a>OTG_HS_EP1_IN_IRQHandler</STRONG> (Thumb, 0 bytes, Stack size 0 bytes, startup_stm32f2xx.o(.text))
<BR>[Address Reference Count : 1]<UL><LI> startup_stm32f2xx.o(RESET)
</UL>
<P><STRONG><a name="[72]"></a>OTG_HS_EP1_OUT_IRQHandler</STRONG> (Thumb, 0 bytes, Stack size 0 bytes, startup_stm32f2xx.o(.text))
<BR>[Address Reference Count : 1]<UL><LI> startup_stm32f2xx.o(RESET)
</UL>
<P><STRONG><a name="[75]"></a>OTG_HS_IRQHandler</STRONG> (Thumb, 0 bytes, Stack size 0 bytes, startup_stm32f2xx.o(.text))
<BR>[Address Reference Count : 1]<UL><LI> startup_stm32f2xx.o(RESET)
</UL>
<P><STRONG><a name="[74]"></a>OTG_HS_WKUP_IRQHandler</STRONG> (Thumb, 0 bytes, Stack size 0 bytes, startup_stm32f2xx.o(.text))
<BR>[Address Reference Count : 1]<UL><LI> startup_stm32f2xx.o(RESET)
</UL>
<P><STRONG><a name="[29]"></a>PVD_IRQHandler</STRONG> (Thumb, 0 bytes, Stack size 0 bytes, startup_stm32f2xx.o(.text))
<BR>[Address Reference Count : 1]<UL><LI> startup_stm32f2xx.o(RESET)
</UL>
<P><STRONG><a name="[2d]"></a>RCC_IRQHandler</STRONG> (Thumb, 0 bytes, Stack size 0 bytes, startup_stm32f2xx.o(.text))
<BR>[Address Reference Count : 1]<UL><LI> startup_stm32f2xx.o(RESET)
</UL>
<P><STRONG><a name="[51]"></a>RTC_Alarm_IRQHandler</STRONG> (Thumb, 0 bytes, Stack size 0 bytes, startup_stm32f2xx.o(.text))
<BR>[Address Reference Count : 1]<UL><LI> startup_stm32f2xx.o(RESET)
</UL>
<P><STRONG><a name="[2b]"></a>RTC_WKUP_IRQHandler</STRONG> (Thumb, 0 bytes, Stack size 0 bytes, startup_stm32f2xx.o(.text))
<BR>[Address Reference Count : 1]<UL><LI> startup_stm32f2xx.o(RESET)
</UL>
<P><STRONG><a name="[4b]"></a>SPI1_IRQHandler</STRONG> (Thumb, 0 bytes, Stack size 0 bytes, startup_stm32f2xx.o(.text))
<BR>[Address Reference Count : 1]<UL><LI> startup_stm32f2xx.o(RESET)
</UL>
<P><STRONG><a name="[4c]"></a>SPI2_IRQHandler</STRONG> (Thumb, 0 bytes, Stack size 0 bytes, startup_stm32f2xx.o(.text))
<BR>[Address Reference Count : 1]<UL><LI> startup_stm32f2xx.o(RESET)
</UL>
<P><STRONG><a name="[5b]"></a>SPI3_IRQHandler</STRONG> (Thumb, 0 bytes, Stack size 0 bytes, startup_stm32f2xx.o(.text))
<BR>[Address Reference Count : 1]<UL><LI> startup_stm32f2xx.o(RESET)
</UL>
<P><STRONG><a name="[2a]"></a>TAMP_STAMP_IRQHandler</STRONG> (Thumb, 0 bytes, Stack size 0 bytes, startup_stm32f2xx.o(.text))
<BR>[Address Reference Count : 1]<UL><LI> startup_stm32f2xx.o(RESET)
</UL>
<P><STRONG><a name="[40]"></a>TIM1_BRK_TIM9_IRQHandler</STRONG> (Thumb, 0 bytes, Stack size 0 bytes, startup_stm32f2xx.o(.text))
<BR>[Address Reference Count : 1]<UL><LI> startup_stm32f2xx.o(RESET)
</UL>
<P><STRONG><a name="[43]"></a>TIM1_CC_IRQHandler</STRONG> (Thumb, 0 bytes, Stack size 0 bytes, startup_stm32f2xx.o(.text))
<BR>[Address Reference Count : 1]<UL><LI> startup_stm32f2xx.o(RESET)
</UL>
<P><STRONG><a name="[42]"></a>TIM1_TRG_COM_TIM11_IRQHandler</STRONG> (Thumb, 0 bytes, Stack size 0 bytes, startup_stm32f2xx.o(.text))
<BR>[Address Reference Count : 1]<UL><LI> startup_stm32f2xx.o(RESET)
</UL>
<P><STRONG><a name="[41]"></a>TIM1_UP_TIM10_IRQHandler</STRONG> (Thumb, 0 bytes, Stack size 0 bytes, startup_stm32f2xx.o(.text))
<BR>[Address Reference Count : 1]<UL><LI> startup_stm32f2xx.o(RESET)
</UL>
<P><STRONG><a name="[44]"></a>TIM2_IRQHandler</STRONG> (Thumb, 0 bytes, Stack size 0 bytes, startup_stm32f2xx.o(.text))
<BR>[Address Reference Count : 1]<UL><LI> startup_stm32f2xx.o(RESET)
</UL>
<P><STRONG><a name="[45]"></a>TIM3_IRQHandler</STRONG> (Thumb, 0 bytes, Stack size 0 bytes, startup_stm32f2xx.o(.text))
<BR>[Address Reference Count : 1]<UL><LI> startup_stm32f2xx.o(RESET)
</UL>
<P><STRONG><a name="[46]"></a>TIM4_IRQHandler</STRONG> (Thumb, 0 bytes, Stack size 0 bytes, startup_stm32f2xx.o(.text))
<BR>[Address Reference Count : 1]<UL><LI> startup_stm32f2xx.o(RESET)
</UL>
<P><STRONG><a name="[5a]"></a>TIM5_IRQHandler</STRONG> (Thumb, 0 bytes, Stack size 0 bytes, startup_stm32f2xx.o(.text))
<BR>[Address Reference Count : 1]<UL><LI> startup_stm32f2xx.o(RESET)
</UL>
<P><STRONG><a name="[5e]"></a>TIM6_DAC_IRQHandler</STRONG> (Thumb, 0 bytes, Stack size 0 bytes, startup_stm32f2xx.o(.text))
<BR>[Address Reference Count : 1]<UL><LI> startup_stm32f2xx.o(RESET)
</UL>
<P><STRONG><a name="[5f]"></a>TIM7_IRQHandler</STRONG> (Thumb, 0 bytes, Stack size 0 bytes, startup_stm32f2xx.o(.text))
<BR>[Address Reference Count : 1]<UL><LI> startup_stm32f2xx.o(RESET)
</UL>
<P><STRONG><a name="[53]"></a>TIM8_BRK_TIM12_IRQHandler</STRONG> (Thumb, 0 bytes, Stack size 0 bytes, startup_stm32f2xx.o(.text))
<BR>[Address Reference Count : 1]<UL><LI> startup_stm32f2xx.o(RESET)
</UL>
<P><STRONG><a name="[56]"></a>TIM8_CC_IRQHandler</STRONG> (Thumb, 0 bytes, Stack size 0 bytes, startup_stm32f2xx.o(.text))
<BR>[Address Reference Count : 1]<UL><LI> startup_stm32f2xx.o(RESET)
</UL>
<P><STRONG><a name="[55]"></a>TIM8_TRG_COM_TIM14_IRQHandler</STRONG> (Thumb, 0 bytes, Stack size 0 bytes, startup_stm32f2xx.o(.text))
<BR>[Address Reference Count : 1]<UL><LI> startup_stm32f2xx.o(RESET)
</UL>
<P><STRONG><a name="[54]"></a>TIM8_UP_TIM13_IRQHandler</STRONG> (Thumb, 0 bytes, Stack size 0 bytes, startup_stm32f2xx.o(.text))
<BR>[Address Reference Count : 1]<UL><LI> startup_stm32f2xx.o(RESET)
</UL>
<P><STRONG><a name="[5c]"></a>UART4_IRQHandler</STRONG> (Thumb, 0 bytes, Stack size 0 bytes, startup_stm32f2xx.o(.text))
<BR>[Address Reference Count : 1]<UL><LI> startup_stm32f2xx.o(RESET)
</UL>
<P><STRONG><a name="[5d]"></a>UART5_IRQHandler</STRONG> (Thumb, 0 bytes, Stack size 0 bytes, startup_stm32f2xx.o(.text))
<BR>[Address Reference Count : 1]<UL><LI> startup_stm32f2xx.o(RESET)
</UL>
<P><STRONG><a name="[6f]"></a>USART6_IRQHandler</STRONG> (Thumb, 0 bytes, Stack size 0 bytes, startup_stm32f2xx.o(.text))
<BR>[Address Reference Count : 1]<UL><LI> startup_stm32f2xx.o(RESET)
</UL>
<P><STRONG><a name="[28]"></a>WWDG_IRQHandler</STRONG> (Thumb, 0 bytes, Stack size 0 bytes, startup_stm32f2xx.o(.text))
<BR>[Address Reference Count : 1]<UL><LI> startup_stm32f2xx.o(RESET)
</UL>
<P><STRONG><a name="[18f]"></a>__aeabi_memcpy</STRONG> (Thumb, 36 bytes, Stack size 0 bytes, memcpya.o(.text))
<BR><BR>[Called By]<UL><LI><a href="#[1fc]">&gt;&gt;</a>&nbsp;&nbsp;&nbsp;save_init
<LI><a href="#[1bd]">&gt;&gt;</a>&nbsp;&nbsp;&nbsp;pbuf_copy
<LI><a href="#[1d4]">&gt;&gt;</a>&nbsp;&nbsp;&nbsp;icmp_send_response
<LI><a href="#[1e2]">&gt;&gt;</a>&nbsp;&nbsp;&nbsp;pbuf_copy_partial
<LI><a href="#[1e6]">&gt;&gt;</a>&nbsp;&nbsp;&nbsp;ip_reass
<LI><a href="#[1e1]">&gt;&gt;</a>&nbsp;&nbsp;&nbsp;ip_frag
<LI><a href="#[1f1]">&gt;&gt;</a>&nbsp;&nbsp;&nbsp;ip_reass_free_complete_datagram
<LI><a href="#[1ed]">&gt;&gt;</a>&nbsp;&nbsp;&nbsp;ip_reass_enqueue_new_datagram
<LI><a href="#[86]">&gt;&gt;</a>&nbsp;&nbsp;&nbsp;low_level_output
<LI><a href="#[1c4]">&gt;&gt;</a>&nbsp;&nbsp;&nbsp;low_level_input
<LI><a href="#[21f]">&gt;&gt;</a>&nbsp;&nbsp;&nbsp;tcp_enqueue
<LI><a href="#[1a9]">&gt;&gt;</a>&nbsp;&nbsp;&nbsp;uart1_get_packet_1
<LI><a href="#[d4]">&gt;&gt;</a>&nbsp;&nbsp;&nbsp;usb_write_buf
<LI><a href="#[18d]">&gt;&gt;</a>&nbsp;&nbsp;&nbsp;UpdateBmp
</UL>

<P><STRONG><a name="[244]"></a>__aeabi_memcpy4</STRONG> (Thumb, 0 bytes, Stack size 0 bytes, memcpya.o(.text), UNUSED)

<P><STRONG><a name="[245]"></a>__aeabi_memcpy8</STRONG> (Thumb, 0 bytes, Stack size 0 bytes, memcpya.o(.text), UNUSED)

<P><STRONG><a name="[93]"></a>__aeabi_memset</STRONG> (Thumb, 14 bytes, Stack size 0 bytes, memseta.o(.text))
<BR><BR>[Called By]<UL><LI><a href="#[94]">&gt;&gt;</a>&nbsp;&nbsp;&nbsp;_memset$wrapper
<LI><a href="#[92]">&gt;&gt;</a>&nbsp;&nbsp;&nbsp;__aeabi_memclr
</UL>

<P><STRONG><a name="[246]"></a>__aeabi_memset4</STRONG> (Thumb, 0 bytes, Stack size 0 bytes, memseta.o(.text), UNUSED)

<P><STRONG><a name="[247]"></a>__aeabi_memset8</STRONG> (Thumb, 0 bytes, Stack size 0 bytes, memseta.o(.text), UNUSED)

<P><STRONG><a name="[92]"></a>__aeabi_memclr</STRONG> (Thumb, 4 bytes, Stack size 0 bytes, memseta.o(.text))
<BR><BR>[Calls]<UL><LI><a href="#[93]">&gt;&gt;</a>&nbsp;&nbsp;&nbsp;__aeabi_memset
</UL>
<BR>[Called By]<UL><LI><a href="#[205]">&gt;&gt;</a>&nbsp;&nbsp;&nbsp;mem_calloc
</UL>

<P><STRONG><a name="[de]"></a>__aeabi_memclr4</STRONG> (Thumb, 0 bytes, Stack size 0 bytes, memseta.o(.text))
<BR><BR>[Called By]<UL><LI><a href="#[1a8]">&gt;&gt;</a>&nbsp;&nbsp;&nbsp;com1_proc
<LI><a href="#[dd]">&gt;&gt;</a>&nbsp;&nbsp;&nbsp;DispFun_NDS
<LI><a href="#[1a0]">&gt;&gt;</a>&nbsp;&nbsp;&nbsp;udp_new
<LI><a href="#[1ed]">&gt;&gt;</a>&nbsp;&nbsp;&nbsp;ip_reass_enqueue_new_datagram
<LI><a href="#[218]">&gt;&gt;</a>&nbsp;&nbsp;&nbsp;tcp_alloc
<LI><a href="#[193]">&gt;&gt;</a>&nbsp;&nbsp;&nbsp;UpdateFirmware
<LI><a href="#[1aa]">&gt;&gt;</a>&nbsp;&nbsp;&nbsp;com1_proc_other_system
<LI><a href="#[e2]">&gt;&gt;</a>&nbsp;&nbsp;&nbsp;LoadConnect
<LI><a href="#[1c7]">&gt;&gt;</a>&nbsp;&nbsp;&nbsp;upgrade
<LI><a href="#[1c5]">&gt;&gt;</a>&nbsp;&nbsp;&nbsp;exce_ptu_cmd
<LI><a href="#[1e0]">&gt;&gt;</a>&nbsp;&nbsp;&nbsp;showip
<LI><a href="#[20d]">&gt;&gt;</a>&nbsp;&nbsp;&nbsp;set_date
<LI><a href="#[8e]">&gt;&gt;</a>&nbsp;&nbsp;&nbsp;telnet_recv
<LI><a href="#[8f]">&gt;&gt;</a>&nbsp;&nbsp;&nbsp;telnet_accept
</UL>

<P><STRONG><a name="[248]"></a>__aeabi_memclr8</STRONG> (Thumb, 0 bytes, Stack size 0 bytes, memseta.o(.text), UNUSED)

<P><STRONG><a name="[94]"></a>_memset$wrapper</STRONG> (Thumb, 18 bytes, Stack size 8 bytes, memseta.o(.text), UNUSED)
<BR><BR>[Calls]<UL><LI><a href="#[93]">&gt;&gt;</a>&nbsp;&nbsp;&nbsp;__aeabi_memset
</UL>

<P><STRONG><a name="[1de]"></a>strstr</STRONG> (Thumb, 36 bytes, Stack size 12 bytes, strstr.o(.text))
<BR><BR>[Stack]<UL><LI>Max Depth = 12<LI>Call Chain = strstr
</UL>
<BR>[Called By]<UL><LI><a href="#[20c]">&gt;&gt;</a>&nbsp;&nbsp;&nbsp;parse_input_parm
<LI><a href="#[1dd]">&gt;&gt;</a>&nbsp;&nbsp;&nbsp;ip_config
</UL>

<P><STRONG><a name="[232]"></a>strncpy</STRONG> (Thumb, 24 bytes, Stack size 8 bytes, strncpy.o(.text))
<BR><BR>[Stack]<UL><LI>Max Depth = 8<LI>Call Chain = strncpy
</UL>
<BR>[Called By]<UL><LI><a href="#[8f]">&gt;&gt;</a>&nbsp;&nbsp;&nbsp;telnet_accept
</UL>

<P><STRONG><a name="[1df]"></a>strchr</STRONG> (Thumb, 20 bytes, Stack size 0 bytes, strchr.o(.text))
<BR><BR>[Called By]<UL><LI><a href="#[1dd]">&gt;&gt;</a>&nbsp;&nbsp;&nbsp;ip_config
</UL>

<P><STRONG><a name="[19b]"></a>strlen</STRONG> (Thumb, 14 bytes, Stack size 0 bytes, strlen.o(.text))
<BR><BR>[Called By]<UL><LI><a href="#[19a]">&gt;&gt;</a>&nbsp;&nbsp;&nbsp;UsbPrintInt
<LI><a href="#[198]">&gt;&gt;</a>&nbsp;&nbsp;&nbsp;UsbPrintConfig
<LI><a href="#[1c7]">&gt;&gt;</a>&nbsp;&nbsp;&nbsp;upgrade
<LI><a href="#[1c5]">&gt;&gt;</a>&nbsp;&nbsp;&nbsp;exce_ptu_cmd
<LI><a href="#[1e0]">&gt;&gt;</a>&nbsp;&nbsp;&nbsp;showip
<LI><a href="#[20d]">&gt;&gt;</a>&nbsp;&nbsp;&nbsp;set_date
<LI><a href="#[8f]">&gt;&gt;</a>&nbsp;&nbsp;&nbsp;telnet_accept
</UL>

<P><STRONG><a name="[1cb]"></a>strcmp</STRONG> (Thumb, 28 bytes, Stack size 8 bytes, strcmp.o(.text))
<BR><BR>[Stack]<UL><LI>Max Depth = 8<LI>Call Chain = strcmp
</UL>
<BR>[Called By]<UL><LI><a href="#[1ca]">&gt;&gt;</a>&nbsp;&nbsp;&nbsp;fs_open
</UL>

<P><STRONG><a name="[233]"></a>strncat</STRONG> (Thumb, 40 bytes, Stack size 8 bytes, strncat.o(.text))
<BR><BR>[Stack]<UL><LI>Max Depth = 8<LI>Call Chain = strncat
</UL>
<BR>[Called By]<UL><LI><a href="#[8f]">&gt;&gt;</a>&nbsp;&nbsp;&nbsp;telnet_accept
</UL>

<P><STRONG><a name="[136]"></a>strncmp</STRONG> (Thumb, 30 bytes, Stack size 12 bytes, strncmp.o(.text))
<BR><BR>[Stack]<UL><LI>Max Depth = 12<LI>Call Chain = strncmp
</UL>
<BR>[Called By]<UL><LI><a href="#[87]">&gt;&gt;</a>&nbsp;&nbsp;&nbsp;http_recv
<LI><a href="#[135]">&gt;&gt;</a>&nbsp;&nbsp;&nbsp;Parse_Content_Length
</UL>

<P><STRONG><a name="[95]"></a>__0sscanf</STRONG> (Thumb, 48 bytes, Stack size 72 bytes, __0sscanf.o(.text))
<BR><BR>[Stack]<UL><LI>Max Depth = 216<LI>Call Chain = __0sscanf &rArr; __vfscanf_char &rArr; __vfscanf &rArr; _scanf_string
</UL>
<BR>[Calls]<UL><LI><a href="#[96]">&gt;&gt;</a>&nbsp;&nbsp;&nbsp;__vfscanf_char
</UL>
<BR>[Called By]<UL><LI><a href="#[20d]">&gt;&gt;</a>&nbsp;&nbsp;&nbsp;set_date
</UL>

<P><STRONG><a name="[97]"></a>_scanf_int</STRONG> (Thumb, 332 bytes, Stack size 56 bytes, _scanf_int.o(.text))
<BR><BR>[Stack]<UL><LI>Max Depth = 56<LI>Call Chain = _scanf_int
</UL>
<BR>[Calls]<UL><LI><a href="#[98]">&gt;&gt;</a>&nbsp;&nbsp;&nbsp;_chval
</UL>
<BR>[Called By]<UL><LI><a href="#[9c]">&gt;&gt;</a>&nbsp;&nbsp;&nbsp;__vfscanf
</UL>

<P><STRONG><a name="[9f]"></a>_scanf_string</STRONG> (Thumb, 218 bytes, Stack size 56 bytes, _scanf_str.o(.text))
<BR><BR>[Stack]<UL><LI>Max Depth = 56<LI>Call Chain = _scanf_string
</UL>
<BR>[Called By]<UL><LI><a href="#[9c]">&gt;&gt;</a>&nbsp;&nbsp;&nbsp;__vfscanf
</UL>

<P><STRONG><a name="[99]"></a>__aeabi_uldivmod</STRONG> (Thumb, 98 bytes, Stack size 40 bytes, uldiv.o(.text), UNUSED)
<BR><BR>[Calls]<UL><LI><a href="#[9a]">&gt;&gt;</a>&nbsp;&nbsp;&nbsp;__aeabi_llsr
<LI><a href="#[9b]">&gt;&gt;</a>&nbsp;&nbsp;&nbsp;__aeabi_llsl
</UL>
<BR>[Called By]<UL><LI><a href="#[19d]">&gt;&gt;</a>&nbsp;&nbsp;&nbsp;_printf_core
</UL>

<P><STRONG><a name="[98]"></a>_chval</STRONG> (Thumb, 28 bytes, Stack size 0 bytes, _chval.o(.text))
<BR><BR>[Called By]<UL><LI><a href="#[97]">&gt;&gt;</a>&nbsp;&nbsp;&nbsp;_scanf_int
</UL>

<P><STRONG><a name="[96]"></a>__vfscanf_char</STRONG> (Thumb, 20 bytes, Stack size 0 bytes, scanf_char.o(.text))
<BR><BR>[Stack]<UL><LI>Max Depth = 144<LI>Call Chain = __vfscanf_char &rArr; __vfscanf &rArr; _scanf_string
</UL>
<BR>[Calls]<UL><LI><a href="#[9c]">&gt;&gt;</a>&nbsp;&nbsp;&nbsp;__vfscanf
</UL>
<BR>[Called By]<UL><LI><a href="#[95]">&gt;&gt;</a>&nbsp;&nbsp;&nbsp;__0sscanf
</UL>

<P><STRONG><a name="[7c]"></a>_sgetc</STRONG> (Thumb, 30 bytes, Stack size 0 bytes, _sgetc.o(.text))
<BR>[Address Reference Count : 1]<UL><LI> __0sscanf.o(.text)
</UL>
<P><STRONG><a name="[7d]"></a>_sbackspace</STRONG> (Thumb, 34 bytes, Stack size 0 bytes, _sgetc.o(.text))
<BR>[Address Reference Count : 1]<UL><LI> __0sscanf.o(.text)
</UL>
<P><STRONG><a name="[91]"></a>__scatterload</STRONG> (Thumb, 28 bytes, Stack size 0 bytes, init.o(.text))
<BR><BR>[Calls]<UL><LI><a href="#[9d]">&gt;&gt;</a>&nbsp;&nbsp;&nbsp;__main_after_scatterload
</UL>
<BR>[Called By]<UL><LI><a href="#[90]">&gt;&gt;</a>&nbsp;&nbsp;&nbsp;_main_scatterload
</UL>

<P><STRONG><a name="[249]"></a>__scatterload_rt2</STRONG> (Thumb, 0 bytes, Stack size 0 bytes, init.o(.text), UNUSED)

<P><STRONG><a name="[9b]"></a>__aeabi_llsl</STRONG> (Thumb, 30 bytes, Stack size 0 bytes, llshl.o(.text), UNUSED)
<BR><BR>[Called By]<UL><LI><a href="#[99]">&gt;&gt;</a>&nbsp;&nbsp;&nbsp;__aeabi_uldivmod
</UL>

<P><STRONG><a name="[24a]"></a>_ll_shift_l</STRONG> (Thumb, 0 bytes, Stack size 0 bytes, llshl.o(.text), UNUSED)

<P><STRONG><a name="[9a]"></a>__aeabi_llsr</STRONG> (Thumb, 32 bytes, Stack size 0 bytes, llushr.o(.text), UNUSED)
<BR><BR>[Called By]<UL><LI><a href="#[99]">&gt;&gt;</a>&nbsp;&nbsp;&nbsp;__aeabi_uldivmod
</UL>

<P><STRONG><a name="[24b]"></a>_ll_ushift_r</STRONG> (Thumb, 0 bytes, Stack size 0 bytes, llushr.o(.text), UNUSED)

<P><STRONG><a name="[7f]"></a>isspace</STRONG> (Thumb, 10 bytes, Stack size 0 bytes, isspace_c.o(.text))
<BR><BR>[Calls]<UL><LI><a href="#[9e]">&gt;&gt;</a>&nbsp;&nbsp;&nbsp;__ctype_lookup
</UL>
<BR>[Address Reference Count : 1]<UL><LI> scanf_char.o(.text)
</UL>
<P><STRONG><a name="[9c]"></a>__vfscanf</STRONG> (Thumb, 802 bytes, Stack size 88 bytes, _scanf.o(.text))
<BR><BR>[Stack]<UL><LI>Max Depth = 144<LI>Call Chain = __vfscanf &rArr; _scanf_string
</UL>
<BR>[Calls]<UL><LI><a href="#[9f]">&gt;&gt;</a>&nbsp;&nbsp;&nbsp;_scanf_string
<LI><a href="#[97]">&gt;&gt;</a>&nbsp;&nbsp;&nbsp;_scanf_int
</UL>
<BR>[Called By]<UL><LI><a href="#[96]">&gt;&gt;</a>&nbsp;&nbsp;&nbsp;__vfscanf_char
</UL>

<P><STRONG><a name="[9e]"></a>__ctype_lookup</STRONG> (Thumb, 34 bytes, Stack size 0 bytes, ctype_c.o(.text))
<BR><BR>[Called By]<UL><LI><a href="#[7f]">&gt;&gt;</a>&nbsp;&nbsp;&nbsp;isspace
</UL>

<P><STRONG><a name="[24c]"></a>__decompress</STRONG> (Thumb, 0 bytes, Stack size unknown bytes, __dczerorl2.o(.text), UNUSED)

<P><STRONG><a name="[24d]"></a>__decompress1</STRONG> (Thumb, 86 bytes, Stack size unknown bytes, __dczerorl2.o(.text), UNUSED)

<P><STRONG><a name="[22]"></a>BusFault_Handler</STRONG> (Thumb, 2 bytes, Stack size 0 bytes, stm32f2xx_it.o(i.BusFault_Handler))
<BR><BR>[Calls]<UL><LI><a href="#[22]">&gt;&gt;</a>&nbsp;&nbsp;&nbsp;BusFault_Handler
</UL>
<BR>[Called By]<UL><LI><a href="#[22]">&gt;&gt;</a>&nbsp;&nbsp;&nbsp;BusFault_Handler
</UL>
<BR>[Address Reference Count : 1]<UL><LI> startup_stm32f2xx.o(RESET)
</UL>
<P><STRONG><a name="[a0]"></a>ChangeDispLanguage</STRONG> (Thumb, 46 bytes, Stack size 0 bytes, leddrv.o(i.ChangeDispLanguage))
<BR><BR>[Stack]<UL><LI>Max Depth = 40<LI>Call Chain = ChangeDispLanguage &rArr; DispTypeInit &rArr; LedSetColour
</UL>
<BR>[Calls]<UL><LI><a href="#[a1]">&gt;&gt;</a>&nbsp;&nbsp;&nbsp;DispTypeInit
</UL>
<BR>[Called By]<UL><LI><a href="#[121]">&gt;&gt;</a>&nbsp;&nbsp;&nbsp;LoadRowData
</UL>

<P><STRONG><a name="[a2]"></a>CheckBmpData</STRONG> (Thumb, 16 bytes, Stack size 8 bytes, at45db161.o(i.CheckBmpData))
<BR><BR>[Stack]<UL><LI>Max Depth = 88<LI>Call Chain = CheckBmpData &rArr; read_bmp &rArr; wait_busy &rArr; write_byte
</UL>
<BR>[Calls]<UL><LI><a href="#[a3]">&gt;&gt;</a>&nbsp;&nbsp;&nbsp;read_bmp
</UL>
<BR>[Called By]<UL><LI><a href="#[18d]">&gt;&gt;</a>&nbsp;&nbsp;&nbsp;UpdateBmp
</UL>

<P><STRONG><a name="[a8]"></a>ConnectBmp</STRONG> (Thumb, 478 bytes, Stack size 40 bytes, at45db161.o(i.ConnectBmp))
<BR><BR>[Stack]<UL><LI>Max Depth = 80<LI>Call Chain = ConnectBmp &rArr; DispTypeInit &rArr; LedSetColour
</UL>
<BR>[Calls]<UL><LI><a href="#[ad]">&gt;&gt;</a>&nbsp;&nbsp;&nbsp;GPIO_SetBits
<LI><a href="#[aa]">&gt;&gt;</a>&nbsp;&nbsp;&nbsp;GPIO_ResetBits
<LI><a href="#[a1]">&gt;&gt;</a>&nbsp;&nbsp;&nbsp;DispTypeInit
<LI><a href="#[ab]">&gt;&gt;</a>&nbsp;&nbsp;&nbsp;write_byte
<LI><a href="#[a9]">&gt;&gt;</a>&nbsp;&nbsp;&nbsp;wait_busy
<LI><a href="#[ac]">&gt;&gt;</a>&nbsp;&nbsp;&nbsp;read_byte
</UL>
<BR>[Called By]<UL><LI><a href="#[e3]">&gt;&gt;</a>&nbsp;&nbsp;&nbsp;Do_ConnectBmp
</UL>

<P><STRONG><a name="[ae]"></a>ConnectMsg</STRONG> (Thumb, 86 bytes, Stack size 40 bytes, at45db161.o(i.ConnectMsg))
<BR><BR>[Stack]<UL><LI>Max Depth = 52<LI>Call Chain = ConnectMsg &rArr; GetBmpStartPage
</UL>
<BR>[Calls]<UL><LI><a href="#[af]">&gt;&gt;</a>&nbsp;&nbsp;&nbsp;GetBmpStartPage
</UL>
<BR>[Called By]<UL><LI><a href="#[e2]">&gt;&gt;</a>&nbsp;&nbsp;&nbsp;LoadConnect
</UL>

<P><STRONG><a name="[b0]"></a>DCD_EP_Close</STRONG> (Thumb, 44 bytes, Stack size 8 bytes, usb_dcd.o(i.DCD_EP_Close))
<BR><BR>[Stack]<UL><LI>Max Depth = 28<LI>Call Chain = DCD_EP_Close &rArr; USB_OTG_EPDeactivate
</UL>
<BR>[Calls]<UL><LI><a href="#[b1]">&gt;&gt;</a>&nbsp;&nbsp;&nbsp;USB_OTG_EPDeactivate
</UL>
<BR>[Called By]<UL><LI><a href="#[1]">&gt;&gt;</a>&nbsp;&nbsp;&nbsp;USBD_HID_DeInit
</UL>

<P><STRONG><a name="[b2]"></a>DCD_EP_ClrStall</STRONG> (Thumb, 56 bytes, Stack size 8 bytes, usb_dcd.o(i.DCD_EP_ClrStall))
<BR><BR>[Stack]<UL><LI>Max Depth = 20<LI>Call Chain = DCD_EP_ClrStall &rArr; USB_OTG_EPClearStall
</UL>
<BR>[Calls]<UL><LI><a href="#[b3]">&gt;&gt;</a>&nbsp;&nbsp;&nbsp;USB_OTG_EPClearStall
</UL>
<BR>[Called By]<UL><LI><a href="#[181]">&gt;&gt;</a>&nbsp;&nbsp;&nbsp;USBD_StdEPReq
</UL>

<P><STRONG><a name="[b4]"></a>DCD_EP_Open</STRONG> (Thumb, 60 bytes, Stack size 16 bytes, usb_dcd.o(i.DCD_EP_Open))
<BR><BR>[Stack]<UL><LI>Max Depth = 40<LI>Call Chain = DCD_EP_Open &rArr; USB_OTG_EPActivate
</UL>
<BR>[Calls]<UL><LI><a href="#[b5]">&gt;&gt;</a>&nbsp;&nbsp;&nbsp;USB_OTG_EPActivate
</UL>
<BR>[Called By]<UL><LI><a href="#[b]">&gt;&gt;</a>&nbsp;&nbsp;&nbsp;USBD_Reset
<LI><a href="#[0]">&gt;&gt;</a>&nbsp;&nbsp;&nbsp;USBD_HID_Init
</UL>

<P><STRONG><a name="[b6]"></a>DCD_EP_PrepareRx</STRONG> (Thumb, 56 bytes, Stack size 8 bytes, usb_dcd.o(i.DCD_EP_PrepareRx))
<BR><BR>[Stack]<UL><LI>Max Depth = 52<LI>Call Chain = DCD_EP_PrepareRx &rArr; USB_OTG_EPStartXfer &rArr; USB_OTG_WritePacket
</UL>
<BR>[Calls]<UL><LI><a href="#[b7]">&gt;&gt;</a>&nbsp;&nbsp;&nbsp;USB_OTG_EPStartXfer
<LI><a href="#[b8]">&gt;&gt;</a>&nbsp;&nbsp;&nbsp;USB_OTG_EP0StartXfer
</UL>
<BR>[Called By]<UL><LI><a href="#[165]">&gt;&gt;</a>&nbsp;&nbsp;&nbsp;USBD_CtlReceiveStatus
<LI><a href="#[163]">&gt;&gt;</a>&nbsp;&nbsp;&nbsp;USBD_CtlContinueRx
<LI><a href="#[0]">&gt;&gt;</a>&nbsp;&nbsp;&nbsp;USBD_HID_Init
<LI><a href="#[4]">&gt;&gt;</a>&nbsp;&nbsp;&nbsp;USBD_HID_DataOut
</UL>

<P><STRONG><a name="[179]"></a>DCD_EP_SetAddress</STRONG> (Thumb, 16 bytes, Stack size 0 bytes, usb_dcd.o(i.DCD_EP_SetAddress))
<BR><BR>[Called By]<UL><LI><a href="#[178]">&gt;&gt;</a>&nbsp;&nbsp;&nbsp;USBD_SetAddress
</UL>

<P><STRONG><a name="[b9]"></a>DCD_EP_Stall</STRONG> (Thumb, 56 bytes, Stack size 8 bytes, usb_dcd.o(i.DCD_EP_Stall))
<BR><BR>[Stack]<UL><LI>Max Depth = 16<LI>Call Chain = DCD_EP_Stall &rArr; USB_OTG_EPSetStall
</UL>
<BR>[Calls]<UL><LI><a href="#[ba]">&gt;&gt;</a>&nbsp;&nbsp;&nbsp;USB_OTG_EPSetStall
</UL>
<BR>[Called By]<UL><LI><a href="#[181]">&gt;&gt;</a>&nbsp;&nbsp;&nbsp;USBD_StdEPReq
<LI><a href="#[9]">&gt;&gt;</a>&nbsp;&nbsp;&nbsp;USBD_SetupStage
<LI><a href="#[161]">&gt;&gt;</a>&nbsp;&nbsp;&nbsp;USBD_CtlError
</UL>

<P><STRONG><a name="[bb]"></a>DCD_EP_Tx</STRONG> (Thumb, 52 bytes, Stack size 16 bytes, usb_dcd.o(i.DCD_EP_Tx))
<BR><BR>[Stack]<UL><LI>Max Depth = 60<LI>Call Chain = DCD_EP_Tx &rArr; USB_OTG_EPStartXfer &rArr; USB_OTG_WritePacket
</UL>
<BR>[Calls]<UL><LI><a href="#[b7]">&gt;&gt;</a>&nbsp;&nbsp;&nbsp;USB_OTG_EPStartXfer
<LI><a href="#[b8]">&gt;&gt;</a>&nbsp;&nbsp;&nbsp;USB_OTG_EP0StartXfer
</UL>
<BR>[Called By]<UL><LI><a href="#[162]">&gt;&gt;</a>&nbsp;&nbsp;&nbsp;USBD_CtlSendStatus
<LI><a href="#[164]">&gt;&gt;</a>&nbsp;&nbsp;&nbsp;USBD_CtlContinueSendData
<LI><a href="#[166]">&gt;&gt;</a>&nbsp;&nbsp;&nbsp;USBD_CtlSendData
<LI><a href="#[16c]">&gt;&gt;</a>&nbsp;&nbsp;&nbsp;USBD_HID_SendBuf
</UL>

<P><STRONG><a name="[cb]"></a>DCD_Init</STRONG> (Thumb, 136 bytes, Stack size 16 bytes, usb_dcd.o(i.DCD_Init))
<BR><BR>[Stack]<UL><LI>Max Depth = 88<LI>Call Chain = DCD_Init &rArr; USB_OTG_CoreInitDev &rArr; USB_OTG_EnableDevInt
</UL>
<BR>[Calls]<UL><LI><a href="#[cf]">&gt;&gt;</a>&nbsp;&nbsp;&nbsp;USB_OTG_SetCurrentMode
<LI><a href="#[cc]">&gt;&gt;</a>&nbsp;&nbsp;&nbsp;USB_OTG_SelectCore
<LI><a href="#[d1]">&gt;&gt;</a>&nbsp;&nbsp;&nbsp;USB_OTG_EnableGlobalInt
<LI><a href="#[cd]">&gt;&gt;</a>&nbsp;&nbsp;&nbsp;USB_OTG_DisableGlobalInt
<LI><a href="#[d0]">&gt;&gt;</a>&nbsp;&nbsp;&nbsp;USB_OTG_CoreInitDev
<LI><a href="#[ce]">&gt;&gt;</a>&nbsp;&nbsp;&nbsp;USB_OTG_CoreInit
</UL>
<BR>[Called By]<UL><LI><a href="#[16d]">&gt;&gt;</a>&nbsp;&nbsp;&nbsp;USBD_Init
</UL>

<P><STRONG><a name="[d3]"></a>DEBUG_SEND_STR</STRONG> (Thumb, 18 bytes, Stack size 0 bytes, utils.o(i.DEBUG_SEND_STR))
<BR><BR>[Stack]<UL><LI>Max Depth = 100<LI>Call Chain = DEBUG_SEND_STR &rArr; usb_write_buf &rArr; USBD_HID_SendBuf &rArr; DCD_EP_Tx &rArr; USB_OTG_EPStartXfer &rArr; USB_OTG_WritePacket
</UL>
<BR>[Calls]<UL><LI><a href="#[d4]">&gt;&gt;</a>&nbsp;&nbsp;&nbsp;usb_write_buf
</UL>
<BR>[Called By]<UL><LI><a href="#[111]">&gt;&gt;</a>&nbsp;&nbsp;&nbsp;print_line
</UL>

<P><STRONG><a name="[63]"></a>DMA2_Stream3_IRQHandler</STRONG> (Thumb, 134 bytes, Stack size 16 bytes, stm32f2xx_it.o(i.DMA2_Stream3_IRQHandler))
<BR><BR>[Stack]<UL><LI>Max Depth = 32<LI>Call Chain = DMA2_Stream3_IRQHandler &rArr; LedSetRow
</UL>
<BR>[Calls]<UL><LI><a href="#[ad]">&gt;&gt;</a>&nbsp;&nbsp;&nbsp;GPIO_SetBits
<LI><a href="#[aa]">&gt;&gt;</a>&nbsp;&nbsp;&nbsp;GPIO_ResetBits
<LI><a href="#[d8]">&gt;&gt;</a>&nbsp;&nbsp;&nbsp;SPI_Cmd
<LI><a href="#[da]">&gt;&gt;</a>&nbsp;&nbsp;&nbsp;LedSetRow
<LI><a href="#[d5]">&gt;&gt;</a>&nbsp;&nbsp;&nbsp;DMA_GetITStatus
<LI><a href="#[d6]">&gt;&gt;</a>&nbsp;&nbsp;&nbsp;DMA_GetCurrDataCounter
<LI><a href="#[d9]">&gt;&gt;</a>&nbsp;&nbsp;&nbsp;DMA_Cmd
<LI><a href="#[d7]">&gt;&gt;</a>&nbsp;&nbsp;&nbsp;DMA_ClearITPendingBit
</UL>
<BR>[Address Reference Count : 1]<UL><LI> startup_stm32f2xx.o(RESET)
</UL>
<P><STRONG><a name="[d7]"></a>DMA_ClearITPendingBit</STRONG> (Thumb, 32 bytes, Stack size 0 bytes, stm32f2xx_dma.o(i.DMA_ClearITPendingBit))
<BR><BR>[Called By]<UL><LI><a href="#[63]">&gt;&gt;</a>&nbsp;&nbsp;&nbsp;DMA2_Stream3_IRQHandler
</UL>

<P><STRONG><a name="[d9]"></a>DMA_Cmd</STRONG> (Thumb, 24 bytes, Stack size 0 bytes, stm32f2xx_dma.o(i.DMA_Cmd))
<BR><BR>[Called By]<UL><LI><a href="#[63]">&gt;&gt;</a>&nbsp;&nbsp;&nbsp;DMA2_Stream3_IRQHandler
</UL>

<P><STRONG><a name="[143]"></a>DMA_DeInit</STRONG> (Thumb, 278 bytes, Stack size 28 bytes, stm32f2xx_dma.o(i.DMA_DeInit))
<BR><BR>[Stack]<UL><LI>Max Depth = 28<LI>Call Chain = DMA_DeInit
</UL>
<BR>[Called By]<UL><LI><a href="#[13b]">&gt;&gt;</a>&nbsp;&nbsp;&nbsp;RTC_Configuration
</UL>

<P><STRONG><a name="[d6]"></a>DMA_GetCurrDataCounter</STRONG> (Thumb, 6 bytes, Stack size 0 bytes, stm32f2xx_dma.o(i.DMA_GetCurrDataCounter))
<BR><BR>[Called By]<UL><LI><a href="#[63]">&gt;&gt;</a>&nbsp;&nbsp;&nbsp;DMA2_Stream3_IRQHandler
</UL>

<P><STRONG><a name="[d5]"></a>DMA_GetITStatus</STRONG> (Thumb, 68 bytes, Stack size 12 bytes, stm32f2xx_dma.o(i.DMA_GetITStatus))
<BR><BR>[Stack]<UL><LI>Max Depth = 12<LI>Call Chain = DMA_GetITStatus
</UL>
<BR>[Called By]<UL><LI><a href="#[63]">&gt;&gt;</a>&nbsp;&nbsp;&nbsp;DMA2_Stream3_IRQHandler
</UL>

<P><STRONG><a name="[25]"></a>DebugMon_Handler</STRONG> (Thumb, 2 bytes, Stack size 0 bytes, stm32f2xx_it.o(i.DebugMon_Handler))
<BR>[Address Reference Count : 1]<UL><LI> startup_stm32f2xx.o(RESET)
</UL>
<P><STRONG><a name="[db]"></a>Delay</STRONG> (Thumb, 26 bytes, Stack size 8 bytes, main.o(i.Delay))
<BR><BR>[Stack]<UL><LI>Max Depth = 8<LI>Call Chain = Delay
</UL>
<BR>[Calls]<UL><LI><a href="#[dc]">&gt;&gt;</a>&nbsp;&nbsp;&nbsp;IWDG_ReloadCounter
</UL>
<BR>[Called By]<UL><LI><a href="#[193]">&gt;&gt;</a>&nbsp;&nbsp;&nbsp;UpdateFirmware
</UL>

<P><STRONG><a name="[dd]"></a>DispFun_NDS</STRONG> (Thumb, 474 bytes, Stack size 120 bytes, leddrv.o(i.DispFun_NDS))
<BR><BR>[Stack]<UL><LI>Max Depth = 372<LI>Call Chain = DispFun_NDS &rArr; LoadConnect &rArr; do_get_station_config_pre &rArr; GetAdBuf &rArr; print_line &rArr; DEBUG_SEND_STR &rArr; usb_write_buf &rArr; USBD_HID_SendBuf &rArr; DCD_EP_Tx &rArr; USB_OTG_EPStartXfer &rArr; USB_OTG_WritePacket
</UL>
<BR>[Calls]<UL><LI><a href="#[df]">&gt;&gt;</a>&nbsp;&nbsp;&nbsp;GetBmp
<LI><a href="#[a1]">&gt;&gt;</a>&nbsp;&nbsp;&nbsp;DispTypeInit
<LI><a href="#[e0]">&gt;&gt;</a>&nbsp;&nbsp;&nbsp;do_get_station_config_pre
<LI><a href="#[e2]">&gt;&gt;</a>&nbsp;&nbsp;&nbsp;LoadConnect
<LI><a href="#[e3]">&gt;&gt;</a>&nbsp;&nbsp;&nbsp;Do_ConnectBmp
<LI><a href="#[e1]">&gt;&gt;</a>&nbsp;&nbsp;&nbsp;do_get_station_config_arrive
<LI><a href="#[de]">&gt;&gt;</a>&nbsp;&nbsp;&nbsp;__aeabi_memclr4
</UL>
<BR>[Called By]<UL><LI><a href="#[79]">&gt;&gt;</a>&nbsp;&nbsp;&nbsp;main
</UL>

<P><STRONG><a name="[a1]"></a>DispTypeInit</STRONG> (Thumb, 274 bytes, Stack size 24 bytes, leddrv.o(i.DispTypeInit))
<BR><BR>[Stack]<UL><LI>Max Depth = 40<LI>Call Chain = DispTypeInit &rArr; LedSetColour
</UL>
<BR>[Calls]<UL><LI><a href="#[e4]">&gt;&gt;</a>&nbsp;&nbsp;&nbsp;LedSetColour
<LI><a href="#[ad]">&gt;&gt;</a>&nbsp;&nbsp;&nbsp;GPIO_SetBits
</UL>
<BR>[Called By]<UL><LI><a href="#[112]">&gt;&gt;</a>&nbsp;&nbsp;&nbsp;GetBmpUpdateFlag
<LI><a href="#[df]">&gt;&gt;</a>&nbsp;&nbsp;&nbsp;GetBmp
<LI><a href="#[dd]">&gt;&gt;</a>&nbsp;&nbsp;&nbsp;DispFun_NDS
<LI><a href="#[79]">&gt;&gt;</a>&nbsp;&nbsp;&nbsp;main
<LI><a href="#[121]">&gt;&gt;</a>&nbsp;&nbsp;&nbsp;LoadRowData
<LI><a href="#[193]">&gt;&gt;</a>&nbsp;&nbsp;&nbsp;UpdateFirmware
<LI><a href="#[197]">&gt;&gt;</a>&nbsp;&nbsp;&nbsp;UpdateStationConfig
<LI><a href="#[192]">&gt;&gt;</a>&nbsp;&nbsp;&nbsp;UpdateConfig
<LI><a href="#[18d]">&gt;&gt;</a>&nbsp;&nbsp;&nbsp;UpdateBmp
<LI><a href="#[e2]">&gt;&gt;</a>&nbsp;&nbsp;&nbsp;LoadConnect
<LI><a href="#[116]">&gt;&gt;</a>&nbsp;&nbsp;&nbsp;GetStationConfig
<LI><a href="#[e3]">&gt;&gt;</a>&nbsp;&nbsp;&nbsp;Do_ConnectBmp
<LI><a href="#[a8]">&gt;&gt;</a>&nbsp;&nbsp;&nbsp;ConnectBmp
<LI><a href="#[1c7]">&gt;&gt;</a>&nbsp;&nbsp;&nbsp;upgrade
<LI><a href="#[137]">&gt;&gt;</a>&nbsp;&nbsp;&nbsp;PorcessDataNormalSystem
<LI><a href="#[110]">&gt;&gt;</a>&nbsp;&nbsp;&nbsp;GetAdBuf
<LI><a href="#[a0]">&gt;&gt;</a>&nbsp;&nbsp;&nbsp;ChangeDispLanguage
</UL>

<P><STRONG><a name="[e3]"></a>Do_ConnectBmp</STRONG> (Thumb, 106 bytes, Stack size 16 bytes, at45db161.o(i.Do_ConnectBmp))
<BR><BR>[Stack]<UL><LI>Max Depth = 180<LI>Call Chain = Do_ConnectBmp &rArr; do_get_station_config_pre &rArr; GetAdBuf &rArr; print_line &rArr; DEBUG_SEND_STR &rArr; usb_write_buf &rArr; USBD_HID_SendBuf &rArr; DCD_EP_Tx &rArr; USB_OTG_EPStartXfer &rArr; USB_OTG_WritePacket
</UL>
<BR>[Calls]<UL><LI><a href="#[a1]">&gt;&gt;</a>&nbsp;&nbsp;&nbsp;DispTypeInit
<LI><a href="#[e0]">&gt;&gt;</a>&nbsp;&nbsp;&nbsp;do_get_station_config_pre
<LI><a href="#[e5]">&gt;&gt;</a>&nbsp;&nbsp;&nbsp;down_print_line
<LI><a href="#[a8]">&gt;&gt;</a>&nbsp;&nbsp;&nbsp;ConnectBmp
</UL>
<BR>[Called By]<UL><LI><a href="#[dd]">&gt;&gt;</a>&nbsp;&nbsp;&nbsp;DispFun_NDS
</UL>

<P><STRONG><a name="[e6]"></a>ETH_BSP_Config</STRONG> (Thumb, 18 bytes, Stack size 8 bytes, stm32f2x7_eth_bsp.o(i.ETH_BSP_Config))
<BR><BR>[Stack]<UL><LI>Max Depth = 272<LI>Call Chain = ETH_BSP_Config &rArr; ETH_MACDMA_Config &rArr; ETH_Init &rArr; RCC_GetClocksFreq
</UL>
<BR>[Calls]<UL><LI><a href="#[e8]">&gt;&gt;</a>&nbsp;&nbsp;&nbsp;ETH_MACDMA_Config
<LI><a href="#[e7]">&gt;&gt;</a>&nbsp;&nbsp;&nbsp;ETH_GPIO_Config
</UL>
<BR>[Called By]<UL><LI><a href="#[79]">&gt;&gt;</a>&nbsp;&nbsp;&nbsp;main
<LI><a href="#[1ae]">&gt;&gt;</a>&nbsp;&nbsp;&nbsp;eth_init
</UL>

<P><STRONG><a name="[204]"></a>ETH_CheckFrameReceived</STRONG> (Thumb, 100 bytes, Stack size 0 bytes, stm32f2x7_eth.o(i.ETH_CheckFrameReceived))
<BR><BR>[Called By]<UL><LI><a href="#[79]">&gt;&gt;</a>&nbsp;&nbsp;&nbsp;main
</UL>

<P><STRONG><a name="[fe]"></a>ETH_DMAReceptionCmd</STRONG> (Thumb, 26 bytes, Stack size 0 bytes, stm32f2x7_eth.o(i.ETH_DMAReceptionCmd))
<BR><BR>[Called By]<UL><LI><a href="#[f9]">&gt;&gt;</a>&nbsp;&nbsp;&nbsp;ETH_Start
</UL>

<P><STRONG><a name="[1f5]"></a>ETH_DMARxDescChainInit</STRONG> (Thumb, 80 bytes, Stack size 24 bytes, stm32f2x7_eth.o(i.ETH_DMARxDescChainInit))
<BR><BR>[Stack]<UL><LI>Max Depth = 24<LI>Call Chain = ETH_DMARxDescChainInit
</UL>
<BR>[Called By]<UL><LI><a href="#[1c3]">&gt;&gt;</a>&nbsp;&nbsp;&nbsp;low_level_init
</UL>

<P><STRONG><a name="[fd]"></a>ETH_DMATransmissionCmd</STRONG> (Thumb, 26 bytes, Stack size 0 bytes, stm32f2x7_eth.o(i.ETH_DMATransmissionCmd))
<BR><BR>[Called By]<UL><LI><a href="#[f9]">&gt;&gt;</a>&nbsp;&nbsp;&nbsp;ETH_Start
</UL>

<P><STRONG><a name="[1f4]"></a>ETH_DMATxDescChainInit</STRONG> (Thumb, 62 bytes, Stack size 20 bytes, stm32f2x7_eth.o(i.ETH_DMATxDescChainInit))
<BR><BR>[Stack]<UL><LI>Max Depth = 20<LI>Call Chain = ETH_DMATxDescChainInit
</UL>
<BR>[Called By]<UL><LI><a href="#[1c3]">&gt;&gt;</a>&nbsp;&nbsp;&nbsp;low_level_init
</UL>

<P><STRONG><a name="[1f6]"></a>ETH_DMATxDescChecksumInsertionConfig</STRONG> (Thumb, 8 bytes, Stack size 0 bytes, stm32f2x7_eth.o(i.ETH_DMATxDescChecksumInsertionConfig))
<BR><BR>[Called By]<UL><LI><a href="#[1c3]">&gt;&gt;</a>&nbsp;&nbsp;&nbsp;low_level_init
</UL>

<P><STRONG><a name="[e9]"></a>ETH_DeInit</STRONG> (Thumb, 24 bytes, Stack size 8 bytes, stm32f2x7_eth.o(i.ETH_DeInit))
<BR><BR>[Stack]<UL><LI>Max Depth = 8<LI>Call Chain = ETH_DeInit
</UL>
<BR>[Calls]<UL><LI><a href="#[ea]">&gt;&gt;</a>&nbsp;&nbsp;&nbsp;RCC_AHB1PeriphResetCmd
</UL>
<BR>[Called By]<UL><LI><a href="#[e8]">&gt;&gt;</a>&nbsp;&nbsp;&nbsp;ETH_MACDMA_Config
</UL>

<P><STRONG><a name="[fb]"></a>ETH_FlushTransmitFIFO</STRONG> (Thumb, 12 bytes, Stack size 0 bytes, stm32f2x7_eth.o(i.ETH_FlushTransmitFIFO))
<BR><BR>[Called By]<UL><LI><a href="#[f9]">&gt;&gt;</a>&nbsp;&nbsp;&nbsp;ETH_Start
</UL>

<P><STRONG><a name="[f7]"></a>ETH_GetSoftwareResetStatus</STRONG> (Thumb, 14 bytes, Stack size 0 bytes, stm32f2x7_eth.o(i.ETH_GetSoftwareResetStatus))
<BR><BR>[Called By]<UL><LI><a href="#[e8]">&gt;&gt;</a>&nbsp;&nbsp;&nbsp;ETH_MACDMA_Config
</UL>

<P><STRONG><a name="[1f7]"></a>ETH_Get_Received_Frame</STRONG> (Thumb, 56 bytes, Stack size 20 bytes, stm32f2x7_eth.o(i.ETH_Get_Received_Frame))
<BR><BR>[Stack]<UL><LI>Max Depth = 20<LI>Call Chain = ETH_Get_Received_Frame
</UL>
<BR>[Called By]<UL><LI><a href="#[1c4]">&gt;&gt;</a>&nbsp;&nbsp;&nbsp;low_level_input
</UL>

<P><STRONG><a name="[f1]"></a>ETH_Init</STRONG> (Thumb, 524 bytes, Stack size 48 bytes, stm32f2x7_eth.o(i.ETH_Init))
<BR><BR>[Stack]<UL><LI>Max Depth = 64<LI>Call Chain = ETH_Init &rArr; RCC_GetClocksFreq
</UL>
<BR>[Calls]<UL><LI><a href="#[f2]">&gt;&gt;</a>&nbsp;&nbsp;&nbsp;RCC_GetClocksFreq
<LI><a href="#[f5]">&gt;&gt;</a>&nbsp;&nbsp;&nbsp;ETH_ReadPHYRegister
<LI><a href="#[f3]">&gt;&gt;</a>&nbsp;&nbsp;&nbsp;ETH_WritePHYRegister
<LI><a href="#[f4]">&gt;&gt;</a>&nbsp;&nbsp;&nbsp;ETH_Delay
</UL>
<BR>[Called By]<UL><LI><a href="#[e8]">&gt;&gt;</a>&nbsp;&nbsp;&nbsp;ETH_MACDMA_Config
</UL>

<P><STRONG><a name="[1f3]"></a>ETH_MACAddressConfig</STRONG> (Thumb, 38 bytes, Stack size 0 bytes, stm32f2x7_eth.o(i.ETH_MACAddressConfig))
<BR><BR>[Called By]<UL><LI><a href="#[1c3]">&gt;&gt;</a>&nbsp;&nbsp;&nbsp;low_level_init
</UL>

<P><STRONG><a name="[fc]"></a>ETH_MACReceptionCmd</STRONG> (Thumb, 26 bytes, Stack size 0 bytes, stm32f2x7_eth.o(i.ETH_MACReceptionCmd))
<BR><BR>[Called By]<UL><LI><a href="#[f9]">&gt;&gt;</a>&nbsp;&nbsp;&nbsp;ETH_Start
</UL>

<P><STRONG><a name="[fa]"></a>ETH_MACTransmissionCmd</STRONG> (Thumb, 26 bytes, Stack size 0 bytes, stm32f2x7_eth.o(i.ETH_MACTransmissionCmd))
<BR><BR>[Called By]<UL><LI><a href="#[f9]">&gt;&gt;</a>&nbsp;&nbsp;&nbsp;ETH_Start
</UL>

<P><STRONG><a name="[1f8]"></a>ETH_Prepare_Transmit_Descriptors</STRONG> (Thumb, 162 bytes, Stack size 20 bytes, stm32f2x7_eth.o(i.ETH_Prepare_Transmit_Descriptors))
<BR><BR>[Stack]<UL><LI>Max Depth = 20<LI>Call Chain = ETH_Prepare_Transmit_Descriptors
</UL>
<BR>[Called By]<UL><LI><a href="#[86]">&gt;&gt;</a>&nbsp;&nbsp;&nbsp;low_level_output
</UL>

<P><STRONG><a name="[f5]"></a>ETH_ReadPHYRegister</STRONG> (Thumb, 80 bytes, Stack size 12 bytes, stm32f2x7_eth.o(i.ETH_ReadPHYRegister))
<BR><BR>[Stack]<UL><LI>Max Depth = 12<LI>Call Chain = ETH_ReadPHYRegister
</UL>
<BR>[Called By]<UL><LI><a href="#[79]">&gt;&gt;</a>&nbsp;&nbsp;&nbsp;main
<LI><a href="#[f1]">&gt;&gt;</a>&nbsp;&nbsp;&nbsp;ETH_Init
</UL>

<P><STRONG><a name="[f6]"></a>ETH_SoftwareReset</STRONG> (Thumb, 12 bytes, Stack size 0 bytes, stm32f2x7_eth.o(i.ETH_SoftwareReset))
<BR><BR>[Called By]<UL><LI><a href="#[e8]">&gt;&gt;</a>&nbsp;&nbsp;&nbsp;ETH_MACDMA_Config
</UL>

<P><STRONG><a name="[f9]"></a>ETH_Start</STRONG> (Thumb, 34 bytes, Stack size 4 bytes, stm32f2x7_eth.o(i.ETH_Start))
<BR><BR>[Stack]<UL><LI>Max Depth = 4<LI>Call Chain = ETH_Start
</UL>
<BR>[Calls]<UL><LI><a href="#[fa]">&gt;&gt;</a>&nbsp;&nbsp;&nbsp;ETH_MACTransmissionCmd
<LI><a href="#[fc]">&gt;&gt;</a>&nbsp;&nbsp;&nbsp;ETH_MACReceptionCmd
<LI><a href="#[fb]">&gt;&gt;</a>&nbsp;&nbsp;&nbsp;ETH_FlushTransmitFIFO
<LI><a href="#[fd]">&gt;&gt;</a>&nbsp;&nbsp;&nbsp;ETH_DMATransmissionCmd
<LI><a href="#[fe]">&gt;&gt;</a>&nbsp;&nbsp;&nbsp;ETH_DMAReceptionCmd
</UL>
<BR>[Called By]<UL><LI><a href="#[1c3]">&gt;&gt;</a>&nbsp;&nbsp;&nbsp;low_level_init
</UL>

<P><STRONG><a name="[f8]"></a>ETH_StructInit</STRONG> (Thumb, 154 bytes, Stack size 0 bytes, stm32f2x7_eth.o(i.ETH_StructInit))
<BR><BR>[Called By]<UL><LI><a href="#[e8]">&gt;&gt;</a>&nbsp;&nbsp;&nbsp;ETH_MACDMA_Config
</UL>

<P><STRONG><a name="[f3]"></a>ETH_WritePHYRegister</STRONG> (Thumb, 80 bytes, Stack size 16 bytes, stm32f2x7_eth.o(i.ETH_WritePHYRegister))
<BR><BR>[Stack]<UL><LI>Max Depth = 16<LI>Call Chain = ETH_WritePHYRegister
</UL>
<BR>[Called By]<UL><LI><a href="#[f1]">&gt;&gt;</a>&nbsp;&nbsp;&nbsp;ETH_Init
</UL>

<P><STRONG><a name="[50]"></a>EXTI15_10_IRQHandler</STRONG> (Thumb, 34 bytes, Stack size 8 bytes, stm32f2xx_it.o(i.EXTI15_10_IRQHandler))
<BR><BR>[Stack]<UL><LI>Max Depth = 32<LI>Call Chain = EXTI15_10_IRQHandler &rArr; USB_OTG_ActiveRemoteWakeup
</UL>
<BR>[Calls]<UL><LI><a href="#[100]">&gt;&gt;</a>&nbsp;&nbsp;&nbsp;USB_OTG_ActiveRemoteWakeup
<LI><a href="#[ff]">&gt;&gt;</a>&nbsp;&nbsp;&nbsp;EXTI_GetITStatus
<LI><a href="#[101]">&gt;&gt;</a>&nbsp;&nbsp;&nbsp;EXTI_ClearITPendingBit
</UL>
<BR>[Address Reference Count : 1]<UL><LI> startup_stm32f2xx.o(RESET)
</UL>
<P><STRONG><a name="[101]"></a>EXTI_ClearITPendingBit</STRONG> (Thumb, 6 bytes, Stack size 0 bytes, stm32f2xx_exti.o(i.EXTI_ClearITPendingBit))
<BR><BR>[Called By]<UL><LI><a href="#[52]">&gt;&gt;</a>&nbsp;&nbsp;&nbsp;OTG_FS_WKUP_IRQHandler
<LI><a href="#[50]">&gt;&gt;</a>&nbsp;&nbsp;&nbsp;EXTI15_10_IRQHandler
<LI><a href="#[16e]">&gt;&gt;</a>&nbsp;&nbsp;&nbsp;USB_OTG_BSP_Init
</UL>

<P><STRONG><a name="[ff]"></a>EXTI_GetITStatus</STRONG> (Thumb, 28 bytes, Stack size 0 bytes, stm32f2xx_exti.o(i.EXTI_GetITStatus))
<BR><BR>[Called By]<UL><LI><a href="#[50]">&gt;&gt;</a>&nbsp;&nbsp;&nbsp;EXTI15_10_IRQHandler
</UL>

<P><STRONG><a name="[159]"></a>EXTI_Init</STRONG> (Thumb, 110 bytes, Stack size 12 bytes, stm32f2xx_exti.o(i.EXTI_Init))
<BR><BR>[Stack]<UL><LI>Max Depth = 12<LI>Call Chain = EXTI_Init
</UL>
<BR>[Called By]<UL><LI><a href="#[157]">&gt;&gt;</a>&nbsp;&nbsp;&nbsp;STM_EVAL_PBInit
<LI><a href="#[16e]">&gt;&gt;</a>&nbsp;&nbsp;&nbsp;USB_OTG_BSP_Init
</UL>

<P><STRONG><a name="[109]"></a>FLASH_ClearFlag</STRONG> (Thumb, 6 bytes, Stack size 0 bytes, stm32f2xx_flash.o(i.FLASH_ClearFlag))
<BR><BR>[Called By]<UL><LI><a href="#[107]">&gt;&gt;</a>&nbsp;&nbsp;&nbsp;FLASH_If_Init
</UL>

<P><STRONG><a name="[102]"></a>FLASH_EraseSector</STRONG> (Thumb, 106 bytes, Stack size 16 bytes, stm32f2xx_flash.o(i.FLASH_EraseSector))
<BR><BR>[Stack]<UL><LI>Max Depth = 24<LI>Call Chain = FLASH_EraseSector &rArr; FLASH_WaitForLastOperation
</UL>
<BR>[Calls]<UL><LI><a href="#[103]">&gt;&gt;</a>&nbsp;&nbsp;&nbsp;FLASH_WaitForLastOperation
</UL>
<BR>[Called By]<UL><LI><a href="#[106]">&gt;&gt;</a>&nbsp;&nbsp;&nbsp;FLASH_If_Erase_Save_Parm
<LI><a href="#[104]">&gt;&gt;</a>&nbsp;&nbsp;&nbsp;FLASH_If_Erase_Prog_Bak
</UL>

<P><STRONG><a name="[10c]"></a>FLASH_GetStatus</STRONG> (Thumb, 46 bytes, Stack size 0 bytes, stm32f2xx_flash.o(i.FLASH_GetStatus))
<BR><BR>[Called By]<UL><LI><a href="#[103]">&gt;&gt;</a>&nbsp;&nbsp;&nbsp;FLASH_WaitForLastOperation
</UL>

<P><STRONG><a name="[104]"></a>FLASH_If_Erase_Prog_Bak</STRONG> (Thumb, 40 bytes, Stack size 16 bytes, flash_if.o(i.FLASH_If_Erase_Prog_Bak))
<BR><BR>[Stack]<UL><LI>Max Depth = 40<LI>Call Chain = FLASH_If_Erase_Prog_Bak &rArr; FLASH_EraseSector &rArr; FLASH_WaitForLastOperation
</UL>
<BR>[Calls]<UL><LI><a href="#[102]">&gt;&gt;</a>&nbsp;&nbsp;&nbsp;FLASH_EraseSector
<LI><a href="#[105]">&gt;&gt;</a>&nbsp;&nbsp;&nbsp;GetSector
</UL>
<BR>[Called By]<UL><LI><a href="#[87]">&gt;&gt;</a>&nbsp;&nbsp;&nbsp;http_recv
<LI><a href="#[193]">&gt;&gt;</a>&nbsp;&nbsp;&nbsp;UpdateFirmware
<LI><a href="#[1c7]">&gt;&gt;</a>&nbsp;&nbsp;&nbsp;upgrade
</UL>

<P><STRONG><a name="[106]"></a>FLASH_If_Erase_Save_Parm</STRONG> (Thumb, 40 bytes, Stack size 16 bytes, flash_if.o(i.FLASH_If_Erase_Save_Parm))
<BR><BR>[Stack]<UL><LI>Max Depth = 40<LI>Call Chain = FLASH_If_Erase_Save_Parm &rArr; FLASH_EraseSector &rArr; FLASH_WaitForLastOperation
</UL>
<BR>[Calls]<UL><LI><a href="#[102]">&gt;&gt;</a>&nbsp;&nbsp;&nbsp;FLASH_EraseSector
<LI><a href="#[105]">&gt;&gt;</a>&nbsp;&nbsp;&nbsp;GetSector
</UL>
<BR>[Called By]<UL><LI><a href="#[1c6]">&gt;&gt;</a>&nbsp;&nbsp;&nbsp;save_parm
</UL>

<P><STRONG><a name="[107]"></a>FLASH_If_Init</STRONG> (Thumb, 16 bytes, Stack size 8 bytes, flash_if.o(i.FLASH_If_Init))
<BR><BR>[Stack]<UL><LI>Max Depth = 8<LI>Call Chain = FLASH_If_Init
</UL>
<BR>[Calls]<UL><LI><a href="#[108]">&gt;&gt;</a>&nbsp;&nbsp;&nbsp;FLASH_Unlock
<LI><a href="#[109]">&gt;&gt;</a>&nbsp;&nbsp;&nbsp;FLASH_ClearFlag
</UL>
<BR>[Called By]<UL><LI><a href="#[87]">&gt;&gt;</a>&nbsp;&nbsp;&nbsp;http_recv
<LI><a href="#[1fc]">&gt;&gt;</a>&nbsp;&nbsp;&nbsp;save_init
<LI><a href="#[193]">&gt;&gt;</a>&nbsp;&nbsp;&nbsp;UpdateFirmware
<LI><a href="#[1c7]">&gt;&gt;</a>&nbsp;&nbsp;&nbsp;upgrade
</UL>

<P><STRONG><a name="[10a]"></a>FLASH_If_Write</STRONG> (Thumb, 76 bytes, Stack size 24 bytes, flash_if.o(i.FLASH_If_Write))
<BR><BR>[Stack]<UL><LI>Max Depth = 48<LI>Call Chain = FLASH_If_Write &rArr; FLASH_ProgramWord &rArr; FLASH_WaitForLastOperation
</UL>
<BR>[Calls]<UL><LI><a href="#[10b]">&gt;&gt;</a>&nbsp;&nbsp;&nbsp;FLASH_ProgramWord
</UL>
<BR>[Called By]<UL><LI><a href="#[118]">&gt;&gt;</a>&nbsp;&nbsp;&nbsp;IAP_HTTP_writedata
<LI><a href="#[1c6]">&gt;&gt;</a>&nbsp;&nbsp;&nbsp;save_parm
<LI><a href="#[193]">&gt;&gt;</a>&nbsp;&nbsp;&nbsp;UpdateFirmware
<LI><a href="#[1c7]">&gt;&gt;</a>&nbsp;&nbsp;&nbsp;upgrade
</UL>

<P><STRONG><a name="[10b]"></a>FLASH_ProgramWord</STRONG> (Thumb, 56 bytes, Stack size 16 bytes, stm32f2xx_flash.o(i.FLASH_ProgramWord))
<BR><BR>[Stack]<UL><LI>Max Depth = 24<LI>Call Chain = FLASH_ProgramWord &rArr; FLASH_WaitForLastOperation
</UL>
<BR>[Calls]<UL><LI><a href="#[103]">&gt;&gt;</a>&nbsp;&nbsp;&nbsp;FLASH_WaitForLastOperation
</UL>
<BR>[Called By]<UL><LI><a href="#[10a]">&gt;&gt;</a>&nbsp;&nbsp;&nbsp;FLASH_If_Write
</UL>

<P><STRONG><a name="[108]"></a>FLASH_Unlock</STRONG> (Thumb, 22 bytes, Stack size 0 bytes, stm32f2xx_flash.o(i.FLASH_Unlock))
<BR><BR>[Called By]<UL><LI><a href="#[107]">&gt;&gt;</a>&nbsp;&nbsp;&nbsp;FLASH_If_Init
</UL>

<P><STRONG><a name="[103]"></a>FLASH_WaitForLastOperation</STRONG> (Thumb, 34 bytes, Stack size 8 bytes, stm32f2xx_flash.o(i.FLASH_WaitForLastOperation))
<BR><BR>[Stack]<UL><LI>Max Depth = 8<LI>Call Chain = FLASH_WaitForLastOperation
</UL>
<BR>[Calls]<UL><LI><a href="#[10c]">&gt;&gt;</a>&nbsp;&nbsp;&nbsp;FLASH_GetStatus
</UL>
<BR>[Called By]<UL><LI><a href="#[10b]">&gt;&gt;</a>&nbsp;&nbsp;&nbsp;FLASH_ProgramWord
<LI><a href="#[102]">&gt;&gt;</a>&nbsp;&nbsp;&nbsp;FLASH_EraseSector
</UL>

<P><STRONG><a name="[10d]"></a>FillDoorSide</STRONG> (Thumb, 170 bytes, Stack size 24 bytes, stm32f2xx_it.o(i.FillDoorSide))
<BR><BR>[Stack]<UL><LI>Max Depth = 32<LI>Call Chain = FillDoorSide &rArr; GetDoorStat
</UL>
<BR>[Calls]<UL><LI><a href="#[ad]">&gt;&gt;</a>&nbsp;&nbsp;&nbsp;GPIO_SetBits
<LI><a href="#[aa]">&gt;&gt;</a>&nbsp;&nbsp;&nbsp;GPIO_ResetBits
<LI><a href="#[10e]">&gt;&gt;</a>&nbsp;&nbsp;&nbsp;GetDoorStat
</UL>
<BR>[Called By]<UL><LI><a href="#[27]">&gt;&gt;</a>&nbsp;&nbsp;&nbsp;SysTick_Handler
</UL>

<P><STRONG><a name="[10f]"></a>GPIO_Configuration</STRONG> (Thumb, 296 bytes, Stack size 48 bytes, main.o(i.GPIO_Configuration))
<BR><BR>[Stack]<UL><LI>Max Depth = 72<LI>Call Chain = GPIO_Configuration &rArr; GPIO_Init
</UL>
<BR>[Calls]<UL><LI><a href="#[ad]">&gt;&gt;</a>&nbsp;&nbsp;&nbsp;GPIO_SetBits
<LI><a href="#[ed]">&gt;&gt;</a>&nbsp;&nbsp;&nbsp;GPIO_Init
</UL>
<BR>[Called By]<UL><LI><a href="#[79]">&gt;&gt;</a>&nbsp;&nbsp;&nbsp;main
</UL>

<P><STRONG><a name="[ed]"></a>GPIO_Init</STRONG> (Thumb, 124 bytes, Stack size 24 bytes, stm32f2xx_gpio.o(i.GPIO_Init))
<BR><BR>[Stack]<UL><LI>Max Depth = 24<LI>Call Chain = GPIO_Init
</UL>
<BR>[Called By]<UL><LI><a href="#[156]">&gt;&gt;</a>&nbsp;&nbsp;&nbsp;STM_EVAL_LEDInit
<LI><a href="#[10f]">&gt;&gt;</a>&nbsp;&nbsp;&nbsp;GPIO_Configuration
<LI><a href="#[e7]">&gt;&gt;</a>&nbsp;&nbsp;&nbsp;ETH_GPIO_Config
<LI><a href="#[1f9]">&gt;&gt;</a>&nbsp;&nbsp;&nbsp;uart_init
<LI><a href="#[157]">&gt;&gt;</a>&nbsp;&nbsp;&nbsp;STM_EVAL_PBInit
<LI><a href="#[16e]">&gt;&gt;</a>&nbsp;&nbsp;&nbsp;USB_OTG_BSP_Init
</UL>

<P><STRONG><a name="[f0]"></a>GPIO_PinAFConfig</STRONG> (Thumb, 32 bytes, Stack size 8 bytes, stm32f2xx_gpio.o(i.GPIO_PinAFConfig))
<BR><BR>[Stack]<UL><LI>Max Depth = 8<LI>Call Chain = GPIO_PinAFConfig
</UL>
<BR>[Called By]<UL><LI><a href="#[e7]">&gt;&gt;</a>&nbsp;&nbsp;&nbsp;ETH_GPIO_Config
<LI><a href="#[1f9]">&gt;&gt;</a>&nbsp;&nbsp;&nbsp;uart_init
<LI><a href="#[16e]">&gt;&gt;</a>&nbsp;&nbsp;&nbsp;USB_OTG_BSP_Init
</UL>

<P><STRONG><a name="[115]"></a>GPIO_ReadInputDataBit</STRONG> (Thumb, 14 bytes, Stack size 0 bytes, stm32f2xx_gpio.o(i.GPIO_ReadInputDataBit))
<BR><BR>[Called By]<UL><LI><a href="#[114]">&gt;&gt;</a>&nbsp;&nbsp;&nbsp;GetDeviceId
<LI><a href="#[ac]">&gt;&gt;</a>&nbsp;&nbsp;&nbsp;read_byte
</UL>

<P><STRONG><a name="[11f]"></a>GPIO_ReadOutputData</STRONG> (Thumb, 6 bytes, Stack size 0 bytes, stm32f2xx_gpio.o(i.GPIO_ReadOutputData))
<BR><BR>[Called By]<UL><LI><a href="#[da]">&gt;&gt;</a>&nbsp;&nbsp;&nbsp;LedSetRow
</UL>

<P><STRONG><a name="[aa]"></a>GPIO_ResetBits</STRONG> (Thumb, 4 bytes, Stack size 0 bytes, stm32f2xx_gpio.o(i.GPIO_ResetBits))
<BR><BR>[Called By]<UL><LI><a href="#[e4]">&gt;&gt;</a>&nbsp;&nbsp;&nbsp;LedSetColour
<LI><a href="#[113]">&gt;&gt;</a>&nbsp;&nbsp;&nbsp;GetConfig
<LI><a href="#[112]">&gt;&gt;</a>&nbsp;&nbsp;&nbsp;GetBmpUpdateFlag
<LI><a href="#[79]">&gt;&gt;</a>&nbsp;&nbsp;&nbsp;main
<LI><a href="#[195]">&gt;&gt;</a>&nbsp;&nbsp;&nbsp;write_version_flag
<LI><a href="#[11e]">&gt;&gt;</a>&nbsp;&nbsp;&nbsp;LedDispId
<LI><a href="#[27]">&gt;&gt;</a>&nbsp;&nbsp;&nbsp;SysTick_Handler
<LI><a href="#[10d]">&gt;&gt;</a>&nbsp;&nbsp;&nbsp;FillDoorSide
<LI><a href="#[63]">&gt;&gt;</a>&nbsp;&nbsp;&nbsp;DMA2_Stream3_IRQHandler
<LI><a href="#[1fa]">&gt;&gt;</a>&nbsp;&nbsp;&nbsp;uart1_config
<LI><a href="#[1ad]">&gt;&gt;</a>&nbsp;&nbsp;&nbsp;uart1_write_buf
<LI><a href="#[191]">&gt;&gt;</a>&nbsp;&nbsp;&nbsp;write_ok_flag
<LI><a href="#[ab]">&gt;&gt;</a>&nbsp;&nbsp;&nbsp;write_byte
<LI><a href="#[190]">&gt;&gt;</a>&nbsp;&nbsp;&nbsp;write_bmp
<LI><a href="#[a9]">&gt;&gt;</a>&nbsp;&nbsp;&nbsp;wait_busy
<LI><a href="#[ac]">&gt;&gt;</a>&nbsp;&nbsp;&nbsp;read_byte
<LI><a href="#[a3]">&gt;&gt;</a>&nbsp;&nbsp;&nbsp;read_bmp
<LI><a href="#[18e]">&gt;&gt;</a>&nbsp;&nbsp;&nbsp;page_erase
<LI><a href="#[116]">&gt;&gt;</a>&nbsp;&nbsp;&nbsp;GetStationConfig
<LI><a href="#[a8]">&gt;&gt;</a>&nbsp;&nbsp;&nbsp;ConnectBmp
</UL>

<P><STRONG><a name="[ad]"></a>GPIO_SetBits</STRONG> (Thumb, 4 bytes, Stack size 0 bytes, stm32f2xx_gpio.o(i.GPIO_SetBits))
<BR><BR>[Called By]<UL><LI><a href="#[e4]">&gt;&gt;</a>&nbsp;&nbsp;&nbsp;LedSetColour
<LI><a href="#[113]">&gt;&gt;</a>&nbsp;&nbsp;&nbsp;GetConfig
<LI><a href="#[112]">&gt;&gt;</a>&nbsp;&nbsp;&nbsp;GetBmpUpdateFlag
<LI><a href="#[a1]">&gt;&gt;</a>&nbsp;&nbsp;&nbsp;DispTypeInit
<LI><a href="#[79]">&gt;&gt;</a>&nbsp;&nbsp;&nbsp;main
<LI><a href="#[10f]">&gt;&gt;</a>&nbsp;&nbsp;&nbsp;GPIO_Configuration
<LI><a href="#[195]">&gt;&gt;</a>&nbsp;&nbsp;&nbsp;write_version_flag
<LI><a href="#[121]">&gt;&gt;</a>&nbsp;&nbsp;&nbsp;LoadRowData
<LI><a href="#[11e]">&gt;&gt;</a>&nbsp;&nbsp;&nbsp;LedDispId
<LI><a href="#[27]">&gt;&gt;</a>&nbsp;&nbsp;&nbsp;SysTick_Handler
<LI><a href="#[10d]">&gt;&gt;</a>&nbsp;&nbsp;&nbsp;FillDoorSide
<LI><a href="#[63]">&gt;&gt;</a>&nbsp;&nbsp;&nbsp;DMA2_Stream3_IRQHandler
<LI><a href="#[1ad]">&gt;&gt;</a>&nbsp;&nbsp;&nbsp;uart1_write_buf
<LI><a href="#[191]">&gt;&gt;</a>&nbsp;&nbsp;&nbsp;write_ok_flag
<LI><a href="#[ab]">&gt;&gt;</a>&nbsp;&nbsp;&nbsp;write_byte
<LI><a href="#[190]">&gt;&gt;</a>&nbsp;&nbsp;&nbsp;write_bmp
<LI><a href="#[a9]">&gt;&gt;</a>&nbsp;&nbsp;&nbsp;wait_busy
<LI><a href="#[ac]">&gt;&gt;</a>&nbsp;&nbsp;&nbsp;read_byte
<LI><a href="#[a3]">&gt;&gt;</a>&nbsp;&nbsp;&nbsp;read_bmp
<LI><a href="#[18e]">&gt;&gt;</a>&nbsp;&nbsp;&nbsp;page_erase
<LI><a href="#[116]">&gt;&gt;</a>&nbsp;&nbsp;&nbsp;GetStationConfig
<LI><a href="#[a8]">&gt;&gt;</a>&nbsp;&nbsp;&nbsp;ConnectBmp
</UL>

<P><STRONG><a name="[120]"></a>GPIO_Write</STRONG> (Thumb, 4 bytes, Stack size 0 bytes, stm32f2xx_gpio.o(i.GPIO_Write))
<BR><BR>[Called By]<UL><LI><a href="#[da]">&gt;&gt;</a>&nbsp;&nbsp;&nbsp;LedSetRow
</UL>

<P><STRONG><a name="[110]"></a>GetAdBuf</STRONG> (Thumb, 92 bytes, Stack size 24 bytes, leddrv.o(i.GetAdBuf))
<BR><BR>[Stack]<UL><LI>Max Depth = 132<LI>Call Chain = GetAdBuf &rArr; print_line &rArr; DEBUG_SEND_STR &rArr; usb_write_buf &rArr; USBD_HID_SendBuf &rArr; DCD_EP_Tx &rArr; USB_OTG_EPStartXfer &rArr; USB_OTG_WritePacket
</UL>
<BR>[Calls]<UL><LI><a href="#[a1]">&gt;&gt;</a>&nbsp;&nbsp;&nbsp;DispTypeInit
<LI><a href="#[111]">&gt;&gt;</a>&nbsp;&nbsp;&nbsp;print_line
</UL>
<BR>[Called By]<UL><LI><a href="#[e0]">&gt;&gt;</a>&nbsp;&nbsp;&nbsp;do_get_station_config_pre
<LI><a href="#[e1]">&gt;&gt;</a>&nbsp;&nbsp;&nbsp;do_get_station_config_arrive
</UL>

<P><STRONG><a name="[df]"></a>GetBmp</STRONG> (Thumb, 262 bytes, Stack size 40 bytes, at45db161.o(i.GetBmp))
<BR><BR>[Stack]<UL><LI>Max Depth = 120<LI>Call Chain = GetBmp &rArr; read_bmp &rArr; wait_busy &rArr; write_byte
</UL>
<BR>[Calls]<UL><LI><a href="#[a1]">&gt;&gt;</a>&nbsp;&nbsp;&nbsp;DispTypeInit
<LI><a href="#[a3]">&gt;&gt;</a>&nbsp;&nbsp;&nbsp;read_bmp
<LI><a href="#[e5]">&gt;&gt;</a>&nbsp;&nbsp;&nbsp;down_print_line
<LI><a href="#[af]">&gt;&gt;</a>&nbsp;&nbsp;&nbsp;GetBmpStartPage
</UL>
<BR>[Called By]<UL><LI><a href="#[dd]">&gt;&gt;</a>&nbsp;&nbsp;&nbsp;DispFun_NDS
<LI><a href="#[79]">&gt;&gt;</a>&nbsp;&nbsp;&nbsp;main
</UL>

<P><STRONG><a name="[af]"></a>GetBmpStartPage</STRONG> (Thumb, 186 bytes, Stack size 12 bytes, at45db161.o(i.GetBmpStartPage))
<BR><BR>[Stack]<UL><LI>Max Depth = 12<LI>Call Chain = GetBmpStartPage
</UL>
<BR>[Called By]<UL><LI><a href="#[df]">&gt;&gt;</a>&nbsp;&nbsp;&nbsp;GetBmp
<LI><a href="#[197]">&gt;&gt;</a>&nbsp;&nbsp;&nbsp;UpdateStationConfig
<LI><a href="#[18d]">&gt;&gt;</a>&nbsp;&nbsp;&nbsp;UpdateBmp
<LI><a href="#[116]">&gt;&gt;</a>&nbsp;&nbsp;&nbsp;GetStationConfig
<LI><a href="#[ae]">&gt;&gt;</a>&nbsp;&nbsp;&nbsp;ConnectMsg
</UL>

<P><STRONG><a name="[112]"></a>GetBmpUpdateFlag</STRONG> (Thumb, 106 bytes, Stack size 16 bytes, at45db161.o(i.GetBmpUpdateFlag))
[...]
</UL>
<BR>[Address Reference Count : 1]<UL><LI> usbd_hid_core.o(.data)
</UL>
<P><STRONG><a name="[5]"></a>USBD_HID_SOF</STRONG> (Thumb, 2 bytes, Stack size 0 bytes, usbd_hid_core.o(i.USBD_HID_SOF))
<BR>[Address Reference Count : 1]<UL><LI> usbd_hid_core.o(.data)
</UL>
<P><STRONG><a name="[2]"></a>USBD_HID_Setup</STRONG> (Thumb, 172 bytes, Stack size 16 bytes, usbd_hid_core.o(i.USBD_HID_Setup))
<BR><BR>[Stack]<UL><LI>Max Depth = 84<LI>Call Chain = USBD_HID_Setup &rArr; USBD_CtlSendData &rArr; DCD_EP_Tx &rArr; USB_OTG_EPStartXfer &rArr; USB_OTG_WritePacket
</UL>
<BR>[Calls]<UL><LI><a href="#[166]">&gt;&gt;</a>&nbsp;&nbsp;&nbsp;USBD_CtlSendData
<LI><a href="#[161]">&gt;&gt;</a>&nbsp;&nbsp;&nbsp;USBD_CtlError
</UL>
<BR>[Address Reference Count : 1]<UL><LI> usbd_hid_core.o(.data)
</UL>
<P><STRONG><a name="[8]"></a>USBD_DataInStage</STRONG> (Thumb, 152 bytes, Stack size 16 bytes, usbd_core.o(i.USBD_DataInStage))
<BR><BR>[Stack]<UL><LI>Max Depth = 84<LI>Call Chain = USBD_DataInStage &rArr; USBD_CtlReceiveStatus &rArr; DCD_EP_PrepareRx &rArr; USB_OTG_EPStartXfer &rArr; USB_OTG_WritePacket
</UL>
<BR>[Calls]<UL><LI><a href="#[165]">&gt;&gt;</a>&nbsp;&nbsp;&nbsp;USBD_CtlReceiveStatus
<LI><a href="#[164]">&gt;&gt;</a>&nbsp;&nbsp;&nbsp;USBD_CtlContinueSendData
</UL>
<BR>[Address Reference Count : 1]<UL><LI> usbd_core.o(.data)
</UL>
<P><STRONG><a name="[7]"></a>USBD_DataOutStage</STRONG> (Thumb, 122 bytes, Stack size 16 bytes, usbd_core.o(i.USBD_DataOutStage))
<BR><BR>[Stack]<UL><LI>Max Depth = 92<LI>Call Chain = USBD_DataOutStage &rArr; USBD_CtlSendStatus &rArr; DCD_EP_Tx &rArr; USB_OTG_EPStartXfer &rArr; USB_OTG_WritePacket
</UL>
<BR>[Calls]<UL><LI><a href="#[162]">&gt;&gt;</a>&nbsp;&nbsp;&nbsp;USBD_CtlSendStatus
<LI><a href="#[163]">&gt;&gt;</a>&nbsp;&nbsp;&nbsp;USBD_CtlContinueRx
</UL>
<BR>[Address Reference Count : 1]<UL><LI> usbd_core.o(.data)
</UL>
<P><STRONG><a name="[e]"></a>USBD_IsoINIncomplete</STRONG> (Thumb, 14 bytes, Stack size 8 bytes, usbd_core.o(i.USBD_IsoINIncomplete))
<BR><BR>[Stack]<UL><LI>Max Depth = 8<LI>Call Chain = USBD_IsoINIncomplete
</UL>
<BR>[Address Reference Count : 1]<UL><LI> usbd_core.o(.data)
</UL>
<P><STRONG><a name="[f]"></a>USBD_IsoOUTIncomplete</STRONG> (Thumb, 14 bytes, Stack size 8 bytes, usbd_core.o(i.USBD_IsoOUTIncomplete))
<BR><BR>[Stack]<UL><LI>Max Depth = 8<LI>Call Chain = USBD_IsoOUTIncomplete
</UL>
<BR>[Address Reference Count : 1]<UL><LI> usbd_core.o(.data)
</UL>
<P><STRONG><a name="[b]"></a>USBD_Reset</STRONG> (Thumb, 48 bytes, Stack size 8 bytes, usbd_core.o(i.USBD_Reset))
<BR><BR>[Stack]<UL><LI>Max Depth = 48<LI>Call Chain = USBD_Reset &rArr; DCD_EP_Open &rArr; USB_OTG_EPActivate
</UL>
<BR>[Calls]<UL><LI><a href="#[b4]">&gt;&gt;</a>&nbsp;&nbsp;&nbsp;DCD_EP_Open
</UL>
<BR>[Address Reference Count : 1]<UL><LI> usbd_core.o(.data)
</UL>
<P><STRONG><a name="[d]"></a>USBD_Resume</STRONG> (Thumb, 22 bytes, Stack size 8 bytes, usbd_core.o(i.USBD_Resume))
<BR><BR>[Stack]<UL><LI>Max Depth = 8<LI>Call Chain = USBD_Resume
</UL>
<BR>[Address Reference Count : 1]<UL><LI> usbd_core.o(.data)
</UL>
<P><STRONG><a name="[a]"></a>USBD_SOF</STRONG> (Thumb, 18 bytes, Stack size 8 bytes, usbd_core.o(i.USBD_SOF))
<BR><BR>[Stack]<UL><LI>Max Depth = 8<LI>Call Chain = USBD_SOF
</UL>
<BR>[Address Reference Count : 1]<UL><LI> usbd_core.o(.data)
</UL>
<P><STRONG><a name="[9]"></a>USBD_SetupStage</STRONG> (Thumb, 74 bytes, Stack size 16 bytes, usbd_core.o(i.USBD_SetupStage))
<BR><BR>[Stack]<UL><LI>Max Depth = 116<LI>Call Chain = USBD_SetupStage &rArr; USBD_StdDevReq &rArr; USBD_SetFeature &rArr; USBD_CtlSendStatus &rArr; DCD_EP_Tx &rArr; USB_OTG_EPStartXfer &rArr; USB_OTG_WritePacket
</UL>
<BR>[Calls]<UL><LI><a href="#[180]">&gt;&gt;</a>&nbsp;&nbsp;&nbsp;USBD_StdItfReq
<LI><a href="#[181]">&gt;&gt;</a>&nbsp;&nbsp;&nbsp;USBD_StdEPReq
<LI><a href="#[17f]">&gt;&gt;</a>&nbsp;&nbsp;&nbsp;USBD_StdDevReq
<LI><a href="#[17e]">&gt;&gt;</a>&nbsp;&nbsp;&nbsp;USBD_ParseSetupRequest
<LI><a href="#[b9]">&gt;&gt;</a>&nbsp;&nbsp;&nbsp;DCD_EP_Stall
</UL>
<BR>[Address Reference Count : 1]<UL><LI> usbd_core.o(.data)
</UL>
<P><STRONG><a name="[c]"></a>USBD_Suspend</STRONG> (Thumb, 20 bytes, Stack size 8 bytes, usbd_core.o(i.USBD_Suspend))
<BR><BR>[Stack]<UL><LI>Max Depth = 8<LI>Call Chain = USBD_Suspend
</UL>
<BR>[Address Reference Count : 1]<UL><LI> usbd_core.o(.data)
</UL>
<P><STRONG><a name="[160]"></a>USBD_ClrFeature</STRONG> (Thumb, 60 bytes, Stack size 8 bytes, usbd_req.o(i.USBD_ClrFeature))
<BR><BR>[Stack]<UL><LI>Max Depth = 84<LI>Call Chain = USBD_ClrFeature &rArr; USBD_CtlSendStatus &rArr; DCD_EP_Tx &rArr; USB_OTG_EPStartXfer &rArr; USB_OTG_WritePacket
</UL>
<BR>[Calls]<UL><LI><a href="#[162]">&gt;&gt;</a>&nbsp;&nbsp;&nbsp;USBD_CtlSendStatus
<LI><a href="#[161]">&gt;&gt;</a>&nbsp;&nbsp;&nbsp;USBD_CtlError
</UL>
<BR>[Called By]<UL><LI><a href="#[17f]">&gt;&gt;</a>&nbsp;&nbsp;&nbsp;USBD_StdDevReq
</UL>

<P><STRONG><a name="[167]"></a>USBD_GetConfig</STRONG> (Thumb, 44 bytes, Stack size 0 bytes, usbd_req.o(i.USBD_GetConfig))
<BR><BR>[Stack]<UL><LI>Max Depth = 68<LI>Call Chain = USBD_GetConfig &rArr; USBD_CtlSendData &rArr; DCD_EP_Tx &rArr; USB_OTG_EPStartXfer &rArr; USB_OTG_WritePacket
</UL>
<BR>[Calls]<UL><LI><a href="#[166]">&gt;&gt;</a>&nbsp;&nbsp;&nbsp;USBD_CtlSendData
<LI><a href="#[161]">&gt;&gt;</a>&nbsp;&nbsp;&nbsp;USBD_CtlError
</UL>
<BR>[Called By]<UL><LI><a href="#[17f]">&gt;&gt;</a>&nbsp;&nbsp;&nbsp;USBD_StdDevReq
</UL>

<P><STRONG><a name="[168]"></a>USBD_GetDescriptor</STRONG> (Thumb, 266 bytes, Stack size 16 bytes, usbd_req.o(i.USBD_GetDescriptor))
<BR><BR>[Stack]<UL><LI>Max Depth = 84<LI>Call Chain = USBD_GetDescriptor &rArr; USBD_CtlSendData &rArr; DCD_EP_Tx &rArr; USB_OTG_EPStartXfer &rArr; USB_OTG_WritePacket
</UL>
<BR>[Calls]<UL><LI><a href="#[166]">&gt;&gt;</a>&nbsp;&nbsp;&nbsp;USBD_CtlSendData
<LI><a href="#[161]">&gt;&gt;</a>&nbsp;&nbsp;&nbsp;USBD_CtlError
</UL>
<BR>[Called By]<UL><LI><a href="#[17f]">&gt;&gt;</a>&nbsp;&nbsp;&nbsp;USBD_StdDevReq
</UL>

<P><STRONG><a name="[16b]"></a>USBD_GetLen</STRONG> (Thumb, 20 bytes, Stack size 0 bytes, usbd_req.o(i.USBD_GetLen))
<BR><BR>[Called By]<UL><LI><a href="#[16a]">&gt;&gt;</a>&nbsp;&nbsp;&nbsp;USBD_GetString
</UL>

<P><STRONG><a name="[169]"></a>USBD_GetStatus</STRONG> (Thumb, 44 bytes, Stack size 0 bytes, usbd_req.o(i.USBD_GetStatus))
<BR><BR>[Stack]<UL><LI>Max Depth = 68<LI>Call Chain = USBD_GetStatus &rArr; USBD_CtlSendData &rArr; DCD_EP_Tx &rArr; USB_OTG_EPStartXfer &rArr; USB_OTG_WritePacket
</UL>
<BR>[Calls]<UL><LI><a href="#[166]">&gt;&gt;</a>&nbsp;&nbsp;&nbsp;USBD_CtlSendData
<LI><a href="#[161]">&gt;&gt;</a>&nbsp;&nbsp;&nbsp;USBD_CtlError
</UL>
<BR>[Called By]<UL><LI><a href="#[17f]">&gt;&gt;</a>&nbsp;&nbsp;&nbsp;USBD_StdDevReq
</UL>

<P><STRONG><a name="[178]"></a>USBD_SetAddress</STRONG> (Thumb, 84 bytes, Stack size 16 bytes, usbd_req.o(i.USBD_SetAddress))
<BR><BR>[Stack]<UL><LI>Max Depth = 92<LI>Call Chain = USBD_SetAddress &rArr; USBD_CtlSendStatus &rArr; DCD_EP_Tx &rArr; USB_OTG_EPStartXfer &rArr; USB_OTG_WritePacket
</UL>
<BR>[Calls]<UL><LI><a href="#[179]">&gt;&gt;</a>&nbsp;&nbsp;&nbsp;DCD_EP_SetAddress
<LI><a href="#[162]">&gt;&gt;</a>&nbsp;&nbsp;&nbsp;USBD_CtlSendStatus
<LI><a href="#[161]">&gt;&gt;</a>&nbsp;&nbsp;&nbsp;USBD_CtlError
</UL>
<BR>[Called By]<UL><LI><a href="#[17f]">&gt;&gt;</a>&nbsp;&nbsp;&nbsp;USBD_StdDevReq
</UL>

<P><STRONG><a name="[17a]"></a>USBD_SetConfig</STRONG> (Thumb, 166 bytes, Stack size 16 bytes, usbd_req.o(i.USBD_SetConfig))
<BR><BR>[Stack]<UL><LI>Max Depth = 92<LI>Call Chain = USBD_SetConfig &rArr; USBD_CtlSendStatus &rArr; DCD_EP_Tx &rArr; USB_OTG_EPStartXfer &rArr; USB_OTG_WritePacket
</UL>
<BR>[Calls]<UL><LI><a href="#[162]">&gt;&gt;</a>&nbsp;&nbsp;&nbsp;USBD_CtlSendStatus
<LI><a href="#[17b]">&gt;&gt;</a>&nbsp;&nbsp;&nbsp;USBD_SetCfg
<LI><a href="#[17c]">&gt;&gt;</a>&nbsp;&nbsp;&nbsp;USBD_ClrCfg
<LI><a href="#[161]">&gt;&gt;</a>&nbsp;&nbsp;&nbsp;USBD_CtlError
</UL>
<BR>[Called By]<UL><LI><a href="#[17f]">&gt;&gt;</a>&nbsp;&nbsp;&nbsp;USBD_StdDevReq
</UL>

<P><STRONG><a name="[17d]"></a>USBD_SetFeature</STRONG> (Thumb, 134 bytes, Stack size 16 bytes, usbd_req.o(i.USBD_SetFeature))
<BR><BR>[Stack]<UL><LI>Max Depth = 92<LI>Call Chain = USBD_SetFeature &rArr; USBD_CtlSendStatus &rArr; DCD_EP_Tx &rArr; USB_OTG_EPStartXfer &rArr; USB_OTG_WritePacket
</UL>
<BR>[Calls]<UL><LI><a href="#[162]">&gt;&gt;</a>&nbsp;&nbsp;&nbsp;USBD_CtlSendStatus
</UL>
<BR>[Called By]<UL><LI><a href="#[17f]">&gt;&gt;</a>&nbsp;&nbsp;&nbsp;USBD_StdDevReq
</UL>

<P><STRONG><a name="[bc]"></a>DCD_HandleEnumDone_ISR</STRONG> (Thumb, 86 bytes, Stack size 16 bytes, usb_dcd_int.o(i.DCD_HandleEnumDone_ISR))
<BR><BR>[Stack]<UL><LI>Max Depth = 36<LI>Call Chain = DCD_HandleEnumDone_ISR &rArr; USB_OTG_EP0Activate
</UL>
<BR>[Calls]<UL><LI><a href="#[be]">&gt;&gt;</a>&nbsp;&nbsp;&nbsp;USB_OTG_GetDeviceSpeed
<LI><a href="#[bd]">&gt;&gt;</a>&nbsp;&nbsp;&nbsp;USB_OTG_EP0Activate
</UL>
<BR>[Called By]<UL><LI><a href="#[133]">&gt;&gt;</a>&nbsp;&nbsp;&nbsp;USBD_OTG_ISR_Handler
</UL>

<P><STRONG><a name="[bf]"></a>DCD_HandleInEP_ISR</STRONG> (Thumb, 242 bytes, Stack size 24 bytes, usb_dcd_int.o(i.DCD_HandleInEP_ISR))
<BR><BR>[Stack]<UL><LI>Max Depth = 68<LI>Call Chain = DCD_HandleInEP_ISR &rArr; DCD_WriteEmptyTxFifo &rArr; USB_OTG_WritePacket
</UL>
<BR>[Calls]<UL><LI><a href="#[c0]">&gt;&gt;</a>&nbsp;&nbsp;&nbsp;USB_OTG_ReadDevAllInEPItr
<LI><a href="#[c3]">&gt;&gt;</a>&nbsp;&nbsp;&nbsp;DCD_WriteEmptyTxFifo
<LI><a href="#[c1]">&gt;&gt;</a>&nbsp;&nbsp;&nbsp;DCD_ReadDevInEP
<LI><a href="#[c2]">&gt;&gt;</a>&nbsp;&nbsp;&nbsp;USB_OTG_EP0_OutStart
</UL>
<BR>[Called By]<UL><LI><a href="#[133]">&gt;&gt;</a>&nbsp;&nbsp;&nbsp;USBD_OTG_ISR_Handler
</UL>

<P><STRONG><a name="[c4]"></a>DCD_HandleOutEP_ISR</STRONG> (Thumb, 196 bytes, Stack size 32 bytes, usb_dcd_int.o(i.DCD_HandleOutEP_ISR))
<BR><BR>[Stack]<UL><LI>Max Depth = 48<LI>Call Chain = DCD_HandleOutEP_ISR &rArr; USB_OTG_EP0_OutStart
</UL>
<BR>[Calls]<UL><LI><a href="#[c6]">&gt;&gt;</a>&nbsp;&nbsp;&nbsp;USB_OTG_ReadDevOutEP_itr
<LI><a href="#[c5]">&gt;&gt;</a>&nbsp;&nbsp;&nbsp;USB_OTG_ReadDevAllOutEp_itr
<LI><a href="#[c2]">&gt;&gt;</a>&nbsp;&nbsp;&nbsp;USB_OTG_EP0_OutStart
</UL>
<BR>[Called By]<UL><LI><a href="#[133]">&gt;&gt;</a>&nbsp;&nbsp;&nbsp;USBD_OTG_ISR_Handler
</UL>

<P><STRONG><a name="[173]"></a>DCD_HandleResume_ISR</STRONG> (Thumb, 62 bytes, Stack size 16 bytes, usb_dcd_int.o(i.DCD_HandleResume_ISR))
<BR><BR>[Stack]<UL><LI>Max Depth = 16<LI>Call Chain = DCD_HandleResume_ISR
</UL>
<BR>[Called By]<UL><LI><a href="#[133]">&gt;&gt;</a>&nbsp;&nbsp;&nbsp;USBD_OTG_ISR_Handler
</UL>

<P><STRONG><a name="[c7]"></a>DCD_HandleRxStatusQueueLevel_ISR</STRONG> (Thumb, 134 bytes, Stack size 24 bytes, usb_dcd_int.o(i.DCD_HandleRxStatusQueueLevel_ISR))
<BR><BR>[Stack]<UL><LI>Max Depth = 32<LI>Call Chain = DCD_HandleRxStatusQueueLevel_ISR &rArr; USB_OTG_ReadPacket
</UL>
<BR>[Calls]<UL><LI><a href="#[c8]">&gt;&gt;</a>&nbsp;&nbsp;&nbsp;USB_OTG_ReadPacket
</UL>
<BR>[Called By]<UL><LI><a href="#[133]">&gt;&gt;</a>&nbsp;&nbsp;&nbsp;USBD_OTG_ISR_Handler
</UL>

<P><STRONG><a name="[175]"></a>DCD_HandleSof_ISR</STRONG> (Thumb, 24 bytes, Stack size 8 bytes, usb_dcd_int.o(i.DCD_HandleSof_ISR))
<BR><BR>[Stack]<UL><LI>Max Depth = 8<LI>Call Chain = DCD_HandleSof_ISR
</UL>
<BR>[Called By]<UL><LI><a href="#[133]">&gt;&gt;</a>&nbsp;&nbsp;&nbsp;USBD_OTG_ISR_Handler
</UL>

<P><STRONG><a name="[174]"></a>DCD_HandleUSBSuspend_ISR</STRONG> (Thumb, 80 bytes, Stack size 24 bytes, usb_dcd_int.o(i.DCD_HandleUSBSuspend_ISR))
<BR><BR>[Stack]<UL><LI>Max Depth = 24<LI>Call Chain = DCD_HandleUSBSuspend_ISR
</UL>
<BR>[Called By]<UL><LI><a href="#[133]">&gt;&gt;</a>&nbsp;&nbsp;&nbsp;USBD_OTG_ISR_Handler
</UL>

<P><STRONG><a name="[c9]"></a>DCD_HandleUsbReset_ISR</STRONG> (Thumb, 172 bytes, Stack size 40 bytes, usb_dcd_int.o(i.DCD_HandleUsbReset_ISR))
<BR><BR>[Stack]<UL><LI>Max Depth = 56<LI>Call Chain = DCD_HandleUsbReset_ISR &rArr; USB_OTG_FlushTxFifo
</UL>
<BR>[Calls]<UL><LI><a href="#[ca]">&gt;&gt;</a>&nbsp;&nbsp;&nbsp;USB_OTG_FlushTxFifo
<LI><a href="#[c2]">&gt;&gt;</a>&nbsp;&nbsp;&nbsp;USB_OTG_EP0_OutStart
</UL>
<BR>[Called By]<UL><LI><a href="#[133]">&gt;&gt;</a>&nbsp;&nbsp;&nbsp;USBD_OTG_ISR_Handler
</UL>

<P><STRONG><a name="[176]"></a>DCD_IsoINIncomplete_ISR</STRONG> (Thumb, 26 bytes, Stack size 8 bytes, usb_dcd_int.o(i.DCD_IsoINIncomplete_ISR))
<BR><BR>[Stack]<UL><LI>Max Depth = 8<LI>Call Chain = DCD_IsoINIncomplete_ISR
</UL>
<BR>[Called By]<UL><LI><a href="#[133]">&gt;&gt;</a>&nbsp;&nbsp;&nbsp;USBD_OTG_ISR_Handler
</UL>

<P><STRONG><a name="[177]"></a>DCD_IsoOUTIncomplete_ISR</STRONG> (Thumb, 26 bytes, Stack size 8 bytes, usb_dcd_int.o(i.DCD_IsoOUTIncomplete_ISR))
<BR><BR>[Stack]<UL><LI>Max Depth = 8<LI>Call Chain = DCD_IsoOUTIncomplete_ISR
</UL>
<BR>[Called By]<UL><LI><a href="#[133]">&gt;&gt;</a>&nbsp;&nbsp;&nbsp;USBD_OTG_ISR_Handler
</UL>

<P><STRONG><a name="[c1]"></a>DCD_ReadDevInEP</STRONG> (Thumb, 28 bytes, Stack size 0 bytes, usb_dcd_int.o(i.DCD_ReadDevInEP))
<BR><BR>[Called By]<UL><LI><a href="#[bf]">&gt;&gt;</a>&nbsp;&nbsp;&nbsp;DCD_HandleInEP_ISR
</UL>

<P><STRONG><a name="[c3]"></a>DCD_WriteEmptyTxFifo</STRONG> (Thumb, 128 bytes, Stack size 32 bytes, usb_dcd_int.o(i.DCD_WriteEmptyTxFifo))
<BR><BR>[Stack]<UL><LI>Max Depth = 44<LI>Call Chain = DCD_WriteEmptyTxFifo &rArr; USB_OTG_WritePacket
</UL>
<BR>[Calls]<UL><LI><a href="#[d2]">&gt;&gt;</a>&nbsp;&nbsp;&nbsp;USB_OTG_WritePacket
</UL>
<BR>[Called By]<UL><LI><a href="#[bf]">&gt;&gt;</a>&nbsp;&nbsp;&nbsp;DCD_HandleInEP_ISR
</UL>

<P><STRONG><a name="[186]"></a>USB_OTG_CoreReset</STRONG> (Thumb, 86 bytes, Stack size 24 bytes, usb_core.o(i.USB_OTG_CoreReset))
<BR><BR>[Stack]<UL><LI>Max Depth = 24<LI>Call Chain = USB_OTG_CoreReset
</UL>
<BR>[Calls]<UL><LI><a href="#[18a]">&gt;&gt;</a>&nbsp;&nbsp;&nbsp;USB_OTG_BSP_uDelay
</UL>
<BR>[Called By]<UL><LI><a href="#[ce]">&gt;&gt;</a>&nbsp;&nbsp;&nbsp;USB_OTG_CoreInit
</UL>

<P><STRONG><a name="[18b]"></a>USB_OTG_EnableCommonInt</STRONG> (Thumb, 20 bytes, Stack size 0 bytes, usb_core.o(i.USB_OTG_EnableCommonInt))
<BR><BR>[Called By]<UL><LI><a href="#[189]">&gt;&gt;</a>&nbsp;&nbsp;&nbsp;USB_OTG_EnableDevInt
</UL>

<P><STRONG><a name="[a4]"></a>CmdResp1Error</STRONG> (Thumb, 244 bytes, Stack size 16 bytes, stm32_eval_sdio_sd.o(i.CmdResp1Error))
<BR><BR>[Stack]<UL><LI>Max Depth = 24<LI>Call Chain = CmdResp1Error &rArr; SDIO_GetResponse
</UL>
<BR>[Calls]<UL><LI><a href="#[a7]">&gt;&gt;</a>&nbsp;&nbsp;&nbsp;SDIO_GetResponse
<LI><a href="#[a6]">&gt;&gt;</a>&nbsp;&nbsp;&nbsp;SDIO_GetCommandResponse
<LI><a href="#[a5]">&gt;&gt;</a>&nbsp;&nbsp;&nbsp;SDIO_ClearFlag
</UL>
<BR>[Called By]<UL><LI><a href="#[154]">&gt;&gt;</a>&nbsp;&nbsp;&nbsp;SD_StopTransfer
</UL>

<P><STRONG><a name="[1a9]"></a>uart1_get_packet_1</STRONG> (Thumb, 108 bytes, Stack size 24 bytes, com_proc.o(i.uart1_get_packet_1))
<BR><BR>[Stack]<UL><LI>Max Depth = 24<LI>Call Chain = uart1_get_packet_1
</UL>
<BR>[Calls]<UL><LI><a href="#[236]">&gt;&gt;</a>&nbsp;&nbsp;&nbsp;uart1_read_char
<LI><a href="#[18f]">&gt;&gt;</a>&nbsp;&nbsp;&nbsp;__aeabi_memcpy
</UL>
<BR>[Called By]<UL><LI><a href="#[1a8]">&gt;&gt;</a>&nbsp;&nbsp;&nbsp;com1_proc
</UL>

<P><STRONG><a name="[8f]"></a>telnet_accept</STRONG> (Thumb, 118 bytes, Stack size 80 bytes, telnet.o(i.telnet_accept))
<BR><BR>[Stack]<UL><LI>Max Depth = 412<LI>Call Chain = telnet_accept &rArr; tcp_abandon &rArr; tcp_pcb_remove &rArr; tcp_output &rArr; tcp_output_segment &rArr; ip_output &rArr; ip_output_if &rArr; ip_frag &rArr; pbuf_alloc &rArr; pbuf_free &rArr; mem_free &rArr; plug_holes
</UL>
<BR>[Calls]<UL><LI><a href="#[1d1]">&gt;&gt;</a>&nbsp;&nbsp;&nbsp;tcp_write
<LI><a href="#[1a5]">&gt;&gt;</a>&nbsp;&nbsp;&nbsp;tcp_recv
<LI><a href="#[1cd]">&gt;&gt;</a>&nbsp;&nbsp;&nbsp;tcp_err
<LI><a href="#[1a3]">&gt;&gt;</a>&nbsp;&nbsp;&nbsp;tcp_arg
<LI><a href="#[1a6]">&gt;&gt;</a>&nbsp;&nbsp;&nbsp;mem_free
<LI><a href="#[205]">&gt;&gt;</a>&nbsp;&nbsp;&nbsp;mem_calloc
<LI><a href="#[214]">&gt;&gt;</a>&nbsp;&nbsp;&nbsp;tcp_output
<LI><a href="#[20b]">&gt;&gt;</a>&nbsp;&nbsp;&nbsp;tcp_abandon
<LI><a href="#[233]">&gt;&gt;</a>&nbsp;&nbsp;&nbsp;strncat
<LI><a href="#[19b]">&gt;&gt;</a>&nbsp;&nbsp;&nbsp;strlen
<LI><a href="#[232]">&gt;&gt;</a>&nbsp;&nbsp;&nbsp;strncpy
<LI><a href="#[de]">&gt;&gt;</a>&nbsp;&nbsp;&nbsp;__aeabi_memclr4
</UL>
<BR>[Address Reference Count : 1]<UL><LI> telnet.o(i.telnet_init)
</UL>
<P><STRONG><a name="[8d]"></a>telnet_conn_err</STRONG> (Thumb, 4 bytes, Stack size 0 bytes, telnet.o(i.telnet_conn_err))
<BR><BR>[Stack]<UL><LI>Max Depth = 12<LI>Call Chain = telnet_conn_err &rArr; mem_free &rArr; plug_holes
</UL>
<BR>[Calls]<UL><LI><a href="#[1a6]">&gt;&gt;</a>&nbsp;&nbsp;&nbsp;mem_free
</UL>
<BR>[Address Reference Count : 1]<UL><LI> telnet.o(i.telnet_accept)
</UL>
<P><STRONG><a name="[8e]"></a>telnet_recv</STRONG> (Thumb, 224 bytes, Stack size 24 bytes, telnet.o(i.telnet_recv))
<BR><BR>[Stack]<UL><LI>Max Depth = 396<LI>Call Chain = telnet_recv &rArr; parse_input_parm &rArr; ip_config &rArr; showip &rArr; tcp_output &rArr; tcp_output_segment &rArr; ip_output &rArr; ip_output_if &rArr; ip_frag &rArr; pbuf_alloc &rArr; pbuf_free &rArr; mem_free &rArr; plug_holes
</UL>
<BR>[Calls]<UL><LI><a href="#[1d0]">&gt;&gt;</a>&nbsp;&nbsp;&nbsp;tcp_recved
<LI><a href="#[1a7]">&gt;&gt;</a>&nbsp;&nbsp;&nbsp;tcp_close
<LI><a href="#[1b1]">&gt;&gt;</a>&nbsp;&nbsp;&nbsp;pbuf_free
<LI><a href="#[1a6]">&gt;&gt;</a>&nbsp;&nbsp;&nbsp;mem_free
<LI><a href="#[20c]">&gt;&gt;</a>&nbsp;&nbsp;&nbsp;parse_input_parm
<LI><a href="#[de]">&gt;&gt;</a>&nbsp;&nbsp;&nbsp;__aeabi_memclr4
</UL>
<BR>[Address Reference Count : 1]<UL><LI> telnet.o(i.telnet_accept)
</UL>
<P><STRONG><a name="[1c5]"></a>exce_ptu_cmd</STRONG> (Thumb, 484 bytes, Stack size 64 bytes, usb.o(i.exce_ptu_cmd))
<BR><BR>[Stack]<UL><LI>Max Depth = 308<LI>Call Chain = exce_ptu_cmd &rArr; UsbPrintConfig &rArr; UsbPrintInt &rArr; usb_write_buf &rArr; USBD_HID_SendBuf &rArr; DCD_EP_Tx &rArr; USB_OTG_EPStartXfer &rArr; USB_OTG_WritePacket
</UL>
<BR>[Calls]<UL><LI><a href="#[1c6]">&gt;&gt;</a>&nbsp;&nbsp;&nbsp;save_parm
<LI><a href="#[d4]">&gt;&gt;</a>&nbsp;&nbsp;&nbsp;usb_write_buf
<LI><a href="#[198]">&gt;&gt;</a>&nbsp;&nbsp;&nbsp;UsbPrintConfig
<LI><a href="#[1c7]">&gt;&gt;</a>&nbsp;&nbsp;&nbsp;upgrade
<LI><a href="#[199]">&gt;&gt;</a>&nbsp;&nbsp;&nbsp;__2snprintf
<LI><a href="#[19b]">&gt;&gt;</a>&nbsp;&nbsp;&nbsp;strlen
<LI><a href="#[de]">&gt;&gt;</a>&nbsp;&nbsp;&nbsp;__aeabi_memclr4
</UL>
<BR>[Called By]<UL><LI><a href="#[203]">&gt;&gt;</a>&nbsp;&nbsp;&nbsp;ptu_proc
</UL>

<P><STRONG><a name="[20f]"></a>ptu_get_packet</STRONG> (Thumb, 128 bytes, Stack size 20 bytes, usb.o(i.ptu_get_packet))
<BR><BR>[Stack]<UL><LI>Max Depth = 20<LI>Call Chain = ptu_get_packet
</UL>
<BR>[Calls]<UL><LI><a href="#[210]">&gt;&gt;</a>&nbsp;&nbsp;&nbsp;usb_read_char
</UL>
<BR>[Called By]<UL><LI><a href="#[203]">&gt;&gt;</a>&nbsp;&nbsp;&nbsp;ptu_proc
</UL>

<P><STRONG><a name="[19d]"></a>_printf_core</STRONG> (Thumb, 654 bytes, Stack size 104 bytes, printf5.o(i._printf_core), UNUSED)
<BR><BR>[Calls]<UL><LI><a href="#[99]">&gt;&gt;</a>&nbsp;&nbsp;&nbsp;__aeabi_uldivmod
</UL>
<BR>[Called By]<UL><LI><a href="#[19e]">&gt;&gt;</a>&nbsp;&nbsp;&nbsp;__0sprintf$5
<LI><a href="#[19c]">&gt;&gt;</a>&nbsp;&nbsp;&nbsp;__0snprintf$5
</UL>

<P><STRONG><a name="[83]"></a>_snputc</STRONG> (Thumb, 22 bytes, Stack size 0 bytes, printf5.o(i._snputc))
<BR>[Address Reference Count : 1]<UL><LI> printf5.o(i.__0snprintf$5)
</UL>
<P><STRONG><a name="[84]"></a>_sputc</STRONG> (Thumb, 10 bytes, Stack size 0 bytes, printf5.o(i._sputc))
<BR><BR>[Called By]<UL><LI><a href="#[19e]">&gt;&gt;</a>&nbsp;&nbsp;&nbsp;__0sprintf$5
</UL>
<BR>[Address Reference Count : 1]<UL><LI> printf5.o(i.__0sprintf$5)
</UL>
<P><STRONG><a name="[7e]"></a>_scanf_char_input</STRONG> (Thumb, 12 bytes, Stack size 0 bytes, scanf_char.o(.text))
<BR>[Address Reference Count : 1]<UL><LI> scanf_char.o(.text)
</UL><P>
<H3>
Undefined Global Symbols
</H3><HR></body></html>
