Product: MDK-ARM Standard 5.10
Component: ARM Compiler 5.04 update 1 (build 49)
Tool: armlink [5040049]

==============================================================================

Section Cross References

    system_stm32f2xx.o(i.SystemCoreClockUpdate) refers to system_stm32f2xx.o(.data) for .data
    system_stm32f2xx.o(i.SystemInit) refers to system_stm32f2xx.o(i.SetSysClock) for SetSysClock
    startup_stm32f2xx.o(RESET) refers to startup_stm32f2xx.o(STACK) for __initial_sp
    startup_stm32f2xx.o(RESET) refers to startup_stm32f2xx.o(.text) for Reset_Handler
    startup_stm32f2xx.o(RESET) refers to stm32f2xx_it.o(i.NMI_Handler) for NMI_Handler
    startup_stm32f2xx.o(RESET) refers to stm32f2xx_it.o(i.HardFault_Handler) for HardFault_Handler
    startup_stm32f2xx.o(RESET) refers to stm32f2xx_it.o(i.MemManage_Handler) for MemManage_Handler
    startup_stm32f2xx.o(RESET) refers to stm32f2xx_it.o(i.BusFault_Handler) for BusFault_Handler
    startup_stm32f2xx.o(RESET) refers to stm32f2xx_it.o(i.UsageFault_Handler) for UsageFault_Handler
    startup_stm32f2xx.o(RESET) refers to stm32f2xx_it.o(i.SVC_Handler) for SVC_Handler
    startup_stm32f2xx.o(RESET) refers to stm32f2xx_it.o(i.DebugMon_Handler) for DebugMon_Handler
    startup_stm32f2xx.o(RESET) refers to stm32f2xx_it.o(i.PendSV_Handler) for PendSV_Handler
    startup_stm32f2xx.o(RESET) refers to stm32f2xx_it.o(i.SysTick_Handler) for SysTick_Handler
    startup_stm32f2xx.o(RESET) refers to stm32f2xx_it.o(i.USART1_IRQHandler) for USART1_IRQHandler
    startup_stm32f2xx.o(RESET) refers to stm32f2xx_it.o(i.USART2_IRQHandler) for USART2_IRQHandler
    startup_stm32f2xx.o(RESET) refers to stm32f2xx_it.o(i.USART3_IRQHandler) for USART3_IRQHandler
    startup_stm32f2xx.o(RESET) refers to stm32f2xx_it.o(i.EXTI15_10_IRQHandler) for EXTI15_10_IRQHandler
    startup_stm32f2xx.o(RESET) refers to stm32f2xx_it.o(i.OTG_FS_WKUP_IRQHandler) for OTG_FS_WKUP_IRQHandler
    startup_stm32f2xx.o(RESET) refers to stm32f2xx_it.o(i.SDIO_IRQHandler) for SDIO_IRQHandler
    startup_stm32f2xx.o(RESET) refers to stm32f2xx_it.o(i.DMA2_Stream3_IRQHandler) for DMA2_Stream3_IRQHandler
    startup_stm32f2xx.o(RESET) refers to stm32f2xx_it.o(i.OTG_FS_IRQHandler) for OTG_FS_IRQHandler
    startup_stm32f2xx.o(.text) refers to system_stm32f2xx.o(i.SystemInit) for SystemInit
    startup_stm32f2xx.o(.text) refers to entry.o(.ARM.Collect$$$$00000000) for __main
    flash_if.o(i.FLASH_If_DisableWriteProtection) refers to flash_if.o(i.GetSector) for GetSector
    flash_if.o(i.FLASH_If_DisableWriteProtection) refers to stm32f2xx_flash.o(i.FLASH_OB_Unlock) for FLASH_OB_Unlock
    flash_if.o(i.FLASH_If_DisableWriteProtection) refers to stm32f2xx_flash.o(i.FLASH_OB_WRPConfig) for FLASH_OB_WRPConfig
    flash_if.o(i.FLASH_If_DisableWriteProtection) refers to stm32f2xx_flash.o(i.FLASH_OB_Launch) for FLASH_OB_Launch
    flash_if.o(i.FLASH_If_Erase_Prog_Bak) refers to flash_if.o(i.GetSector) for GetSector
    flash_if.o(i.FLASH_If_Erase_Prog_Bak) refers to stm32f2xx_flash.o(i.FLASH_EraseSector) for FLASH_EraseSector
    flash_if.o(i.FLASH_If_Erase_Save_Parm) refers to flash_if.o(i.GetSector) for GetSector
    flash_if.o(i.FLASH_If_Erase_Save_Parm) refers to stm32f2xx_flash.o(i.FLASH_EraseSector) for FLASH_EraseSector
    flash_if.o(i.FLASH_If_GetWriteProtectionStatus) refers to flash_if.o(i.GetSector) for GetSector
    flash_if.o(i.FLASH_If_GetWriteProtectionStatus) refers to stm32f2xx_flash.o(i.FLASH_OB_GetWRP) for FLASH_OB_GetWRP
    flash_if.o(i.FLASH_If_Init) refers to stm32f2xx_flash.o(i.FLASH_Unlock) for FLASH_Unlock
    flash_if.o(i.FLASH_If_Init) refers to stm32f2xx_flash.o(i.FLASH_ClearFlag) for FLASH_ClearFlag
    flash_if.o(i.FLASH_If_Write) refers to stm32f2xx_flash.o(i.FLASH_ProgramWord) for FLASH_ProgramWord
    flash_if.o(i.load_default_parm) refers to flash_if.o(i.save_parm) for save_parm
    flash_if.o(i.load_default_parm) refers to flash_if.o(.bss) for .bss
    flash_if.o(i.load_default_parm) refers to flash_if.o(.data) for .data
    flash_if.o(i.save_init) refers to flash_if.o(i.FLASH_If_Init) for FLASH_If_Init
    flash_if.o(i.save_init) refers to memcpya.o(.text) for __aeabi_memcpy
    flash_if.o(i.save_init) refers to flash_if.o(i.load_default_parm) for load_default_parm
    flash_if.o(i.save_init) refers to flash_if.o(.bss) for .bss
    flash_if.o(i.save_parm) refers to flash_if.o(i.FLASH_If_Erase_Save_Parm) for FLASH_If_Erase_Save_Parm
    flash_if.o(i.save_parm) refers to flash_if.o(i.FLASH_If_Write) for FLASH_If_Write
    flash_if.o(i.save_parm) refers to flash_if.o(.bss) for .bss
    httpserver.o(i.IAP_HTTP_writedata) refers to flash_if.o(i.FLASH_If_Write) for FLASH_If_Write
    httpserver.o(i.IAP_HTTP_writedata) refers to httpserver.o(.data) for .data
    httpserver.o(i.IAP_httpd_init) refers to tcp.o(i.tcp_new) for tcp_new
    httpserver.o(i.IAP_httpd_init) refers to tcp.o(i.tcp_bind) for tcp_bind
[...]
    __1snprintf$5                            0x08006a21   Thumb Code     0  printf5.o(i.__0snprintf$5)
    __2snprintf                              0x08006a21   Thumb Code     0  printf5.o(i.__0snprintf$5)
    __0sprintf$5                             0x08006a49   Thumb Code    34  printf5.o(i.__0sprintf$5)
    __1sprintf$5                             0x08006a49   Thumb Code     0  printf5.o(i.__0sprintf$5)
    __2sprintf                               0x08006a49   Thumb Code     0  printf5.o(i.__0sprintf$5)
    __scatterload_copy                       0x08006a71   Thumb Code    14  handlers.o(i.__scatterload_copy)
    __scatterload_null                       0x08006a7f   Thumb Code     2  handlers.o(i.__scatterload_null)
    __scatterload_zeroinit                   0x08006a81   Thumb Code    14  handlers.o(i.__scatterload_zeroinit)
    broadcast_init                           0x08006d6d   Thumb Code    24  tba_3093.o(i.broadcast_init)
    check_timer                              0x08006d8d   Thumb Code    42  main.o(i.check_timer)
    com1_proc                                0x08006ded   Thumb Code   304  com_proc.o(i.com1_proc)
    com1_proc_other_system                   0x08006f41   Thumb Code   144  com_proc.o(i.com1_proc_other_system)
    com_send_data                            0x08006fe5   Thumb Code   174  com_proc.o(i.com_send_data)
    com_send_data_other_systerm              0x08007099   Thumb Code    50  com_proc.o(i.com_send_data_other_systerm)
    do_get_station_config_arrive             0x080070d5   Thumb Code   150  leddrv.o(i.do_get_station_config_arrive)
    do_get_station_config_pre                0x08007171   Thumb Code   156  leddrv.o(i.do_get_station_config_pre)
    down_print_int                           0x08007211   Thumb Code     2  at45db161.o(i.down_print_int)
    down_print_line                          0x08007213   Thumb Code     2  at45db161.o(i.down_print_line)
    eth_init                                 0x08007215   Thumb Code    42  main.o(i.eth_init)
    etharp_arp_input                         0x08007245   Thumb Code   252  etharp.o(i.etharp_arp_input)
    etharp_ip_input                          0x08007341   Thumb Code    42  etharp.o(i.etharp_ip_input)
    etharp_output                            0x0800736d   Thumb Code   178  etharp.o(i.etharp_output)
    etharp_query                             0x08007425   Thumb Code   280  etharp.o(i.etharp_query)
    etharp_request                           0x080075e5   Thumb Code    32  etharp.o(i.etharp_request)
    etharp_tmr                               0x0800763d   Thumb Code    74  etharp.o(i.etharp_tmr)
    ethernet_input                           0x0800768d   Thumb Code    90  etharp.o(i.ethernet_input)
    ethernetif_init                          0x080076e9   Thumb Code    30  ethernetif.o(i.ethernetif_init)
    ethernetif_input                         0x08007711   Thumb Code    42  ethernetif.o(i.ethernetif_input)
    exec_iap_fun                             0x080079f5   Thumb Code    26  httpserver.o(i.exec_iap_fun)
    htonl                                    0x08007ba5   Thumb Code    24  inet.o(i.htonl)
    htons                                    0x08007bbd   Thumb Code    10  inet.o(i.htons)
    icmp_dest_unreach                        0x08008111   Thumb Code     8  icmp.o(i.icmp_dest_unreach)
    icmp_input                               0x08008119   Thumb Code   324  icmp.o(i.icmp_input)
    icmp_time_exceeded                       0x080082c5   Thumb Code     8  icmp.o(i.icmp_time_exceeded)
    inet_chksum                              0x080082cd   Thumb Code    12  inet_chksum.o(i.inet_chksum)
    inet_chksum_pbuf                         0x080082d9   Thumb Code    72  inet_chksum.o(i.inet_chksum_pbuf)
    ip_addr_isbroadcast                      0x08008321   Thumb Code    62  ip_addr.o(i.ip_addr_isbroadcast)
    ip_config                                0x08008361   Thumb Code   858  telnet.o(i.ip_config)
    ip_frag                                  0x080086ed   Thumb Code   312  ip_frag.o(i.ip_frag)
    ip_input                                 0x08008829   Thumb Code   380  ip.o(i.ip_input)
    ip_output                                0x080089ad   Thumb Code    52  ip.o(i.ip_output)
    ip_output_if                             0x080089e1   Thumb Code   210  ip.o(i.ip_output_if)
    ip_reass                                 0x08008ab9   Thumb Code   376  ip_frag.o(i.ip_reass)
    ip_route                                 0x08008e89   Thumb Code    62  ip.o(i.ip_route)
    load_default_parm                        0x08008ed1   Thumb Code    20  flash_if.o(i.load_default_parm)
    main                                     0x08009065   Thumb Code   502  main.o(i.main)
    mem_calloc                               0x080092b1   Thumb Code    28  mem.o(i.mem_calloc)
    mem_free                                 0x080092cd   Thumb Code    38  mem.o(i.mem_free)
    mem_init                                 0x080092f9   Thumb Code    44  mem.o(i.mem_init)
    mem_malloc                               0x0800932d   Thumb Code   180  mem.o(i.mem_malloc)
    mem_realloc                              0x080093e5   Thumb Code   198  mem.o(i.mem_realloc)
    memp_free                                0x080094b1   Thumb Code    18  memp.o(i.memp_free)
    memp_init                                0x080094c9   Thumb Code    78  memp.o(i.memp_init)
    memp_malloc                              0x08009521   Thumb Code    28  memp.o(i.memp_malloc)
    netif_add                                0x08009541   Thumb Code    66  netif.o(i.netif_add)
    netif_is_up                              0x08009589   Thumb Code    10  netif.o(i.netif_is_up)
    netif_set_addr                           0x08009593   Thumb Code    34  netif.o(i.netif_set_addr)
    netif_set_default                        0x080095b5   Thumb Code     6  netif.o(i.netif_set_default)
    netif_set_gw                             0x080095c1   Thumb Code    14  netif.o(i.netif_set_gw)
    netif_set_ipaddr                         0x080095d1   Thumb Code    96  netif.o(i.netif_set_ipaddr)
    netif_set_netmask                        0x08009639   Thumb Code    14  netif.o(i.netif_set_netmask)
    netif_set_up                             0x08009647   Thumb Code    28  netif.o(i.netif_set_up)
    ntohl                                    0x08009663   Thumb Code     4  inet.o(i.ntohl)
    ntohs                                    0x08009667   Thumb Code     4  inet.o(i.ntohs)
    page_erase                               0x0800966d   Thumb Code    74  at45db161.o(i.page_erase)
    parse_input_parm                         0x080096bd   Thumb Code    54  telnet.o(i.parse_input_parm)
    pbuf_alloc                               0x08009711   Thumb Code   298  pbuf.o(i.pbuf_alloc)
    pbuf_cat                                 0x0800983b   Thumb Code    40  pbuf.o(i.pbuf_cat)
    pbuf_chain                               0x08009863   Thumb Code    20  pbuf.o(i.pbuf_chain)
    pbuf_clen                                0x08009877   Thumb Code    18  pbuf.o(i.pbuf_clen)
    pbuf_copy                                0x08009889   Thumb Code   150  pbuf.o(i.pbuf_copy)
    pbuf_copy_partial                        0x0800991f   Thumb Code   108  pbuf.o(i.pbuf_copy_partial)
    pbuf_free                                0x0800998b   Thumb Code    82  pbuf.o(i.pbuf_free)
    pbuf_header                              0x080099dd   Thumb Code   104  pbuf.o(i.pbuf_header)
    pbuf_realloc                             0x08009a45   Thumb Code    78  pbuf.o(i.pbuf_realloc)
    pbuf_ref                                 0x08009a93   Thumb Code    12  pbuf.o(i.pbuf_ref)
    print_line                               0x08009af5   Thumb Code    26  utils.o(i.print_line)
    ptu_proc                                 0x08009b9d   Thumb Code    26  usb.o(i.ptu_proc)
    raw_input                                0x08009bc1   Thumb Code    98  raw.o(i.raw_input)
    read_bmp                                 0x08009c29   Thumb Code   296  at45db161.o(i.read_bmp)
    read_byte                                0x08009d5d   Thumb Code    96  at45db161.o(i.read_byte)
    save_init                                0x08009dc1   Thumb Code    48  flash_if.o(i.save_init)
    save_parm                                0x08009df9   Thumb Code    46  flash_if.o(i.save_parm)
    set_date                                 0x08009e5d   Thumb Code   256  telnet.o(i.set_date)
    set_rtc_date                             0x08009fa1   Thumb Code    30  sd_data.o(i.set_rtc_date)
    set_rtc_time                             0x08009fc5   Thumb Code    40  sd_data.o(i.set_rtc_time)
    showip                                   0x08009fed   Thumb Code   168  telnet.o(i.showip)
    tcp_abandon                              0x0800a0e1   Thumb Code   146  tcp.o(i.tcp_abandon)
    tcp_accept                               0x0800a179   Thumb Code     4  tcp.o(i.tcp_accept)
    tcp_alloc                                0x0800a185   Thumb Code   152  tcp.o(i.tcp_alloc)
    tcp_arg                                  0x0800a229   Thumb Code     4  tcp.o(i.tcp_arg)
    tcp_bind                                 0x0800a22d   Thumb Code   196  tcp.o(i.tcp_bind)
    tcp_close                                0x0800a2f5   Thumb Code   204  tcp.o(i.tcp_close)
    tcp_eff_send_mss                         0x0800a3c5   Thumb Code    32  tcp.o(i.tcp_eff_send_mss)
    tcp_enqueue                              0x0800a3e5   Thumb Code   858  tcp_out.o(i.tcp_enqueue)
    tcp_err                                  0x0800a73f   Thumb Code     6  tcp.o(i.tcp_err)
    tcp_fasttmr                              0x0800a745   Thumb Code    86  tcp.o(i.tcp_fasttmr)
    tcp_input                                0x0800a7a1   Thumb Code   810  tcp_in.o(i.tcp_input)
    tcp_keepalive                            0x0800aae1   Thumb Code    72  tcp_out.o(i.tcp_keepalive)
    tcp_listen_with_backlog                  0x0800ac8d   Thumb Code   138  tcp.o(i.tcp_listen_with_backlog)
    tcp_new                                  0x0800ad21   Thumb Code     6  tcp.o(i.tcp_new)
    tcp_next_iss                             0x0800ad85   Thumb Code    12  tcp.o(i.tcp_next_iss)
    tcp_output                               0x0800ad95   Thumb Code   418  tcp_out.o(i.tcp_output)
    tcp_pcb_purge                            0x0800b0f5   Thumb Code    48  tcp.o(i.tcp_pcb_purge)
    tcp_pcb_remove                           0x0800b125   Thumb Code    92  tcp.o(i.tcp_pcb_remove)
    tcp_poll                                 0x0800b185   Thumb Code    10  tcp.o(i.tcp_poll)
    tcp_recv                                 0x0800ba19   Thumb Code     6  tcp.o(i.tcp_recv)
    tcp_recv_null                            0x0800ba1f   Thumb Code    38  tcp.o(i.tcp_recv_null)
    tcp_recved                               0x0800ba45   Thumb Code    60  tcp.o(i.tcp_recved)
    tcp_rexmit                               0x0800ba81   Thumb Code    72  tcp_out.o(i.tcp_rexmit)
    tcp_rexmit_fast                          0x0800bac9   Thumb Code    96  tcp_out.o(i.tcp_rexmit_fast)
    tcp_rexmit_rto                           0x0800bb29   Thumb Code    46  tcp_out.o(i.tcp_rexmit_rto)
    tcp_rst                                  0x0800bb57   Thumb Code   158  tcp_out.o(i.tcp_rst)
    tcp_seg_free                             0x0800bbf5   Thumb Code    32  tcp.o(i.tcp_seg_free)
    tcp_segs_free                            0x0800bc15   Thumb Code    26  tcp.o(i.tcp_segs_free)
    tcp_send_ctrl                            0x0800bc2f   Thumb Code    20  tcp_out.o(i.tcp_send_ctrl)
    tcp_send_empty_ack                       0x0800bc43   Thumb Code    86  tcp_out.o(i.tcp_send_empty_ack)
    tcp_sent                                 0x0800bc99   Thumb Code     6  tcp.o(i.tcp_sent)
    tcp_slowtmr                              0x0800bca1   Thumb Code   548  tcp.o(i.tcp_slowtmr)
    tcp_tmr                                  0x0800bf49   Thumb Code    28  tcp.o(i.tcp_tmr)
    tcp_update_rcv_ann_wnd                   0x0800bf69   Thumb Code    54  tcp.o(i.tcp_update_rcv_ann_wnd)
    tcp_write                                0x0800bf9f   Thumb Code    46  tcp_out.o(i.tcp_write)
    tcp_zero_window_probe                    0x0800bfcd   Thumb Code   160  tcp_out.o(i.tcp_zero_window_probe)
    telnet_init                              0x0800c135   Thumb Code    36  telnet.o(i.telnet_init)
    uart1_config                             0x0800c241   Thumb Code    68  uart1.o(i.uart1_config)
    uart1_read_char                          0x0800c305   Thumb Code    40  uart1.o(i.uart1_read_char)
    uart1_write_buf                          0x0800c335   Thumb Code    82  uart1.o(i.uart1_write_buf)
    uart1_write_char                         0x0800c38d   Thumb Code    54  uart1.o(i.uart1_write_char)
    uart_init                                0x0800c3c9   Thumb Code   168  stm32_eval.o(i.uart_init)
    udp_bind                                 0x0800c479   Thumb Code    94  udp.o(i.udp_bind)
    udp_input                                0x0800c4dd   Thumb Code   364  udp.o(i.udp_input)
    udp_new                                  0x0800c64d   Thumb Code    28  udp.o(i.udp_new)
    upgrade                                  0x0800c711   Thumb Code   178  usb.o(i.upgrade)
    usb_read_char                            0x0800c801   Thumb Code    42  usb.o(i.usb_read_char)
    usb_write_buf                            0x0800c835   Thumb Code   102  usb.o(i.usb_write_buf)
    wait_busy                                0x0800c8a1   Thumb Code    70  at45db161.o(i.wait_busy)
    write_bmp                                0x0800c8ed   Thumb Code   198  at45db161.o(i.write_bmp)
    write_byte                               0x0800c9b9   Thumb Code    98  at45db161.o(i.write_byte)
    write_ok_flag                            0x0800ca21   Thumb Code   138  at45db161.o(i.write_ok_flag)
    write_version_flag                       0x0800cab1   Thumb Code   140  at45db161.o(i.write_version_flag)
    file_index_html                          0x0800d428   Data          16  httpserver.o(.constdata)
    file_reset_html                          0x0800d438   Data          16  httpserver.o(.constdata)
    file_upload_html                         0x0800d448   Data          16  httpserver.o(.constdata)
    file_uploaddone_html                     0x0800d45c   Data          16  httpserver.o(.constdata)
    ip_addr_any                              0x0800d48b   Data           4  ip_addr.o(.constdata)
    tcp_persist_backoff                      0x0800d4b4   Data           7  tcp.o(.constdata)
    tcp_backoff                              0x0800d4bb   Data          13  tcp.o(.constdata)
    ethbroadcast                             0x0800d4c8   Data           6  etharp.o(.constdata)
    ethzero                                  0x0800d4ce   Data           6  etharp.o(.constdata)
    GPIO_PIN                                 0x0800d4d4   Data           2  stm32_eval.o(.constdata)
    BUTTON_PORT_SOURCE                       0x0800d4d6   Data           3  stm32_eval.o(.constdata)
    BUTTON_PIN_SOURCE                        0x0800d4d9   Data           3  stm32_eval.o(.constdata)
    BUTTON_IRQn                              0x0800d4dc   Data           3  stm32_eval.o(.constdata)
    GPIO_CLK                                 0x0800d4e0   Data           4  stm32_eval.o(.constdata)
    COM_TX_PIN_SOURCE                        0x0800d4e4   Data           4  stm32_eval.o(.constdata)
    COM_RX_PIN_SOURCE                        0x0800d4e8   Data           4  stm32_eval.o(.constdata)
    COM_TX_AF                                0x0800d4ec   Data           4  stm32_eval.o(.constdata)
    COM_RX_AF                                0x0800d4f0   Data           4  stm32_eval.o(.constdata)
    BUTTON_PIN                               0x0800d4f4   Data           6  stm32_eval.o(.constdata)
    BUTTON_EXTI_LINE                         0x0800d4fa   Data           6  stm32_eval.o(.constdata)
    COM_TX_PIN                               0x0800d500   Data           8  stm32_eval.o(.constdata)
    COM_RX_PIN                               0x0800d508   Data           8  stm32_eval.o(.constdata)
    BUTTON_CLK                               0x0800d510   Data          12  stm32_eval.o(.constdata)
    COM_USART_CLK                            0x0800d51c   Data          16  stm32_eval.o(.constdata)
    COM_TX_PORT_CLK                          0x0800d52c   Data          16  stm32_eval.o(.constdata)
    COM_RX_PORT_CLK                          0x0800d53c   Data          16  stm32_eval.o(.constdata)
    pre_e_msg_normal_buf                     0x0800d54c   Data           3  at45db161.o(.constdata)
    pre_c_msg_normal_buf                     0x0800d54f   Data           3  at45db161.o(.constdata)
    pre_c_msg_terminal_buf                   0x0800d552   Data           3  at45db161.o(.constdata)
    arrive_e_msg_normal_buf                  0x0800d555   Data           3  at45db161.o(.constdata)
    arrive_e_msg_terminal_buf                0x0800d558   Data           3  at45db161.o(.constdata)
    arrive_c_msg_normal_buf                  0x0800d55b   Data           3  at45db161.o(.constdata)
    arrive_c_msg_terminal_buf                0x0800d55e   Data           3  at45db161.o(.constdata)
    close_e_msg_normal_buf                   0x0800d561   Data           3  at45db161.o(.constdata)
    close_e_msg_terminal_buf                 0x0800d564   Data           3  at45db161.o(.constdata)
    close_c_msg_normal_buf                   0x0800d567   Data           3  at45db161.o(.constdata)
    close_c_msg_terminal_buf                 0x0800d56a   Data           3  at45db161.o(.constdata)
    open_e_msg_normal_buf                    0x0800d56d   Data           3  at45db161.o(.constdata)
    open_e_msg_start_buf                     0x0800d570   Data           3  at45db161.o(.constdata)
    open_e_msg_terminal_buf                  0x0800d573   Data           3  at45db161.o(.constdata)
    open_c_msg_normal_buf                    0x0800d576   Data           3  at45db161.o(.constdata)
    open_c_msg_start_buf                     0x0800d579   Data           3  at45db161.o(.constdata)
    open_c_msg_terminal_buf                  0x0800d57c   Data           3  at45db161.o(.constdata)
    door_side_buf                            0x0800d57f   Data           3  at45db161.o(.constdata)
    pre_e_msg_terminal_buf                   0x0800d582   Data           5  at45db161.o(.constdata)
    seg_led_bit                              0x0800d5a0   Data          77  deviceid.o(.constdata)
    show_dark_image                          0x0800d5f8   Data         320  leddrv.o(.constdata)
    down_image                               0x0800d738   Data         176  leddrv.o(.constdata)
    no_process_image                         0x0800d7e8   Data         416  leddrv.o(.constdata)
    led_test_image                           0x0800d988   Data         416  leddrv.o(.constdata)
    row_mask_buf                             0x0800db28   Data          32  leddrv.o(.constdata)
    __ctype_categories                       0x0800db48   Data          64  ctype_c.o(.constdata)
    Region$$Table$$Base                      0x0800df5c   Number         0  anon$$obj.o(Region$$Table)
    Region$$Table$$Limit                     0x0800df7c   Number         0  anon$$obj.o(Region$$Table)
    defaultparm                              0x20000000   Data          83  flash_if.o(.data)
    htmlpage                                 0x20000056   Data           1  httpserver.o(.data)
    Jump_To_Application                      0x20000078   Data           4  httpserver.o(.data)
    JumpAddress                              0x2000007c   Data           4  httpserver.o(.data)
    FIRST                                    0x20000080   Data           1  main.o(.data)
    LocalTime                                0x20000084   Data           4  main.o(.data)
    SynchPrediv                              0x20000088   Data           4  main.o(.data)
    timingdelay                              0x20000090   Data           4  main.o(.data)
    AsynchPrediv                             0x20000094   Data           4  main.o(.data)
    TCPTimer                                 0x20000098   Data           4  netconf.o(.data)
    ARPTimer                                 0x2000009c   Data           4  netconf.o(.data)
    gSystemTick                              0x200000a8   Data           4  stm32f2xx_it.o(.data)
    gScrSavTick                              0x200000ac   Data           4  stm32f2xx_it.o(.data)
    gErrorTime                               0x200000b0   Data           4  stm32f2xx_it.o(.data)
    gScrSavTime                              0x200000b4   Data           4  stm32f2xx_it.o(.data)
    gEndCnt                                  0x200000b8   Data           4  stm32f2xx_it.o(.data)
    current_netif                            0x200000c8   Data           4  ip.o(.data)
    current_header                           0x200000cc   Data           4  ip.o(.data)
    udp_pcbs                                 0x200000d0   Data           4  udp.o(.data)
    netif_list                               0x200000e8   Data           4  netif.o(.data)
    netif_default                            0x200000ec   Data           4  netif.o(.data)
    tcp_ticks                                0x200000fc   Data           4  tcp.o(.data)
    tcp_bound_pcbs                           0x20000100   Data           4  tcp.o(.data)
    tcp_listen_pcbs                          0x20000104   Data           4  tcp.o(.data)
    tcp_active_pcbs                          0x20000108   Data           4  tcp.o(.data)
    tcp_tw_pcbs                              0x2000010c   Data           4  tcp.o(.data)
    tcp_tmp_pcb                              0x20000110   Data           4  tcp.o(.data)
    tcp_state_str                            0x20000114   Data          44  tcp.o(.data)
    tcp_input_pcb                            0x20000158   Data           4  tcp_in.o(.data)
    DMATxDescToSet                           0x20000170   Data           4  stm32f2x7_eth.o(.data)
    DMARxDescToGet                           0x20000174   Data           4  stm32f2x7_eth.o(.data)
    DMA_RX_FRAME_infos                       0x20000178   Data           4  stm32f2x7_eth.o(.data)
    GPIO_PORT                                0x2000017c   Data           4  stm32_eval.o(.data)
    NVIC_InitStructure                       0x20000180   Data           4  stm32_eval.o(.data)
    BUTTON_PORT                              0x20000184   Data          12  stm32_eval.o(.data)
    COM_USART                                0x20000190   Data          16  stm32_eval.o(.data)
    COM_TX_PORT                              0x200001a0   Data          16  stm32_eval.o(.data)
    COM_RX_PORT                              0x200001b0   Data          16  stm32_eval.o(.data)
    USBD_HID_cb                              0x200001c0   Data          44  usbd_hid_core.o(.data)
    USB_Rx_Cnt                               0x200001ec   Data           2  usbd_hid_core.o(.data)
    USBD_DCD_INT_cb                          0x20000240   Data          44  usbd_core.o(.data)
    USBD_DCD_INT_fops                        0x2000026c   Data           4  usbd_core.o(.data)
    USBD_ep_status                           0x20000274   Data           4  usbd_req.o(.data)
    USBD_default_cfg                         0x20000278   Data           4  usbd_req.o(.data)
    USBD_cfg_status                          0x2000027c   Data           4  usbd_req.o(.data)
    TransferError                            0x20000280   Data           1  stm32_eval_sdio_sd.o(.data)
    TransferEnd                              0x20000298   Data           4  stm32_eval_sdio_sd.o(.data)
    NumberOfBytes                            0x2000029c   Data           4  stm32_eval_sdio_sd.o(.data)
    SrcBuffer                                0x200002a0   Data           4  stm32_eval_sdio_sd.o(.data)
    DestBuffer                               0x200002a4   Data           4  stm32_eval_sdio_sd.o(.data)
    gLedColor                                0x200002a9   Data           1  at45db161.o(.data)
    gBmpUpdateFlag                           0x200002aa   Data           1  at45db161.o(.data)
    gBmpWidth                                0x200002ac   Data           2  at45db161.o(.data)
    com1_recv_length                         0x200002b0   Data           1  com_proc.o(.data)
    gDownFirmware                            0x200002b8   Data           1  debug.o(.data)
    gDeviceId                                0x200002cb   Data           1  deviceid.o(.data)
    gLedDispNum                              0x200002cc   Data           1  deviceid.o(.data)
    gOldTerminal                             0x200002d8   Data           1  leddrv.o(.data)
    run_mode                                 0x200002e8   Data           1  leddrv.o(.data)
    gDoorStat                                0x200002ec   Data           2  leddrv.o(.data)
    gSysConfg                                0x200002ee   Data           3  leddrv.o(.data)
    gStartCnt                                0x200002f4   Data           4  leddrv.o(.data)
    set_rtc_flag                             0x200002f8   Data           1  sd_data.o(.data)
    block_tx_index                           0x200002fa   Data           2  sd_data.o(.data)
    mode_flag                                0x20000304   Data           1  tba_3093.o(.data)
    fas_flag                                 0x20000305   Data           1  tba_3093.o(.data)
    com_fifo_index                           0x20000306   Data           1  tba_3093.o(.data)
    device_addr                              0x2000030b   Data           1  tba_3093.o(.data)
    com422_1_work_mode                       0x2000030c   Data           1  tba_3093.o(.data)
    com422_2_work_mode                       0x2000030d   Data           1  tba_3093.o(.data)
    udppcb                                   0x20000314   Data           4  tba_3093.o(.data)
    p                                        0x20000318   Data           4  tba_3093.o(.data)
    parity_check                             0x2000031c   Data           6  tba_3093.o(.data)
    baud_rate                                0x20000324   Data          28  tba_3093.o(.data)
    MODBUS_CRC_TBL                           0x20000340   Data        1024  tba_3093.o(.data)
    ats_crc_table                            0x20000740   Data        1024  tba_3093.o(.data)
    pcb23                                    0x20000b40   Data           4  telnet.o(.data)
    uart1_recv_fifo_in                       0x20000b44   Data           2  uart1.o(.data)
    uart1_recv_fifo_out                      0x20000b46   Data           2  uart1.o(.data)
    uart2_recv_fifo_in                       0x20000b48   Data           2  uart2.o(.data)
    uart2_recv_fifo_out                      0x20000b4a   Data           2  uart2.o(.data)
    uart3_recv_fifo_in                       0x20000b4c   Data           2  uart3.o(.data)
    uart3_recv_fifo_out                      0x20000b4e   Data           2  uart3.o(.data)
    usb_recv_fifo_in                         0x20000b52   Data           2  usb.o(.data)
    usb_recv_fifo_out                        0x20000b54   Data           2  usb.o(.data)
    USR_desc                                 0x20000b64   Data          28  usbd_desc.o(.data)
    USBD_LangIDDesc                          0x20000b80   Data           4  usbd_desc.o(.data)
    USBD_DeviceDesc                          0x20000b84   Data          18  usbd_desc.o(.data)
    USR_cb                                   0x20000b98   Data          28  usbd_usr.o(.data)
    saveparm                                 0x20000bb4   Data          83  flash_if.o(.bss)
    USB_OTG_dev                              0x20000c08   Data        1520  main.o(.bss)
    netif                                    0x200011f8   Data          48  netconf.o(.bss)
    DMARxDscrTab                             0x20005188   Data         160  stm32f2x7_eth.o(.bss)
    DMATxDscrTab                             0x20005228   Data         160  stm32f2x7_eth.o(.bss)
    Rx_Buff                                  0x200052c8   Data        7620  stm32f2x7_eth.o(.bss)
    Tx_Buff                                  0x2000708c   Data        7620  stm32f2x7_eth.o(.bss)
    RX_Frame_Descriptor                      0x20008e50   Data          12  stm32f2x7_eth.o(.bss)
    usb_buf                                  0x20008e5c   Data          32  usbd_hid_core.o(.bss)
    USBD_StrDesc                             0x20008e7c   Data          64  usbd_req.o(.bss)
    SDCardInfo                               0x20008edc   Data          80  stm32_eval_sdio_sd.o(.bss)
    SDIO_InitStructure                       0x20008f2c   Data          24  stm32_eval_sdio_sd.o(.bss)
    SDIO_CmdInitStructure                    0x20008f44   Data          20  stm32_eval_sdio_sd.o(.bss)
    SDIO_DataInitStructure                   0x20008f58   Data          24  stm32_eval_sdio_sd.o(.bss)
    gLedImageBuf                             0x20008f70   Data        8768  at45db161.o(.bss)
    gUpdateBmpSt                             0x2000b1b0   Data          16  at45db161.o(.bss)
    SpiDmaBuf                                0x2000b4c0   Data          24  leddrv.o(.bss)
    gDispStat                                0x2000b4d8   Data          24  leddrv.o(.bss)
    gTrigerValue                             0x2000b4f0   Data         163  leddrv.o(.bss)
    uart1_recv_buf                           0x2000b593   Data         512  uart1.o(.bss)
    uart1_send_buf                           0x2000b793   Data          64  uart1.o(.bss)
    uart2_recv_buf                           0x2000b7d3   Data         256  uart2.o(.bss)
    uart3_recv_buf                           0x2000b8d3   Data         256  uart3.o(.bss)
    USB_Rx_Buffer                            0x2000b9d3   Data         512  usb.o(.bss)
    __initial_sp                             0x2000c0d8   Data           0  startup_stm32f2xx.o(STACK)



==============================================================================

Memory Map of the image

  Image Entry point : 0x08000185

  Load Region LR_IROM1 (Base: 0x08000000, Size: 0x0000eb30, Max: 0x00100000, ABSOLUTE, COMPRESSED[0x0000e69c])

    Execution Region ER_IROM1 (Base: 0x08000000, Size: 0x0000df7c, Max: 0x00100000, ABSOLUTE)

    Base Addr    Size         Type   Attr      Idx    E Section Name        Object

    0x08000000   0x00000184   Data   RO          136    RESET               startup_stm32f2xx.o
    0x08000184   0x00000000   Code   RO         9008  * .ARM.Collect$$$$00000000  mc_w.l(entry.o)
    0x08000184   0x00000004   Code   RO         9306    .ARM.Collect$$$$00000001  mc_w.l(entry2.o)
    0x08000188   0x00000004   Code   RO         9309    .ARM.Collect$$$$00000004  mc_w.l(entry5.o)
    0x0800018c   0x00000000   Code   RO         9311    .ARM.Collect$$$$00000008  mc_w.l(entry7b.o)
    0x0800018c   0x00000000   Code   RO         9313    .ARM.Collect$$$$0000000A  mc_w.l(entry8b.o)
    0x0800018c   0x00000008   Code   RO         9314    .ARM.Collect$$$$0000000B  mc_w.l(entry9a.o)
    0x08000194   0x00000000   Code   RO         9316    .ARM.Collect$$$$0000000D  mc_w.l(entry10a.o)
    0x08000194   0x00000000   Code   RO         9318    .ARM.Collect$$$$0000000F  mc_w.l(entry11a.o)
    0x08000194   0x00000004   Code   RO         9307    .ARM.Collect$$$$00002712  mc_w.l(entry2.o)
    0x08000198   0x00000020   Code   RO          123    .emb_text           core_cm3.o
    0x080001b8   0x00000024   Code   RO          137    .text               startup_stm32f2xx.o
    0x080001dc   0x00000024   Code   RO         9011    .text               mc_w.l(memcpya.o)
    0x08000200   0x00000024   Code   RO         9013    .text               mc_w.l(memseta.o)
    0x08000224   0x00000024   Code   RO         9015    .text               mc_w.l(strstr.o)
    0x08000248   0x00000018   Code   RO         9017    .text               mc_w.l(strncpy.o)
    0x08000260   0x00000014   Code   RO         9019    .text               mc_w.l(strchr.o)
    0x08000274   0x0000000e   Code   RO         9021    .text               mc_w.l(strlen.o)
    0x08000282   0x0000001c   Code   RO         9023    .text               mc_w.l(strcmp.o)
    0x0800029e   0x00000028   Code   RO         9025    .text               mc_w.l(strncat.o)
    0x080002c6   0x0000001e   Code   RO         9027    .text               mc_w.l(strncmp.o)
    0x080002e4   0x00000038   Code   RO         9292    .text               mc_w.l(__0sscanf.o)
    0x0800031c   0x0000014c   Code   RO         9294    .text               mc_w.l(_scanf_int.o)
    0x08000468   0x000000da   Code   RO         9296    .text               mc_w.l(_scanf_str.o)
    0x08000542   0x00000062   Code   RO         9325    .text               mc_w.l(uldiv.o)
    0x080005a4   0x0000001c   Code   RO         9327    .text               mc_w.l(_chval.o)
    0x080005c0   0x00000028   Code   RO         9329    .text               mc_w.l(scanf_char.o)
    0x080005e8   0x00000040   Code   RO         9331    .text               mc_w.l(_sgetc.o)
    0x08000628   0x00000024   Code   RO         9344    .text               mc_w.l(init.o)
    0x0800064c   0x0000001e   Code   RO         9347    .text               mc_w.l(llshl.o)
    0x0800066a   0x00000020   Code   RO         9349    .text               mc_w.l(llushr.o)
    0x0800068a   0x0000000a   Code   RO         9353    .text               mc_w.l(isspace_c.o)
    0x08000694   0x00000328   Code   RO         9355    .text               mc_w.l(_scanf.o)
    0x080009bc   0x00000028   Code   RO         9358    .text               mc_w.l(ctype_c.o)
    0x080009e4   0x00000056   Code   RO         9369    .text               mc_w.l(__dczerorl2.o)
    0x08000a3a   0x00000002   Code   RO          684    i.BusFault_Handler  stm32f2xx_it.o
    0x08000a3c   0x0000003c   Code   RO         8060    i.ChangeDispLanguage  leddrv.o
    0x08000a78   0x00000010   Code   RO         7649    i.CheckBmpData      at45db161.o
    0x08000a88   0x000000fc   Code   RO         7223    i.CmdResp1Error     stm32_eval_sdio_sd.o
    0x08000b84   0x000001ec   Code   RO         7650    i.ConnectBmp        at45db161.o
    0x08000d70   0x00000056   Code   RO         7651    i.ConnectMsg        at45db161.o
    0x08000dc6   0x0000002c   Code   RO         6844    i.DCD_EP_Close      usb_dcd.o
    0x08000df2   0x00000038   Code   RO         6845    i.DCD_EP_ClrStall   usb_dcd.o
    0x08000e2a   0x0000003c   Code   RO         6847    i.DCD_EP_Open       usb_dcd.o
    0x08000e66   0x00000038   Code   RO         6848    i.DCD_EP_PrepareRx  usb_dcd.o
    0x08000e9e   0x00000010   Code   RO         6849    i.DCD_EP_SetAddress  usb_dcd.o
    0x08000eae   0x00000038   Code   RO         6850    i.DCD_EP_Stall      usb_dcd.o
    0x08000ee6   0x00000034   Code   RO         6851    i.DCD_EP_Tx         usb_dcd.o
    0x08000f1a   0x00000056   Code   RO         6926    i.DCD_HandleEnumDone_ISR  usb_dcd_int.o
    0x08000f70   0x000000f8   Code   RO         6927    i.DCD_HandleInEP_ISR  usb_dcd_int.o
    0x08001068   0x000000c8   Code   RO         6928    i.DCD_HandleOutEP_ISR  usb_dcd_int.o
    0x08001130   0x00000044   Code   RO         6929    i.DCD_HandleResume_ISR  usb_dcd_int.o
    0x08001174   0x00000086   Code   RO         6930    i.DCD_HandleRxStatusQueueLevel_ISR  usb_dcd_int.o
    0x080011fa   0x00000002   PAD
    0x080011fc   0x0000001c   Code   RO         6931    i.DCD_HandleSof_ISR  usb_dcd_int.o
    0x08001218   0x00000058   Code   RO         6932    i.DCD_HandleUSBSuspend_ISR  usb_dcd_int.o
    0x08001270   0x000000b0   Code   RO         6933    i.DCD_HandleUsbReset_ISR  usb_dcd_int.o
    0x08001320   0x00000088   Code   RO         6853    i.DCD_Init          usb_dcd.o
    0x080013a8   0x00000020   Code   RO         6934    i.DCD_IsoINIncomplete_ISR  usb_dcd_int.o
    0x080013c8   0x00000020   Code   RO         6935    i.DCD_IsoOUTIncomplete_ISR  usb_dcd_int.o
    0x080013e8   0x0000001c   Code   RO         6936    i.DCD_ReadDevInEP   usb_dcd_int.o
    0x08001404   0x00000080   Code   RO         6937    i.DCD_WriteEmptyTxFifo  usb_dcd_int.o
    0x08001484   0x00000012   Code   RO         8902    i.DEBUG_SEND_STR    utils.o
    0x08001496   0x00000002   PAD
    0x08001498   0x000000a4   Code   RO          685    i.DMA2_Stream3_IRQHandler  stm32f2xx_it.o
    0x0800153c   0x0000002c   Code   RO         2449    i.DMA_ClearITPendingBit  stm32f2xx_dma.o
    0x08001568   0x00000018   Code   RO         2450    i.DMA_Cmd           stm32f2xx_dma.o
    0x08001580   0x0000012c   Code   RO         2451    i.DMA_DeInit        stm32f2xx_dma.o
    0x080016ac   0x00000006   Code   RO         2456    i.DMA_GetCurrDataCounter  stm32f2xx_dma.o
    0x080016b2   0x00000002   PAD
    0x080016b4   0x00000054   Code   RO         2460    i.DMA_GetITStatus   stm32f2xx_dma.o
    0x08001708   0x00000002   Code   RO          686    i.DebugMon_Handler  stm32f2xx_it.o
    0x0800170a   0x00000002   PAD
    0x0800170c   0x00000020   Code   RO          531    i.Delay             main.o
    0x0800172c   0x000001f4   Code   RO         8062    i.DispFun_NDS       leddrv.o
    0x08001920   0x0000012c   Code   RO         8063    i.DispTypeInit      leddrv.o
    0x08001a4c   0x0000008c   Code   RO         7652    i.Do_ConnectBmp     at45db161.o
    0x08001ad8   0x00000012   Code   RO          662    i.ETH_BSP_Config    stm32f2x7_eth_bsp.o
    0x08001aea   0x00000002   PAD
    0x08001aec   0x00000068   Code   RO         5654    i.ETH_CheckFrameReceived  stm32f2x7_eth.o
    0x08001b54   0x00000020   Code   RO         5658    i.ETH_DMAReceptionCmd  stm32f2x7_eth.o
    0x08001b74   0x0000005c   Code   RO         5659    i.ETH_DMARxDescChainInit  stm32f2x7_eth.o
    0x08001bd0   0x00000020   Code   RO         5661    i.ETH_DMATransmissionCmd  stm32f2x7_eth.o
    0x08001bf0   0x00000048   Code   RO         5664    i.ETH_DMATxDescChainInit  stm32f2x7_eth.o
    0x08001c38   0x00000008   Code   RO         5665    i.ETH_DMATxDescChecksumInsertionConfig  stm32f2x7_eth.o
    0x08001c40   0x00000018   Code   RO         5670    i.ETH_DeInit        stm32f2x7_eth.o
    0x08001c58   0x00000018   Code   RO         5671    i.ETH_Delay         stm32f2x7_eth.o
    0x08001c70   0x00000010   Code   RO         5673    i.ETH_FlushTransmitFIFO  stm32f2x7_eth.o
    0x08001c80   0x00000198   Code   RO          663    i.ETH_GPIO_Config   stm32f2x7_eth_bsp.o
    0x08001e18   0x00000014   Code   RO         5699    i.ETH_GetSoftwareResetStatus  stm32f2x7_eth.o
    0x08001e2c   0x0000003c   Code   RO         5701    i.ETH_Get_Received_Frame  stm32f2x7_eth.o
    0x08001e68   0x0000023c   Code   RO         5704    i.ETH_Init          stm32f2x7_eth.o
    0x080020a4   0x0000002c   Code   RO         5706    i.ETH_MACAddressConfig  stm32f2x7_eth.o
    0x080020d0   0x00000078   Code   RO          664    i.ETH_MACDMA_Config  stm32f2x7_eth_bsp.o
    0x08002148   0x00000020   Code   RO         5711    i.ETH_MACReceptionCmd  stm32f2x7_eth.o
    0x08002168   0x00000020   Code   RO         5712    i.ETH_MACTransmissionCmd  stm32f2x7_eth.o
    0x08002188   0x000000ac   Code   RO         5723    i.ETH_Prepare_Transmit_Descriptors  stm32f2x7_eth.o
    0x08002234   0x00000058   Code   RO         5724    i.ETH_ReadPHYRegister  stm32f2x7_eth.o
    0x0800228c   0x00000010   Code   RO         5732    i.ETH_SoftwareReset  stm32f2x7_eth.o
    0x0800229c   0x00000022   Code   RO         5733    i.ETH_Start         stm32f2x7_eth.o
    0x080022be   0x0000009a   Code   RO         5734    i.ETH_StructInit    stm32f2x7_eth.o
    0x08002358   0x00000058   Code   RO         5736    i.ETH_WritePHYRegister  stm32f2x7_eth.o
    0x080023b0   0x00000028   Code   RO          687    i.EXTI15_10_IRQHandler  stm32f2xx_it.o
    0x080023d8   0x0000000c   Code   RO         2569    i.EXTI_ClearITPendingBit  stm32f2xx_exti.o
    0x080023e4   0x00000020   Code   RO         2573    i.EXTI_GetITStatus  stm32f2xx_exti.o
    0x08002404   0x00000074   Code   RO         2574    i.EXTI_Init         stm32f2xx_exti.o
    0x08002478   0x0000000c   Code   RO         2622    i.FLASH_ClearFlag   stm32f2xx_flash.o
    0x08002484   0x00000070   Code   RO         2626    i.FLASH_EraseSector  stm32f2xx_flash.o
    0x080024f4   0x00000034   Code   RO         2628    i.FLASH_GetStatus   stm32f2xx_flash.o
    0x08002528   0x00000028   Code   RO          245    i.FLASH_If_Erase_Prog_Bak  flash_if.o
    0x08002550   0x00000028   Code   RO          246    i.FLASH_If_Erase_Save_Parm  flash_if.o
    0x08002578   0x00000010   Code   RO          248    i.FLASH_If_Init     flash_if.o
    0x08002588   0x00000050   Code   RO          249    i.FLASH_If_Write    flash_if.o
    0x080025d8   0x0000003c   Code   RO         2648    i.FLASH_ProgramWord  stm32f2xx_flash.o
    0x08002614   0x00000024   Code   RO         2650    i.FLASH_Unlock      stm32f2xx_flash.o
    0x08002638   0x00000022   Code   RO         2651    i.FLASH_WaitForLastOperation  stm32f2xx_flash.o
    0x0800265a   0x00000002   PAD
    0x0800265c   0x000000b8   Code   RO          688    i.FillDoorSide      stm32f2xx_it.o
    0x08002714   0x00000140   Code   RO          532    i.GPIO_Configuration  main.o
    0x08002854   0x0000007c   Code   RO         2929    i.GPIO_Init         stm32f2xx_gpio.o
    0x080028d0   0x00000020   Code   RO         2930    i.GPIO_PinAFConfig  stm32f2xx_gpio.o
    0x080028f0   0x0000000e   Code   RO         2933    i.GPIO_ReadInputDataBit  stm32f2xx_gpio.o
    0x080028fe   0x00000006   Code   RO         2934    i.GPIO_ReadOutputData  stm32f2xx_gpio.o
    0x08002904   0x00000004   Code   RO         2936    i.GPIO_ResetBits    stm32f2xx_gpio.o
    0x08002908   0x00000004   Code   RO         2937    i.GPIO_SetBits      stm32f2xx_gpio.o
    0x0800290c   0x00000004   Code   RO         2940    i.GPIO_Write        stm32f2xx_gpio.o
    0x08002910   0x00000084   Code   RO         8064    i.GetAdBuf          leddrv.o
    0x08002994   0x00000124   Code   RO         7653    i.GetBmp            at45db161.o
    0x08002ab8   0x000000ba   Code   RO         7654    i.GetBmpStartPage   at45db161.o
    0x08002b72   0x00000002   PAD
    0x08002b74   0x0000008c   Code   RO         7655    i.GetBmpUpdateFlag  at45db161.o
    0x08002c00   0x00000068   Code   RO         7656    i.GetConfig         at45db161.o
    0x08002c68   0x000000c0   Code   RO         7986    i.GetDeviceId       deviceid.o
    0x08002d28   0x00000014   Code   RO         8065    i.GetDoorStat       leddrv.o
    0x08002d3c   0x000000bc   Code   RO          250    i.GetSector         flash_if.o
    0x08002df8   0x00000160   Code   RO         7658    i.GetStationConfig  at45db161.o
    0x08002f58   0x00000002   Code   RO          689    i.HardFault_Handler  stm32f2xx_it.o
    0x08002f5a   0x00000002   PAD
    0x08002f5c   0x00000090   Code   RO          316    i.IAP_HTTP_writedata  httpserver.o
    0x08002fec   0x0000002c   Code   RO          317    i.IAP_httpd_init    httpserver.o
    0x08003018   0x00000010   Code   RO         4477    i.IWDG_Enable       stm32f2xx_iwdg.o
    0x08003028   0x00000010   Code   RO         4479    i.IWDG_ReloadCounter  stm32f2xx_iwdg.o
    0x08003038   0x0000000c   Code   RO         4480    i.IWDG_SetPrescaler  stm32f2xx_iwdg.o
    0x08003044   0x0000000c   Code   RO         4481    i.IWDG_SetReload    stm32f2xx_iwdg.o
    0x08003050   0x0000000c   Code   RO         4482    i.IWDG_WriteAccessCmd  stm32f2xx_iwdg.o
    0x0800305c   0x00000144   Code   RO         7987    i.LedDispId         deviceid.o
    0x080031a0   0x00000068   Code   RO         8066    i.LedSetColour      leddrv.o
    0x08003208   0x0000002c   Code   RO         8067    i.LedSetRow         leddrv.o
    0x08003234   0x00000230   Code   RO         7661    i.LoadConnect       at45db161.o
    0x08003464   0x00000050   Code   RO         8068    i.LoadData          leddrv.o
    0x080034b4   0x00000024   Code   RO         8069    i.LoadDataMid       leddrv.o
    0x080034d8   0x00000234   Code   RO         8070    i.LoadRowData       leddrv.o
    0x0800370c   0x00000094   Code   RO          617    i.LwIP_Init         netconf.o
    0x080037a0   0x00000038   Code   RO          618    i.LwIP_Periodic_Handle  netconf.o
    0x080037d8   0x0000000c   Code   RO          619    i.LwIP_Pkt_Handle   netconf.o
    0x080037e4   0x00000002   Code   RO          690    i.MemManage_Handler  stm32f2xx_it.o
    0x080037e6   0x00000002   Code   RO          691    i.NMI_Handler       stm32f2xx_it.o
    0x080037e8   0x00000058   Code   RO          533    i.NVIC_Configuration  main.o
    0x08003840   0x00000068   Code   RO         2412    i.NVIC_Init         misc.o
    0x080038a8   0x00000014   Code   RO         2413    i.NVIC_PriorityGroupConfig  misc.o
    0x080038bc   0x0000000c   Code   RO          692    i.OTG_FS_IRQHandler  stm32f2xx_it.o
    0x080038c8   0x00000034   Code   RO          693    i.OTG_FS_WKUP_IRQHandler  stm32f2xx_it.o
    0x080038fc   0x0000000c   Code   RO         4519    i.PWR_BackupAccessCmd  stm32f2xx_pwr.o
    0x08003908   0x00000078   Code   RO          318    i.Parse_Content_Length  httpserver.o
    0x08003980   0x00000002   Code   RO          694    i.PendSV_Handler    stm32f2xx_it.o
    0x08003982   0x00000002   PAD
    0x08003984   0x000001f4   Code   RO         8071    i.PorcessDataNewSystem  leddrv.o
    0x08003b78   0x00000288   Code   RO         8072    i.PorcessDataNormalSystem  leddrv.o
    0x08003e00   0x000000ec   Code   RO         8073    i.PorcessDataOldSystem  leddrv.o
    0x08003eec   0x00000024   Code   RO         8074    i.ProcessDataOperat  leddrv.o
    0x08003f10   0x0000001c   Code   RO         3222    i.RCC_AHB1PeriphClockCmd  stm32f2xx_rcc.o
    0x08003f2c   0x0000001c   Code   RO         3224    i.RCC_AHB1PeriphResetCmd  stm32f2xx_rcc.o
    0x08003f48   0x0000001c   Code   RO         3225    i.RCC_AHB2PeriphClockCmd  stm32f2xx_rcc.o
    0x08003f64   0x0000001c   Code   RO         3231    i.RCC_APB1PeriphClockCmd  stm32f2xx_rcc.o
    0x08003f80   0x0000001c   Code   RO         3233    i.RCC_APB1PeriphResetCmd  stm32f2xx_rcc.o
    0x08003f9c   0x0000001c   Code   RO         3234    i.RCC_APB2PeriphClockCmd  stm32f2xx_rcc.o
    0x08003fb8   0x000000a4   Code   RO         3243    i.RCC_GetClocksFreq  stm32f2xx_rcc.o
    0x0800405c   0x00000038   Code   RO         3244    i.RCC_GetFlagStatus  stm32f2xx_rcc.o
    0x08004094   0x0000000c   Code   RO         3253    i.RCC_LSICmd        stm32f2xx_rcc.o
    0x080040a0   0x00000014   Code   RO         3254    i.RCC_MCO1Config    stm32f2xx_rcc.o
    0x080040b4   0x0000000c   Code   RO         3262    i.RCC_RTCCLKCmd     stm32f2xx_rcc.o
    0x080040c0   0x00000030   Code   RO         3263    i.RCC_RTCCLKConfig  stm32f2xx_rcc.o
    0x080040f0   0x00000012   Code   RO         4646    i.RTC_Bcd2ToByte    stm32f2xx_rtc.o
    0x08004102   0x00000018   Code   RO         4647    i.RTC_ByteToBcd2    stm32f2xx_rtc.o
    0x0800411a   0x00000002   PAD
    0x0800411c   0x00000070   Code   RO          534    i.RTC_Configuration  main.o
    0x0800418c   0x00000040   Code   RO         4655    i.RTC_EnterInitMode  stm32f2xx_rtc.o
    0x080041cc   0x00000010   Code   RO         4656    i.RTC_ExitInitMode  stm32f2xx_rtc.o
    0x080041dc   0x0000004c   Code   RO         4658    i.RTC_GetDate       stm32f2xx_rtc.o
    0x08004228   0x0000004c   Code   RO         4662    i.RTC_GetTime       stm32f2xx_rtc.o
    0x08004274   0x00000094   Code   RO         4672    i.RTC_SetDate       stm32f2xx_rtc.o
    0x08004308   0x00000098   Code   RO         4673    i.RTC_SetTime       stm32f2xx_rtc.o
    0x080043a0   0x00000038   Code   RO         4681    i.RTC_WaitForSynchro  stm32f2xx_rtc.o
    0x080043d8   0x0000001c   Code   RO         4685    i.RTC_WriteProtectionCmd  stm32f2xx_rtc.o
    0x080043f4   0x0000000c   Code   RO         2005    i.SDIO_ClearFlag    stm32f2xx_sdio.o
    0x08004400   0x0000000c   Code   RO         2006    i.SDIO_ClearITPendingBit  stm32f2xx_sdio.o
    0x0800440c   0x0000000c   Code   RO         2014    i.SDIO_GetCommandResponse  stm32f2xx_sdio.o
    0x08004418   0x00000014   Code   RO         2017    i.SDIO_GetFlagStatus  stm32f2xx_sdio.o
    0x0800442c   0x00000014   Code   RO         2018    i.SDIO_GetITStatus  stm32f2xx_sdio.o
    0x08004440   0x00000014   Code   RO         2020    i.SDIO_GetResponse  stm32f2xx_sdio.o
    0x08004454   0x00000004   Code   RO          695    i.SDIO_IRQHandler   stm32f2xx_it.o
    0x08004458   0x0000001c   Code   RO         2021    i.SDIO_ITConfig     stm32f2xx_sdio.o
    0x08004474   0x0000000c   Code   RO         2023    i.SDIO_ReadData     stm32f2xx_sdio.o
    0x08004480   0x00000028   Code   RO         2025    i.SDIO_SendCommand  stm32f2xx_sdio.o
    0x080044a8   0x0000000c   Code   RO         2033    i.SDIO_WriteData    stm32f2xx_sdio.o
    0x080044b4   0x000001a4   Code   RO         7243    i.SD_ProcessIRQSrc  stm32_eval_sdio_sd.o
    0x08004658   0x00000028   Code   RO         7250    i.SD_StopTransfer   stm32_eval_sdio_sd.o
    0x08004680   0x00000018   Code   RO         4900    i.SPI_Cmd           stm32f2xx_spi.o
    0x08004698   0x00000048   Code   RO         6180    i.STM_EVAL_LEDInit  stm32_eval.o
    0x080046e0   0x0000001c   Code   RO         6183    i.STM_EVAL_LEDToggle  stm32_eval.o
    0x080046fc   0x000000a4   Code   RO         6185    i.STM_EVAL_PBInit   stm32_eval.o
    0x080047a0   0x00000002   Code   RO          696    i.SVC_Handler       stm32f2xx_it.o
    0x080047a2   0x00000002   PAD
    0x080047a4   0x0000000c   Code   RO         2192    i.SYSCFG_ETH_MediaInterfaceConfig  stm32f2xx_syscfg.o
    0x080047b0   0x0000002c   Code   RO         2193    i.SYSCFG_EXTILineConfig  stm32f2xx_syscfg.o
    0x080047dc   0x000000a0   Code   RO            1    i.SetSysClock       system_stm32f2xx.o
    0x0800487c   0x0000000c   Code   RO         7662    i.SpiDelay          at45db161.o
    0x08004888   0x00000020   Code   RO          535    i.SysDelay          main.o
    0x080048a8   0x0000001c   Code   RO         2416    i.SysTick_CLKSourceConfig  misc.o
    0x080048c4   0x00000160   Code   RO          697    i.SysTick_Handler   stm32f2xx_it.o
    0x08004a24   0x00000050   Code   RO            3    i.SystemInit        system_stm32f2xx.o
    0x08004a74   0x00000010   Code   RO          536    i.Time_Update       main.o
    0x08004a84   0x0000003c   Code   RO          698    i.USART1_IRQHandler  stm32f2xx_it.o
    0x08004ac0   0x0000003c   Code   RO          699    i.USART2_IRQHandler  stm32f2xx_it.o
    0x08004afc   0x0000003c   Code   RO          700    i.USART3_IRQHandler  stm32f2xx_it.o
    0x08004b38   0x00000018   Code   RO         2236    i.USART_Cmd         stm32f2xx_usart.o
    0x08004b50   0x0000000e   Code   RO         2239    i.USART_GetFlagStatus  stm32f2xx_usart.o
    0x08004b5e   0x00000036   Code   RO         2242    i.USART_ITConfig    stm32f2xx_usart.o
    0x08004b94   0x000000bc   Code   RO         2243    i.USART_Init        stm32f2xx_usart.o
    0x08004c50   0x00000008   Code   RO         2250    i.USART_ReceiveData  stm32f2xx_usart.o
    0x08004c58   0x00000008   Code   RO         2253    i.USART_SendData    stm32f2xx_usart.o
    0x08004c60   0x0000000e   Code   RO         6622    i.USBD_ClrCfg       usbd_core.o
    0x08004c6e   0x0000003c   Code   RO         6752    i.USBD_ClrFeature   usbd_req.o
    0x08004caa   0x00000012   Code   RO         6704    i.USBD_CtlContinueRx  usbd_ioreq.o
    0x08004cbc   0x00000012   Code   RO         6705    i.USBD_CtlContinueSendData  usbd_ioreq.o
    0x08004cce   0x00000034   Code   RO         6753    i.USBD_CtlError     usbd_req.o
    0x08004d02   0x00000022   Code   RO         6707    i.USBD_CtlReceiveStatus  usbd_ioreq.o
    0x08004d24   0x00000020   Code   RO         6708    i.USBD_CtlSendData  usbd_ioreq.o
    0x08004d44   0x00000022   Code   RO         6709    i.USBD_CtlSendStatus  usbd_ioreq.o
    0x08004d66   0x00000098   Code   RO         6623    i.USBD_DataInStage  usbd_core.o
    0x08004dfe   0x0000007a   Code   RO         6624    i.USBD_DataOutStage  usbd_core.o
    0x08004e78   0x00000004   Code   RO         6625    i.USBD_DeInit       usbd_core.o
    0x08004e7c   0x00000030   Code   RO         6754    i.USBD_GetConfig    usbd_req.o
    0x08004eac   0x0000010a   Code   RO         6755    i.USBD_GetDescriptor  usbd_req.o
    0x08004fb6   0x00000014   Code   RO         6756    i.USBD_GetLen       usbd_req.o
    0x08004fca   0x00000002   PAD
    0x08004fcc   0x00000030   Code   RO         6757    i.USBD_GetStatus    usbd_req.o
    0x08004ffc   0x0000003c   Code   RO         6758    i.USBD_GetString    usbd_req.o
    0x08005038   0x00000004   Code   RO         6555    i.USBD_HID_DataIn   usbd_hid_core.o
    0x0800503c   0x00000074   Code   RO         6556    i.USBD_HID_DataOut  usbd_hid_core.o
    0x080050b0   0x00000018   Code   RO         6557    i.USBD_HID_DeInit   usbd_hid_core.o
    0x080050c8   0x0000000c   Code   RO         6558    i.USBD_HID_GetCfgDesc  usbd_hid_core.o
    0x080050d4   0x00000030   Code   RO         6559    i.USBD_HID_Init     usbd_hid_core.o
    0x08005104   0x00000002   Code   RO         6560    i.USBD_HID_SOF      usbd_hid_core.o
    0x08005106   0x00000014   Code   RO         6561    i.USBD_HID_SendBuf  usbd_hid_core.o
    0x0800511a   0x00000002   PAD
    0x0800511c   0x000000b0   Code   RO         6563    i.USBD_HID_Setup    usbd_hid_core.o
    0x080051cc   0x00000040   Code   RO         6626    i.USBD_Init         usbd_core.o
    0x0800520c   0x0000000e   Code   RO         6627    i.USBD_IsoINIncomplete  usbd_core.o
    0x0800521a   0x0000000e   Code   RO         6628    i.USBD_IsoOUTIncomplete  usbd_core.o
    0x08005228   0x000000ac   Code   RO         6938    i.USBD_OTG_ISR_Handler  usb_dcd_int.o
    0x080052d4   0x00000044   Code   RO         6759    i.USBD_ParseSetupRequest  usbd_req.o
    0x08005318   0x00000030   Code   RO         6629    i.USBD_Reset        usbd_core.o
    0x08005348   0x00000016   Code   RO         6630    i.USBD_Resume       usbd_core.o
    0x0800535e   0x00000012   Code   RO         6631    i.USBD_SOF          usbd_core.o
    0x08005370   0x00000054   Code   RO         6760    i.USBD_SetAddress   usbd_req.o
    0x080053c4   0x0000001a   Code   RO         6632    i.USBD_SetCfg       usbd_core.o
    0x080053de   0x00000002   PAD
    0x080053e0   0x000000ac   Code   RO         6761    i.USBD_SetConfig    usbd_req.o
    0x0800548c   0x00000086   Code   RO         6762    i.USBD_SetFeature   usbd_req.o
    0x08005512   0x0000004a   Code   RO         6633    i.USBD_SetupStage   usbd_core.o
    0x0800555c   0x0000004a   Code   RO         6763    i.USBD_StdDevReq    usbd_req.o
    0x080055a6   0x00000002   PAD
    0x080055a8   0x00000120   Code   RO         6764    i.USBD_StdEPReq     usbd_req.o
    0x080056c8   0x00000046   Code   RO         6765    i.USBD_StdItfReq    usbd_req.o
    0x0800570e   0x00000014   Code   RO         6634    i.USBD_Suspend      usbd_core.o
    0x08005722   0x00000002   PAD
    0x08005724   0x00000030   Code   RO         8786    i.USBD_USR_ConfigStrDescriptor  usbd_desc.o
    0x08005754   0x00000002   Code   RO         8843    i.USBD_USR_DeviceConfigured  usbd_usr.o
    0x08005756   0x00000002   Code   RO         8844    i.USBD_USR_DeviceConnected  usbd_usr.o
    0x08005758   0x0000000c   Code   RO         8787    i.USBD_USR_DeviceDescriptor  usbd_desc.o
    0x08005764   0x00000002   Code   RO         8845    i.USBD_USR_DeviceDisconnected  usbd_usr.o
    0x08005766   0x00000002   Code   RO         8846    i.USBD_USR_DeviceReset  usbd_usr.o
    0x08005768   0x00000002   Code   RO         8847    i.USBD_USR_DeviceResumed  usbd_usr.o
    0x0800576a   0x00000002   Code   RO         8848    i.USBD_USR_DeviceSuspended  usbd_usr.o
    0x0800576c   0x00000002   Code   RO         8849    i.USBD_USR_Init     usbd_usr.o
    0x0800576e   0x00000002   PAD
    0x08005770   0x00000034   Code   RO         8788    i.USBD_USR_InterfaceStrDescriptor  usbd_desc.o
    0x080057a4   0x0000000c   Code   RO         8789    i.USBD_USR_LangIDStrDescriptor  usbd_desc.o
    0x080057b0   0x00000028   Code   RO         8790    i.USBD_USR_ManufacturerStrDescriptor  usbd_desc.o
    0x080057d8   0x0000004c   Code   RO         8791    i.USBD_USR_ProductStrDescriptor  usbd_desc.o
    0x08005824   0x00000044   Code   RO         8792    i.USBD_USR_SerialStrDescriptor  usbd_desc.o
    0x08005868   0x0000004e   Code   RO         7002    i.USB_OTG_ActiveRemoteWakeup  usb_core.o
    0x080058b6   0x00000020   Code   RO         8750    i.USB_OTG_BSP_DisableInterrupt  usb_bsp.o
    0x080058d6   0x00000022   Code   RO         8751    i.USB_OTG_BSP_EnableInterrupt  usb_bsp.o
    0x080058f8   0x000000f0   Code   RO         8752    i.USB_OTG_BSP_Init  usb_bsp.o
    0x080059e8   0x0000000a   Code   RO         8753    i.USB_OTG_BSP_mDelay  usb_bsp.o
    0x080059f2   0x00000016   Code   RO         8754    i.USB_OTG_BSP_uDelay  usb_bsp.o
    0x08005a08   0x0000011e   Code   RO         7003    i.USB_OTG_CoreInit  usb_core.o
    0x08005b26   0x00000144   Code   RO         7004    i.USB_OTG_CoreInitDev  usb_core.o
    0x08005c6a   0x00000002   PAD
    0x08005c6c   0x0000005c   Code   RO         7005    i.USB_OTG_CoreReset  usb_core.o
    0x08005cc8   0x00000010   Code   RO         7006    i.USB_OTG_DisableGlobalInt  usb_core.o
    0x08005cd8   0x0000004a   Code   RO         7007    i.USB_OTG_EP0Activate  usb_core.o
    0x08005d22   0x0000010a   Code   RO         7008    i.USB_OTG_EP0StartXfer  usb_core.o
    0x08005e2c   0x00000038   Code   RO         7009    i.USB_OTG_EP0_OutStart  usb_core.o
    0x08005e64   0x0000005c   Code   RO         7010    i.USB_OTG_EPActivate  usb_core.o
    0x08005ec0   0x0000003c   Code   RO         7011    i.USB_OTG_EPClearStall  usb_core.o
    0x08005efc   0x00000036   Code   RO         7012    i.USB_OTG_EPDeactivate  usb_core.o
    0x08005f32   0x00000040   Code   RO         7013    i.USB_OTG_EPSetStall  usb_core.o
    0x08005f72   0x0000015c   Code   RO         7014    i.USB_OTG_EPStartXfer  usb_core.o
    0x080060ce   0x00000002   PAD
    0x080060d0   0x00000018   Code   RO         7015    i.USB_OTG_EnableCommonInt  usb_core.o
    0x080060e8   0x00000052   Code   RO         7016    i.USB_OTG_EnableDevInt  usb_core.o
    0x0800613a   0x00000010   Code   RO         7017    i.USB_OTG_EnableGlobalInt  usb_core.o
    0x0800614a   0x00000002   PAD
    0x0800614c   0x0000003c   Code   RO         7018    i.USB_OTG_FlushRxFifo  usb_core.o
    0x08006188   0x00000044   Code   RO         7019    i.USB_OTG_FlushTxFifo  usb_core.o
    0x080061cc   0x0000002c   Code   RO         7020    i.USB_OTG_GetDeviceSpeed  usb_core.o
    0x080061f8   0x0000000a   Code   RO         7022    i.USB_OTG_GetMode   usb_core.o
    0x08006202   0x0000000c   Code   RO         7023    i.USB_OTG_InitDevSpeed  usb_core.o
    0x0800620e   0x00000012   Code   RO         7024    i.USB_OTG_IsDeviceMode  usb_core.o
    0x08006220   0x0000000a   Code   RO         7026    i.USB_OTG_ReadCoreItr  usb_core.o
    0x0800622a   0x0000000c   Code   RO         7027    i.USB_OTG_ReadDevAllInEPItr  usb_core.o
    0x08006236   0x0000000c   Code   RO         7028    i.USB_OTG_ReadDevAllOutEp_itr  usb_core.o
    0x08006242   0x00000010   Code   RO         7029    i.USB_OTG_ReadDevOutEP_itr  usb_core.o
    0x08006252   0x00000020   Code   RO         7031    i.USB_OTG_ReadPacket  usb_core.o
    0x08006272   0x00000002   PAD
    0x08006274   0x000000c4   Code   RO         7032    i.USB_OTG_SelectCore  usb_core.o
    0x08006338   0x00000036   Code   RO         7033    i.USB_OTG_SetCurrentMode  usb_core.o
    0x0800636e   0x00000028   Code   RO         7036    i.USB_OTG_UngateClock  usb_core.o
    0x08006396   0x00000028   Code   RO         7037    i.USB_OTG_WritePacket  usb_core.o
    0x080063be   0x00000002   PAD
    0x080063c0   0x000001bc   Code   RO         7663    i.UpdateBmp         at45db161.o
    0x0800657c   0x00000094   Code   RO         7664    i.UpdateConfig      at45db161.o
    0x08006610   0x0000017c   Code   RO         7961    i.UpdateFirmware    debug.o
    0x0800678c   0x00000044   Code   RO         7962    i.UpdateFunc        debug.o
    0x080067d0   0x00000128   Code   RO         7665    i.UpdateStationConfig  at45db161.o
    0x080068f8   0x00000002   Code   RO          701    i.UsageFault_Handler  stm32f2xx_it.o
    0x080068fa   0x00000002   PAD
    0x080068fc   0x000000cc   Code   RO         7666    i.UsbPrintConfig    at45db161.o
    0x080069c8   0x00000058   Code   RO         7667    i.UsbPrintInt       at45db161.o
    0x08006a20   0x00000028   Code   RO         9165    i.__0snprintf$5     mc_w.l(printf5.o)
    0x08006a48   0x00000028   Code   RO         9166    i.__0sprintf$5      mc_w.l(printf5.o)
    0x08006a70   0x0000000e   Code   RO         9363    i.__scatterload_copy  mc_w.l(handlers.o)
    0x08006a7e   0x00000002   Code   RO         9364    i.__scatterload_null  mc_w.l(handlers.o)
    0x08006a80   0x0000000e   Code   RO         9365    i.__scatterload_zeroinit  mc_w.l(handlers.o)
    0x08006a8e   0x00000002   PAD
    0x08006a90   0x000002bc   Code   RO         9171    i._printf_core      mc_w.l(printf5.o)
    0x08006d4c   0x00000016   Code   RO         9172    i._snputc           mc_w.l(printf5.o)
    0x08006d62   0x0000000a   Code   RO         9173    i._sputc            mc_w.l(printf5.o)
    0x08006d6c   0x00000020   Code   RO         8239    i.broadcast_init    tba_3093.o
    0x08006d8c   0x00000030   Code   RO          537    i.check_timer       main.o
    0x08006dbc   0x0000002e   Code   RO          319    i.close_conn        httpserver.o
    0x08006dea   0x00000002   PAD
    0x08006dec   0x00000154   Code   RO         7858    i.com1_proc         com_proc.o
    0x08006f40   0x000000a4   Code   RO         7859    i.com1_proc_other_system  com_proc.o
    0x08006fe4   0x000000b4   Code   RO         7860    i.com_send_data     com_proc.o
    0x08007098   0x00000038   Code   RO         7861    i.com_send_data_other_systerm  com_proc.o
    0x080070d0   0x00000004   Code   RO          320    i.conn_err          httpserver.o
    0x080070d4   0x0000009c   Code   RO         8076    i.do_get_station_config_arrive  leddrv.o
    0x08007170   0x000000a0   Code   RO         8077    i.do_get_station_config_pre  leddrv.o
    0x08007210   0x00000002   Code   RO         7669    i.down_print_int    at45db161.o
    0x08007212   0x00000002   Code   RO         7670    i.down_print_line   at45db161.o
    0x08007214   0x00000030   Code   RO          538    i.eth_init          main.o
    0x08007244   0x000000fc   Code   RO         1883    i.etharp_arp_input  etharp.o
    0x08007340   0x0000002a   Code   RO         1885    i.etharp_ip_input   etharp.o
    0x0800736a   0x00000002   PAD
    0x0800736c   0x000000b8   Code   RO         1886    i.etharp_output     etharp.o
    0x08007424   0x0000011c   Code   RO         1887    i.etharp_query      etharp.o
    0x08007540   0x000000a4   Code   RO         1888    i.etharp_raw        etharp.o
    0x080075e4   0x00000024   Code   RO         1889    i.etharp_request    etharp.o
    0x08007608   0x00000034   Code   RO         1890    i.etharp_send_ip    etharp.o
    0x0800763c   0x00000050   Code   RO         1891    i.etharp_tmr        etharp.o
    0x0800768c   0x0000005a   Code   RO         1892    i.ethernet_input    etharp.o
    0x080076e6   0x00000002   PAD
    0x080076e8   0x00000028   Code   RO         1970    i.ethernetif_init   ethernetif.o
    0x08007710   0x0000002a   Code   RO         1971    i.ethernetif_input  ethernetif.o
    0x0800773a   0x00000002   PAD
    0x0800773c   0x000002b8   Code   RO         8693    i.exce_ptu_cmd      usb.o
    0x080079f4   0x00000024   Code   RO          321    i.exec_iap_fun      httpserver.o
    0x08007a18   0x0000013c   Code   RO         1893    i.find_entry        etharp.o
    0x08007b54   0x0000001e   Code   RO         1894    i.free_etharp_q     etharp.o
    0x08007b72   0x00000002   PAD
    0x08007b74   0x00000030   Code   RO          322    i.fs_open           httpserver.o
    0x08007ba4   0x00000018   Code   RO          964    i.htonl             inet.o
    0x08007bbc   0x0000000a   Code   RO          965    i.htons             inet.o
    0x08007bc6   0x00000002   PAD
    0x08007bc8   0x0000004c   Code   RO          323    i.http_accept       httpserver.o
    0x08007c14   0x0000001a   Code   RO          324    i.http_poll         httpserver.o
    0x08007c2e   0x00000002   PAD
    0x08007c30   0x000004b0   Code   RO          325    i.http_recv         httpserver.o
    0x080080e0   0x00000030   Code   RO          326    i.http_sent         httpserver.o
    0x08008110   0x00000008   Code   RO          929    i.icmp_dest_unreach  icmp.o
    0x08008118   0x00000144   Code   RO          930    i.icmp_input        icmp.o
    0x0800825c   0x00000068   Code   RO          931    i.icmp_send_response  icmp.o
    0x080082c4   0x00000008   Code   RO          932    i.icmp_time_exceeded  icmp.o
    0x080082cc   0x0000000c   Code   RO         1013    i.inet_chksum       inet_chksum.o
    0x080082d8   0x00000048   Code   RO         1014    i.inet_chksum_pbuf  inet_chksum.o
    0x08008320   0x0000003e   Code   RO         1097    i.ip_addr_isbroadcast  ip_addr.o
    0x0800835e   0x00000002   PAD
    0x08008360   0x0000038c   Code   RO         8444    i.ip_config         telnet.o
    0x080086ec   0x0000013c   Code   RO          859    i.ip_frag           ip_frag.o
    0x08008828   0x00000184   Code   RO         1049    i.ip_input          ip.o
    0x080089ac   0x00000034   Code   RO         1050    i.ip_output         ip.o
    0x080089e0   0x000000d8   Code   RO         1051    i.ip_output_if      ip.o
    0x08008ab8   0x0000017c   Code   RO          860    i.ip_reass          ip_frag.o
    0x08008c34   0x000000f8   Code   RO          861    i.ip_reass_chain_frag_into_datagram_and_validate  ip_frag.o
    0x08008d2c   0x00000024   Code   RO          862    i.ip_reass_dequeue_datagram  ip_frag.o
    0x08008d50   0x00000054   Code   RO          863    i.ip_reass_enqueue_new_datagram  ip_frag.o
    0x08008da4   0x00000070   Code   RO          864    i.ip_reass_free_complete_datagram  ip_frag.o
    0x08008e14   0x00000074   Code   RO          865    i.ip_reass_remove_oldest_datagram  ip_frag.o
    0x08008e88   0x00000048   Code   RO         1052    i.ip_route          ip.o
    0x08008ed0   0x0000001c   Code   RO          251    i.load_default_parm  flash_if.o
    0x08008eec   0x00000084   Code   RO         1972    i.low_level_init    ethernetif.o
    0x08008f70   0x00000088   Code   RO         1973    i.low_level_input   ethernetif.o
    0x08008ff8   0x00000030   Code   RO         1974    i.low_level_output  ethernetif.o
    0x08009028   0x0000003a   Code   RO         1016    i.lwip_standard_chksum  inet_chksum.o
    0x08009062   0x00000002   PAD
    0x08009064   0x0000024c   Code   RO          540    i.main              main.o
    0x080092b0   0x0000001c   Code   RO         1234    i.mem_calloc        mem.o
    0x080092cc   0x0000002c   Code   RO         1235    i.mem_free          mem.o
    0x080092f8   0x00000034   Code   RO         1236    i.mem_init          mem.o
    0x0800932c   0x000000b8   Code   RO         1237    i.mem_malloc        mem.o
    0x080093e4   0x000000cc   Code   RO         1238    i.mem_realloc       mem.o
    0x080094b0   0x00000018   Code   RO         1278    i.memp_free         memp.o
    0x080094c8   0x00000058   Code   RO         1279    i.memp_init         memp.o
    0x08009520   0x00000020   Code   RO         1280    i.memp_malloc       memp.o
    0x08009540   0x00000048   Code   RO         1317    i.netif_add         netif.o
    0x08009588   0x0000000a   Code   RO         1319    i.netif_is_up       netif.o
    0x08009592   0x00000022   Code   RO         1321    i.netif_set_addr    netif.o
    0x080095b4   0x0000000c   Code   RO         1322    i.netif_set_default  netif.o
    0x080095c0   0x0000000e   Code   RO         1324    i.netif_set_gw      netif.o
    0x080095ce   0x00000002   PAD
    0x080095d0   0x00000068   Code   RO         1325    i.netif_set_ipaddr  netif.o
    0x08009638   0x0000000e   Code   RO         1326    i.netif_set_netmask  netif.o
    0x08009646   0x0000001c   Code   RO         1327    i.netif_set_up      netif.o
    0x08009662   0x00000004   Code   RO          969    i.ntohl             inet.o
    0x08009666   0x00000004   Code   RO          970    i.ntohs             inet.o
    0x0800966a   0x00000002   PAD
    0x0800966c   0x00000050   Code   RO         7672    i.page_erase        at45db161.o
    0x080096bc   0x00000054   Code   RO         8445    i.parse_input_parm  telnet.o
    0x08009710   0x0000012a   Code   RO         1399    i.pbuf_alloc        pbuf.o
    0x0800983a   0x00000028   Code   RO         1400    i.pbuf_cat          pbuf.o
    0x08009862   0x00000014   Code   RO         1401    i.pbuf_chain        pbuf.o
    0x08009876   0x00000012   Code   RO         1402    i.pbuf_clen         pbuf.o
    0x08009888   0x00000096   Code   RO         1404    i.pbuf_copy         pbuf.o
    0x0800991e   0x0000006c   Code   RO         1405    i.pbuf_copy_partial  pbuf.o
    0x0800998a   0x00000052   Code   RO         1407    i.pbuf_free         pbuf.o
    0x080099dc   0x00000068   Code   RO         1408    i.pbuf_header       pbuf.o
    0x08009a44   0x0000004e   Code   RO         1409    i.pbuf_realloc      pbuf.o
    0x08009a92   0x0000000c   Code   RO         1410    i.pbuf_ref          pbuf.o
    0x08009a9e   0x00000002   PAD
    0x08009aa0   0x00000054   Code   RO         1239    i.plug_holes        mem.o
    0x08009af4   0x00000020   Code   RO         8917    i.print_line        utils.o
    0x08009b14   0x00000088   Code   RO         8694    i.ptu_get_packet    usb.o
    0x08009b9c   0x00000024   Code   RO         8695    i.ptu_proc          usb.o
    0x08009bc0   0x00000068   Code   RO         1485    i.raw_input         raw.o
    0x08009c28   0x00000134   Code   RO         7673    i.read_bmp          at45db161.o
    0x08009d5c   0x00000064   Code   RO         7674    i.read_byte         at45db161.o
    0x08009dc0   0x00000038   Code   RO          252    i.save_init         flash_if.o
    0x08009df8   0x00000038   Code   RO          253    i.save_parm         flash_if.o
    0x08009e30   0x0000002c   Code   RO          327    i.send_data         httpserver.o
    0x08009e5c   0x00000144   Code   RO         8448    i.set_date          telnet.o
    0x08009fa0   0x00000024   Code   RO         8193    i.set_rtc_date      sd_data.o
    0x08009fc4   0x00000028   Code   RO         8194    i.set_rtc_time      sd_data.o
    0x08009fec   0x000000f4   Code   RO         8449    i.showip            telnet.o
    0x0800a0e0   0x00000098   Code   RO         1551    i.tcp_abandon       tcp.o
    0x0800a178   0x00000004   Code   RO         1552    i.tcp_accept        tcp.o
    0x0800a17c   0x00000006   Code   RO         1553    i.tcp_accept_null   tcp.o
    0x0800a182   0x00000002   PAD
    0x0800a184   0x000000a4   Code   RO         1554    i.tcp_alloc         tcp.o
    0x0800a228   0x00000004   Code   RO         1555    i.tcp_arg           tcp.o
    0x0800a22c   0x000000c8   Code   RO         1556    i.tcp_bind          tcp.o
    0x0800a2f4   0x000000d0   Code   RO         1557    i.tcp_close         tcp.o
    0x0800a3c4   0x00000020   Code   RO         1560    i.tcp_eff_send_mss  tcp.o
    0x0800a3e4   0x0000035a   Code   RO         1801    i.tcp_enqueue       tcp_out.o
    0x0800a73e   0x00000006   Code   RO         1561    i.tcp_err           tcp.o
    0x0800a744   0x0000005c   Code   RO         1562    i.tcp_fasttmr       tcp.o
    0x0800a7a0   0x00000340   Code   RO         1752    i.tcp_input         tcp_in.o
    0x0800aae0   0x00000048   Code   RO         1802    i.tcp_keepalive     tcp_out.o
    0x0800ab28   0x00000044   Code   RO         1563    i.tcp_kill_prio     tcp.o
    0x0800ab6c   0x00000034   Code   RO         1564    i.tcp_kill_timewait  tcp.o
    0x0800aba0   0x000000ec   Code   RO         1753    i.tcp_listen_input  tcp_in.o
    0x0800ac8c   0x00000094   Code   RO         1565    i.tcp_listen_with_backlog  tcp.o
    0x0800ad20   0x00000006   Code   RO         1566    i.tcp_new           tcp.o
    0x0800ad26   0x00000002   PAD
    0x0800ad28   0x0000005c   Code   RO         1567    i.tcp_new_port      tcp.o
    0x0800ad84   0x00000010   Code   RO         1568    i.tcp_next_iss      tcp.o
    0x0800ad94   0x000001a8   Code   RO         1803    i.tcp_output        tcp_out.o
    0x0800af3c   0x000000b4   Code   RO         1804    i.tcp_output_segment  tcp_out.o
    0x0800aff0   0x0000007c   Code   RO         1805    i.tcp_output_set_header  tcp_out.o
    0x0800b06c   0x00000088   Code   RO         1754    i.tcp_parseopt      tcp_in.o
    0x0800b0f4   0x00000030   Code   RO         1569    i.tcp_pcb_purge     tcp.o
    0x0800b124   0x00000060   Code   RO         1570    i.tcp_pcb_remove    tcp.o
    0x0800b184   0x0000000a   Code   RO         1571    i.tcp_poll          tcp.o
    0x0800b18e   0x00000002   PAD
    0x0800b190   0x00000420   Code   RO         1755    i.tcp_process       tcp_in.o
    0x0800b5b0   0x00000468   Code   RO         1756    i.tcp_receive       tcp_in.o
    0x0800ba18   0x00000006   Code   RO         1572    i.tcp_recv          tcp.o
    0x0800ba1e   0x00000026   Code   RO         1573    i.tcp_recv_null     tcp.o
    0x0800ba44   0x0000003c   Code   RO         1574    i.tcp_recved        tcp.o
    0x0800ba80   0x00000048   Code   RO         1806    i.tcp_rexmit        tcp_out.o
    0x0800bac8   0x00000060   Code   RO         1807    i.tcp_rexmit_fast   tcp_out.o
    0x0800bb28   0x0000002e   Code   RO         1808    i.tcp_rexmit_rto    tcp_out.o
    0x0800bb56   0x0000009e   Code   RO         1809    i.tcp_rst           tcp_out.o
    0x0800bbf4   0x00000020   Code   RO         1575    i.tcp_seg_free      tcp.o
    0x0800bc14   0x0000001a   Code   RO         1576    i.tcp_segs_free     tcp.o
    0x0800bc2e   0x00000014   Code   RO         1810    i.tcp_send_ctrl     tcp_out.o
    0x0800bc42   0x00000056   Code   RO         1811    i.tcp_send_empty_ack  tcp_out.o
    0x0800bc98   0x00000006   Code   RO         1577    i.tcp_sent          tcp.o
    0x0800bc9e   0x00000002   PAD
    0x0800bca0   0x00000234   Code   RO         1579    i.tcp_slowtmr       tcp.o
    0x0800bed4   0x00000074   Code   RO         1757    i.tcp_timewait_input  tcp_in.o
    0x0800bf48   0x00000020   Code   RO         1580    i.tcp_tmr           tcp.o
    0x0800bf68   0x00000036   Code   RO         1581    i.tcp_update_rcv_ann_wnd  tcp.o
    0x0800bf9e   0x0000002e   Code   RO         1812    i.tcp_write         tcp_out.o
    0x0800bfcc   0x000000a0   Code   RO         1813    i.tcp_zero_window_probe  tcp_out.o
    0x0800c06c   0x000000c4   Code   RO         8450    i.telnet_accept     telnet.o
    0x0800c130   0x00000004   Code   RO         8451    i.telnet_conn_err   telnet.o
    0x0800c134   0x0000002c   Code   RO         8452    i.telnet_init       telnet.o
    0x0800c160   0x000000e0   Code   RO         8453    i.telnet_recv       telnet.o
    0x0800c240   0x0000004c   Code   RO         8514    i.uart1_config      uart1.o
    0x0800c28c   0x00000078   Code   RO         7862    i.uart1_get_packet_1  com_proc.o
    0x0800c304   0x00000030   Code   RO         8515    i.uart1_read_char   uart1.o
    0x0800c334   0x00000058   Code   RO         8516    i.uart1_write_buf   uart1.o
    0x0800c38c   0x0000003c   Code   RO         8517    i.uart1_write_char  uart1.o
    0x0800c3c8   0x000000b0   Code   RO         6189    i.uart_init         stm32_eval.o
    0x0800c478   0x00000064   Code   RO         1120    i.udp_bind          udp.o
    0x0800c4dc   0x00000170   Code   RO         1123    i.udp_input         udp.o
    0x0800c64c   0x0000001c   Code   RO         1124    i.udp_new           udp.o
    0x0800c668   0x000000a8   Code   RO         1895    i.update_arp_entry  etharp.o
    0x0800c710   0x000000f0   Code   RO         8696    i.upgrade           usb.o
    0x0800c800   0x00000034   Code   RO         8697    i.usb_read_char     usb.o
    0x0800c834   0x0000006c   Code   RO         8698    i.usb_write_buf     usb.o
    0x0800c8a0   0x0000004c   Code   RO         7675    i.wait_busy         at45db161.o
    0x0800c8ec   0x000000cc   Code   RO         7676    i.write_bmp         at45db161.o
    0x0800c9b8   0x00000068   Code   RO         7677    i.write_byte        at45db161.o
    0x0800ca20   0x00000090   Code   RO         7678    i.write_ok_flag     at45db161.o
    0x0800cab0   0x00000090   Code   RO         7679    i.write_version_flag  at45db161.o
    0x0800cb40   0x00000296   Data   RO          328    .constdata          httpserver.o
    0x0800cdd6   0x0000019b   Data   RO          329    .constdata          httpserver.o
    0x0800cf71   0x0000027a   Data   RO          330    .constdata          httpserver.o
    0x0800d1eb   0x0000023b   Data   RO          331    .constdata          httpserver.o
    0x0800d426   0x00000002   PAD
    0x0800d428   0x00000010   Data   RO          332    .constdata          httpserver.o
    0x0800d438   0x00000010   Data   RO          333    .constdata          httpserver.o
    0x0800d448   0x00000010   Data   RO          334    .constdata          httpserver.o
    0x0800d458   0x00000033   Data   RO          335    .constdata          httpserver.o
    0x0800d48b   0x00000004   Data   RO         1098    .constdata          ip_addr.o
    0x0800d48f   0x00000001   PAD
    0x0800d490   0x00000024   Data   RO         1282    .constdata          memp.o
    0x0800d4b4   0x00000014   Data   RO         1582    .constdata          tcp.o
    0x0800d4c8   0x0000000c   Data   RO         1897    .constdata          etharp.o
    0x0800d4d4   0x00000078   Data   RO         6191    .constdata          stm32_eval.o
    0x0800d54c   0x0000003b   Data   RO         7689    .constdata          at45db161.o
    0x0800d587   0x00000001   PAD
    0x0800d588   0x00000018   Data   RO         7864    .constdata          com_proc.o
    0x0800d5a0   0x0000004d   Data   RO         7988    .constdata          deviceid.o
    0x0800d5ed   0x00000003   PAD
    0x0800d5f0   0x00000558   Data   RO         8079    .constdata          leddrv.o
    0x0800db48   0x00000040   Data   RO         9359    .constdata          mc_w.l(ctype_c.o)
    0x0800db88   0x0000035a   Data   RO          336    .conststring        httpserver.o
    0x0800dee2   0x00000002   PAD
    0x0800dee4   0x00000075   Data   RO         1583    .conststring        tcp.o
    0x0800df59   0x00000003   PAD
    0x0800df5c   0x00000020   Data   RO         9361    Region$$Table       anon$$obj.o


    Execution Region RW_IRAM1 (Base: 0x20000000, Size: 0x0000c0d8, Max: 0x00020000, ABSOLUTE, COMPRESSED[0x00000720])

    Base Addr    Size         Type   Attr      Idx    E Section Name        Object

    0x20000000   0x00000053   Data   RW          255    .data               flash_if.o
    0x20000053   0x00000001   PAD
    0x20000054   0x0000002c   Data   RW          337    .data               httpserver.o
    0x20000080   0x00000018   Data   RW          542    .data               main.o
    0x20000098   0x00000008   Data   RW          621    .data               netconf.o
    0x200000a0   0x0000001c   Data   RW          702    .data               stm32f2xx_it.o
    0x200000bc   0x00000008   Data   RW          868    .data               ip_frag.o
    0x200000c4   0x0000000c   Data   RW         1053    .data               ip.o
    0x200000d0   0x00000004   Data   RW         1130    .data               udp.o
    0x200000d4   0x00000010   Data   RW         1241    .data               mem.o
    0x200000e4   0x0000000c   Data   RW         1328    .data               netif.o
    0x200000f0   0x00000004   Data   RW         1491    .data               raw.o
    0x200000f4   0x0000004c   Data   RW         1584    .data               tcp.o
    0x20000140   0x0000001c   Data   RW         1759    .data               tcp_in.o
    0x2000015c   0x00000001   Data   RW         1898    .data               etharp.o
    0x2000015d   0x00000010   Data   RW         3266    .data               stm32f2xx_rcc.o
    0x2000016d   0x00000003   PAD
    0x20000170   0x0000000c   Data   RW         5742    .data               stm32f2x7_eth.o
    0x2000017c   0x00000044   Data   RW         6192    .data               stm32_eval.o
    0x200001c0   0x0000002c   Data   RW         6565    .data               usbd_hid_core.o
    0x200001ec   0x00000054   Data   RW         6566    .data               usbd_hid_core.o
    0x20000240   0x0000002c   Data   RW         6635    .data               usbd_core.o
    0x2000026c   0x00000004   Data   RW         6636    .data               usbd_core.o
    0x20000270   0x00000010   Data   RW         6767    .data               usbd_req.o
    0x20000280   0x00000028   Data   RW         7255    .data               stm32_eval_sdio_sd.o
    0x200002a8   0x00000008   Data   RW         7690    .data               at45db161.o
    0x200002b0   0x00000008   Data   RW         7865    .data               com_proc.o
    0x200002b8   0x00000010   Data   RW         7963    .data               debug.o
    0x200002c8   0x00000010   Data   RW         7989    .data               deviceid.o
    0x200002d8   0x00000020   Data   RW         8082    .data               leddrv.o
    0x200002f8   0x0000000c   Data   RW         8197    .data               sd_data.o
    0x20000304   0x0000083c   Data   RW         8255    .data               tba_3093.o
    0x20000b40   0x00000004   Data   RW         8455    .data               telnet.o
    0x20000b44   0x00000004   Data   RW         8520    .data               uart1.o
    0x20000b48   0x00000004   Data   RW         8558    .data               uart2.o
    0x20000b4c   0x00000004   Data   RW         8596    .data               uart3.o
    0x20000b50   0x00000014   Data   RW         8702    .data               usb.o
    0x20000b64   0x0000001c   Data   RW         8793    .data               usbd_desc.o
    0x20000b80   0x00000016   Data   RW         8794    .data               usbd_desc.o
    0x20000b96   0x00000002   PAD
    0x20000b98   0x0000001c   Data   RW         8850    .data               usbd_usr.o
    0x20000bb4   0x00000053   Zero   RW          254    .bss                flash_if.o
    0x20000c07   0x00000001   PAD
    0x20000c08   0x000005f0   Zero   RW          541    .bss                main.o
    0x200011f8   0x00000030   Zero   RW          620    .bss                netconf.o
    0x20001228   0x000005e0   Zero   RW          867    .bss                ip_frag.o
    0x20001808   0x00001014   Zero   RW         1240    .bss                mem.o
    0x2000281c   0x0000288f   Zero   RW         1281    .bss                memp.o
    0x200050ab   0x00000001   PAD
    0x200050ac   0x00000014   Zero   RW         1758    .bss                tcp_in.o
    0x200050c0   0x000000c8   Zero   RW         1896    .bss                etharp.o
    0x20005188   0x000000a0   Zero   RW         5737    .bss                stm32f2x7_eth.o
    0x20005228   0x000000a0   Zero   RW         5738    .bss                stm32f2x7_eth.o
    0x200052c8   0x00001dc4   Zero   RW         5739    .bss                stm32f2x7_eth.o
    0x2000708c   0x00001dc4   Zero   RW         5740    .bss                stm32f2x7_eth.o
    0x20008e50   0x0000000c   Zero   RW         5741    .bss                stm32f2x7_eth.o
    0x20008e5c   0x00000020   Zero   RW         6564    .bss                usbd_hid_core.o
    0x20008e7c   0x00000040   Zero   RW         6766    .bss                usbd_req.o
    0x20008ebc   0x000000b4   Zero   RW         7254    .bss                stm32_eval_sdio_sd.o
    0x20008f70   0x00002250   Zero   RW         7680    .bss                at45db161.o
    0x2000b1c0   0x00000300   Zero   RW         7863    .bss                com_proc.o
    0x2000b4c0   0x000000d3   Zero   RW         8078    .bss                leddrv.o
    0x2000b593   0x00000200   Zero   RW         8518    .bss                uart1.o
    0x2000b793   0x00000040   Zero   RW         8519    .bss                uart1.o
    0x2000b7d3   0x00000100   Zero   RW         8556    .bss                uart2.o
    0x2000b8d3   0x00000100   Zero   RW         8594    .bss                uart3.o
    0x2000b9d3   0x00000300   Zero   RW         8700    .bss                usb.o
    0x2000bcd3   0x00000005   PAD
    0x2000bcd8   0x00000400   Zero   RW          134    STACK               startup_stm32f2xx.o


==============================================================================

Image component sizes


      Code (inc. data)   RO Data    RW Data    ZI Data      Debug   Object Name

      4724        512         59          8       8784      22428   at45db161.o
       860         80         24          8        768       5284   com_proc.o
        32          0          0          0          0        616   core_cm3.o
       448         54          0         16          0      19077   debug.o
       516         34         77         16          0       2046   deviceid.o
      1698         36         12          1        200      13486   etharp.o
       398         42          0          0          0       4758   ethernetif.o
       504         72          0         83         83       6709   flash_if.o
      1836        298       3235         44          0      81067   httpserver.o
       444          0          0          0          0       3942   icmp.o
        42          0          0          0          0       2104   inet.o
       142          0          0          0          0       5837   inet_chksum.o
       728         24          0         12          0       8100   ip.o
        62          0          4          0          0       5697   ip_addr.o
      1292         32          0          8       1504       9021   ip_frag.o
      3576        252       1368         32        211      14693   leddrv.o
      1284        146          0         24       1520      26794   main.o
       596         30          0         16       4116       5858   mem.o
       144         20         36          0      10383       3278   memp.o
       152         16          0          0          0       2277   misc.o
       216         28          0          8         48       3069   netconf.o
       288         20          0         12          0       7271   netif.o
       910          0          0          0          0       8049   pbuf.o
       104          6          0          4          0       1696   raw.o
        76          6          0         12          0       3594   sd_data.o
        36          8        388          0       1024        756   startup_stm32f2xx.o
       440         36        120         68          0       4498   stm32_eval.o
       712         16          0         40        180      12031   stm32_eval_sdio_sd.o
      1716        148          0         12      15572      15234   stm32f2x7_eth.o
       546         26          0          0          0       1733   stm32f2x7_eth_bsp.o
       458         50          0          0          0       4890   stm32f2xx_dma.o
       160         16          0          0          0       2400   stm32f2xx_exti.o
       306         36          0          0          0       4328   stm32f2xx_flash.o
       188          0          0          0          0       4826   stm32f2xx_gpio.o
      1004        138          0         28          0       9130   stm32f2xx_it.o
        68         30          0          0          0       2630   stm32f2xx_iwdg.o
        12          6          0          0          0        542   stm32f2xx_pwr.o
       480         82          0         16          0       9703   stm32f2xx_rcc.o
       658         54          0          0          0       7481   stm32f2xx_rtc.o
       188         52          0          0          0       7619   stm32f2xx_sdio.o
        24          0          0          0          0       1238   stm32f2xx_spi.o
        56         12          0          0          0       1266   stm32f2xx_syscfg.o
       296          8          0          0          0       5005   stm32f2xx_usart.o
       240         32          0          0          0     283945   system_stm32f2xx.o
        32          8          0       2108          0       2997   tba_3093.o
      2222         92        137         76          0      27546   tcp.o
      3504         90          0         28         20      15716   tcp_in.o
      2342         16          0          0          0      12150   tcp_out.o
      2028        310          0          4          0       7265   telnet.o
         0          0          0          0          0      14649   tftpserver.o
       272         28          0          4        576       2949   uart1.o
         0          0          0          4        256        719   uart2.o
         0          0          0          4        256        719   uart3.o
       496         10          0          4          0       4936   udp.o
      1268        308          0         20        768       5439   usb.o
       338          6          0          0          0       3014   usb_bsp.o
      2556         30          0          0          0      22495   usb_core.o
       476          0          0          0          0       5924   usb_dcd.o
      1420         52          0          0          0       9351   usb_dcd_int.o
       592          0          0         48          0       9726   usbd_core.o
       308        148          0         50          0       5296   usbd_desc.o
       402         30          0        128         32       6232   usbd_hid_core.o
       136          0          0          0          0       3664   usbd_ioreq.o
      1444         50          0         16         64      10919   usbd_req.o
        14          0          0         28          0       3125   usbd_usr.o
        50          6          0          0          0        954   utils.o

    ----------------------------------------------------------------------
     48638       3642       5504       2996      46372     821791   Object Totals
         0          0         32          0          0          0   (incl. Generated)
        78          0         12          6          7          0   (incl. Padding)

    ----------------------------------------------------------------------

      Code (inc. data)   RO Data    RW Data    ZI Data      Debug   Library Member Name

        56          8          0          0          0         84   __0sscanf.o
        86          0          0          0          0          0   __dczerorl2.o
        28          0          0          0          0         68   _chval.o
       808          6          0          0          0        112   _scanf.o
       332          0          0          0          0         96   _scanf_int.o
       218          0          0          0          0         96   _scanf_str.o
        64          0          0          0          0         84   _sgetc.o
        40          6         64          0          0         68   ctype_c.o
         0          0          0          0          0          0   entry.o
         0          0          0          0          0          0   entry10a.o
         0          0          0          0          0          0   entry11a.o
         8          4          0          0          0          0   entry2.o
         4          0          0          0          0          0   entry5.o
         0          0          0          0          0          0   entry7b.o
         0          0          0          0          0          0   entry8b.o
         8          4          0          0          0          0   entry9a.o
        30          0          0          0          0          0   handlers.o
        36          8          0          0          0         68   init.o
        10          0          0          0          0         68   isspace_c.o
        30          0          0          0          0         68   llshl.o
        32          0          0          0          0         68   llushr.o
        36          0          0          0          0         68   memcpya.o
        36          0          0          0          0        108   memseta.o
       812         56          0          0          0        404   printf5.o
        40          8          0          0          0         84   scanf_char.o
        20          0          0          0          0         68   strchr.o
        28          0          0          0          0         76   strcmp.o
        14          0          0          0          0         68   strlen.o
        40          0          0          0          0         76   strncat.o
        30          0          0          0          0         80   strncmp.o
        24          0          0          0          0         76   strncpy.o
        36          0          0          0          0         80   strstr.o
        98          0          0          0          0         92   uldiv.o

    ----------------------------------------------------------------------
      3006        100         64          0          0       2160   Library Totals
         2          0          0          0          0          0   (incl. Padding)

    ----------------------------------------------------------------------

      Code (inc. data)   RO Data    RW Data    ZI Data      Debug   Library Name

      3004        100         64          0          0       2160   mc_w.l

    ----------------------------------------------------------------------
      3006        100         64          0          0       2160   Library Totals

    ----------------------------------------------------------------------

==============================================================================


      Code (inc. data)   RO Data    RW Data    ZI Data      Debug   

     51644       3742       5568       2996      46372     799483   Grand Totals
     51644       3742       5568       1824      46372     799483   ELF Image Totals (compressed)
     51644       3742       5568       1824          0          0   ROM Totals

==============================================================================

    Total RO  Size (Code + RO Data)                57212 (  55.87kB)
    Total RW  Size (RW Data + ZI Data)             49368 (  48.21kB)
    Total ROM Size (Code + RO Data + RW Data)      59036 (  57.65kB)

==============================================================================

