<html>
<body>
<pre>
<h1>µVision Build Log</h1>
<h2>Tool Versions:</h2>
IDE-Version: ¦ÌVision V5.14.0.0
Copyright (C) 2015 ARM Ltd and ARM Germany GmbH. All rights reserved.
License Information: wh 1157889734@qq.com, wh, LIC=14HY8-3ZFEX-GKJBG-VWKAY-RS74J-TMY6Q
 
Tool Versions:
Toolchain:       MDK-ARM Standard  Version: 5.11.0.0
Toolchain Path:  C:\Keil_v5\ARM\ARMCC\Bin
C Compiler:      Armcc.exe V5.04 update 1 (build 49)
Assembler:       Armasm.exe V5.04 update 1 (build 49)
Linker/Locator:  ArmLink.exe V5.04 update 1 (build 49)
Library Manager: ArmAr.exe V5.04 update 1 (build 49)
Hex Converter:   FromElf.exe V5.04 update 1 (build 49)
CPU DLL:         SARMCM3.DLL V5.11.0.0
Dialog DLL:      DCM.DLL V1.11.0.0
Target DLL:      Segger\JL2CM3.dll V2.97.0.0
Dialog DLL:      TCM.DLL V1.14.1.0
 
<h2>Project:</h2>
C:\PIS\guan3_PIS\Embed_src\DRMD\Project\MDK-ARM\Project.uvproj
Project File Date:  02/24/2020

<h2>Output:</h2>
Rebuild target 'STM322xG_EVAL'
compiling system_stm32f2xx.c...
compiling core_cm3.c...
assembling startup_stm32f2xx.s...
compiling tftpserver.c...
compiling flash_if.c...
compiling httpserver.c...
..\src\httpserver.c(775): warning:  #223-D: function "write_version_flag" declared implicitly
                                         write_version_flag(0x55);
..\src\httpserver.c(560): warning:  #550-D: variable "filename" was set but never used
    char *data, *ptr, filename[13], login[LOGIN_SIZE]; 
..\src\httpserver.c: 2 warnings, 0 errors
compiling main.c...
..\src\main.c(484): warning:  #174-D: expression has no effect
                      gDispStat.curr_lang == LANG_ENGLISH;
..\src\main.c(280): warning:  #177-D: variable "test" was declared but never referenced
      int *test;
..\src\main.c(281): warning:  #177-D: variable "i" was declared but never referenced
      int i;
..\src\main.c(284): warning:  #177-D: variable "LwipInitFlag" was declared but never referenced
      char LwipInitFlag = 0;
..\src\main.c: 4 warnings, 0 errors
compiling netconf.c...
compiling stm32f2x7_eth_bsp.c...
compiling stm32f2xx_it.c...
..\src\stm32f2xx_it.c(256): warning:  #177-D: variable "i" was declared but never referenced
        u8 i, bit;
..\src\stm32f2xx_it.c(256): warning:  #177-D: variable "bit" was declared but never referenced
        u8 i, bit;
..\src\stm32f2xx_it.c(306): warning:  #177-D: variable "dma_flag" was declared but never referenced
        static u8 dma_flag =0;
..\src\stm32f2xx_it.c: 3 warnings, 0 errors
compiling tcpip.c...
compiling api_lib.c...
compiling api_msg.c...
compiling err.c...
compiling netbuf.c...
compiling netdb.c...
compiling netifapi.c...
compiling sockets.c...
compiling ip_frag.c...
compiling autoip.c...
compiling icmp.c...
compiling igmp.c...
compiling inet.c...
compiling inet_chksum.c...
compiling ip.c...
compiling ip_addr.c...
compiling udp.c...
compiling dhcp.c...
compiling dns.c...
compiling init.c...
compiling mem.c...
..\..\Utilities\Third_Party\lwip_v1.3.2\src\core\mem.c(184): warning:  #550-D: variable "mem_sem" was set but never used
  static sys_sem_t mem_sem;
..\..\Utilities\Third_Party\lwip_v1.3.2\src\core\mem.c: 1 warning, 0 errors
compiling memp.c...
compiling netif.c...
compiling pbuf.c...
compiling raw.c...
compiling stats.c...
compiling sys.c...
compiling tcp.c...
compiling tcp_in.c...
compiling tcp_out.c...
..\..\Utilities\Third_Party\lwip_v1.3.2\src\core\tcp_out.c(465): warning:  #550-D: variable "tcphdr" was set but never used
    struct tcp_hdr *tcphdr;
..\..\Utilities\Third_Party\lwip_v1.3.2\src\core\tcp_out.c(935): warning:  #550-D: variable "tcphdr" was set but never used
    struct tcp_hdr *tcphdr;
..\..\Utilities\Third_Party\lwip_v1.3.2\src\core\tcp_out.c: 2 warnings, 0 errors
compiling etharp.c...
compiling ethernetif.c...
compiling stm32f2xx_sdio.c...
compiling stm32f2xx_syscfg.c...
compiling stm32f2xx_usart.c...
compiling misc.c...
compiling stm32f2xx_dma.c...
compiling stm32f2xx_exti.c...
compiling stm32f2xx_flash.c...
compiling stm32f2xx_fsmc.c...
compiling stm32f2xx_gpio.c...
compiling stm32f2xx_i2c.c...
compiling stm32f2xx_rcc.c...
compiling stm32f2xx_adc.c...
compiling stm32f2xx_can.c...
compiling stm32f2xx_crc.c...
compiling stm32f2xx_cryp.c...
compiling stm32f2xx_cryp_aes.c...
compiling stm32f2xx_cryp_des.c...
compiling stm32f2xx_cryp_tdes.c...
compiling stm32f2xx_dac.c...
compiling stm32f2xx_dbgmcu.c...
compiling stm32f2xx_dcmi.c...
compiling stm32f2xx_hash.c...
compiling stm32f2xx_hash_md5.c...
compiling stm32f2xx_hash_sha1.c...
compiling stm32f2xx_iwdg.c...
compiling stm32f2xx_pwr.c...
compiling stm32f2xx_rng.c...
compiling stm32f2xx_rtc.c...
compiling stm32f2xx_spi.c...
compiling stm32f2xx_tim.c...
compiling stm32f2xx_wwdg.c...
compiling stm32f2x7_eth.c...
compiling stm32_eval.c...
compiling stm322xg_eval_lcd.c...
compiling usbd_hid_core.c...
..\..\Libraries\STM32_USB_Device_Library\Class\hid\src\usbd_hid_core.c(568): warning:  #940-D: missing return statement at end of non-void function "USBD_HID_SOF"
  }
..\..\Libraries\STM32_USB_Device_Library\Class\hid\src\usbd_hid_core.c(580): warning:  #940-D: missing return statement at end of non-void function "USBD_HID_SendBuf"
  }
..\..\Libraries\STM32_USB_Device_Library\Class\hid\src\usbd_hid_core.c: 2 warnings, 0 errors
compiling usbd_core.c...
compiling usbd_ioreq.c...
compiling usbd_req.c...
compiling usb_dcd.c...
compiling usb_dcd_int.c...
compiling usb_core.c...
compiling stm32_eval_sdio_sd.c...
compiling ff.c...
compiling at45db161.c...
..\src\at45db161.c(395): warning:  #188-D: enumerated type mixed with another type
        param.type = CONFIG_LINE1 + line_no;
..\src\at45db161.c(652): warning:  #188-D: enumerated type mixed with another type
                param.type = header->type;
..\src\at45db161.c(601): warning:  #177-D: variable "tick" was declared but never referenced
        u32 tick;
..\src\at45db161.c(906): warning:  #177-D: variable "temp" was declared but never referenced
        u16 temp;
..\src\at45db161.c(1203): warning:  #188-D: enumerated type mixed with another type
                        param.type =line_no;
..\src\at45db161.c(1209): warning:  #188-D: enumerated type mixed with another type
                        param.type =line_no;
..\src\at45db161.c(1215): warning:  #188-D: enumerated type mixed with another type
                        param.type = line_no;
..\src\at45db161.c(1221): warning:  #188-D: enumerated type mixed with another type
                        param.type = line_no;
..\src\at45db161.c(1227): warning:  #188-D: enumerated type mixed with another type
                        param.type =line_no;
..\src\at45db161.c(1233): warning:  #188-D: enumerated type mixed with another type
                        param.type =line_no;
..\src\at45db161.c(1239): warning:  #188-D: enumerated type mixed with another type
                        param.type = line_no;
..\src\at45db161.c(1194): warning:  #177-D: variable "j" was declared but never referenced
        u8 i, j, k;
..\src\at45db161.c(1194): warning:  #177-D: variable "k" was declared but never referenced
        u8 i, j, k;
..\src\at45db161.c(1195): warning:  #177-D: variable "temp" was declared but never referenced
        u16 page_buf[CONFIG_TOTAL_LEN-10], temp;
..\src\at45db161.c(1550): warning:  #188-D: enumerated type mixed with another type
        param.type = (buf[0]-1) + CONFIG_LINE1;
..\src\at45db161.c(1552): warning:  #188-D: enumerated type mixed with another type
        param.langusge = buf[2];
..\src\at45db161.c(1612): warning:  #188-D: enumerated type mixed with another type
        gSysConfg.disp_type = read_byte();
..\src\at45db161.c(1624): warning:  #177-D: variable "j" was declared but never referenced
        u8 j;
..\src\at45db161.c(1663): warning:  #167-D: argument of type "char *" is incompatible with parameter of type "uint8_t *"
                        usb_write_buf(buf, strlen(buf));
..\src\at45db161.c(1641): warning:  #177-D: variable "lang" was declared but never referenced
        tLanguage lang;
..\src\at45db161.c(1644): warning:  #177-D: variable "i" was declared but never referenced
        u8 i;
..\src\at45db161.c: 21 warnings, 0 errors
compiling com_proc.c...
..\src\com_proc.c(87): warning:  #177-D: variable "mySys" was declared but never referenced
      static u8 mySys = 0;
..\src\com_proc.c(88): warning:  #177-D: variable "otherSys" was declared but never referenced
      static u8 otherSys = 0;
..\src\com_proc.c(19): warning:  #177-D: function "uart1_get_packet" was declared but never referenced
  static u8 uart1_get_packet(void);
..\src\com_proc.c(81): warning:  #177-D: variable "otherBuf" was declared but never referenced
  static u8 otherBuf[32];
..\src\com_proc.c(82): warning:  #550-D: variable "otherLen" was set but never used
  static u8 otherLen;
..\src\com_proc.c(278): warning:  #177-D: function "uart1_get_packet_2" was declared but never referenced
  static u8 uart1_get_packet_2(void)
..\src\com_proc.c: 6 warnings, 0 errors
compiling common.c...
compiling Debug.c...
..\src\Debug.c(117): warning:  #223-D: function "USB_OTG_BSP_DisableInterrupt" declared implicitly
                         USB_OTG_BSP_DisableInterrupt();                        
..\src\Debug.c(17): warning:  #177-D: variable "buf" was declared but never referenced
        uint8_t buf[32] = {0};
..\src\Debug.c(22): warning:  #177-D: variable "i" was declared but never referenced
        uint32_t i;
..\src\Debug.c: 3 warnings, 0 errors
compiling DeviceId.c...
compiling diskio.c...
compiling fsdata.c...
compiling LedDrv.c...
..\src\LedDrv.c(583): warning:  #177-D: variable "temp" was declared but never referenced
      u16 temp;
..\src\LedDrv.c(714): warning:  #177-D: variable "i" was declared but never referenced
      u32 i;
..\src\LedDrv.c(756): warning:  #177-D: variable "pt" was declared but never referenced
      u8 *pt;
..\src\LedDrv.c(911): warning:  #177-D: variable "i" was declared but never referenced
      u8 i, j, index;
..\src\LedDrv.c(911): warning:  #177-D: variable "j" was declared but never referenced
      u8 i, j, index;
..\src\LedDrv.c(911): warning:  #177-D: variable "index" was declared but never referenced
      u8 i, j, index;
..\src\LedDrv.c(1106): warning:  #177-D: variable "eme_flag" was declared but never referenced
      static u8 eme_flag = 0;
..\src\LedDrv.c(1448): warning:  #177-D: variable "leave_flag" was declared but never referenced
      static u8 leave_flag;
..\src\LedDrv.c(1449): warning:  #177-D: variable "arrive_flag" was declared but never referenced
      static u8 arrive_flag;
..\src\LedDrv.c(1452): warning:  #177-D: variable "leaveFlag" was declared but never referenced
      static u8 leaveFlag = 0;
..\src\LedDrv.c(1453): warning:  #177-D: variable "stopFlag" was declared but never referenced
      static u8 stopFlag = 0;
..\src\LedDrv.c(1455): warning:  #177-D: variable "preDoorFlag" was declared but never referenced
      static u8 preDoorFlag = 0;
..\src\LedDrv.c(1456): warning:  #177-D: variable "arrived_broadcast" was declared but never referenced
      static u8 arrived_broadcast = 0;
..\src\LedDrv.c(1461): warning:  #177-D: variable "ARRIVE_BROADCAST_FLAG" was declared but never referenced
      static u8 ARRIVE_BROADCAST_FLAG = 0;
..\src\LedDrv.c(1888): warning:  #188-D: enumerated type mixed with another type
      GetStationConfig(gTrigerValue.english_config, gTrigerValue.line_no - 1 + CONFIG_LINE1, gTrigerValue.station_next - 1, LANG_ENGLISH, CONFIG_TYPE_PRE);
..\src\LedDrv.c(1889): warning:  #188-D: enumerated type mixed with another type
      GetStationConfig(gTrigerValue.chinese_config, gTrigerValue.line_no - 1 + CONFIG_LINE1, gTrigerValue.station_next - 1, LANG_CHINESE, CONFIG_TYPE_PRE);
..\src\LedDrv.c(1890): warning:  #188-D: enumerated type mixed with another type
      GetStationConfig(&gTrigerValue.prev_english_color, gTrigerValue.line_no - 1 + CONFIG_LINE1, gTrigerValue.station_next - 1, LANG_ENGLISH, CONFIG_TYPE_PRE_COLOR);
..\src\LedDrv.c(1891): warning:  #188-D: enumerated type mixed with another type
      GetStationConfig(&gTrigerValue.prev_chinese_color, gTrigerValue.line_no - 1 + CONFIG_LINE1, gTrigerValue.station_next - 1, LANG_CHINESE, CONFIG_TYPE_PRE_COLOR);
..\src\LedDrv.c(1901): warning:  #188-D: enumerated type mixed with another type
      GetStationConfig(gTrigerValue.english_config, gTrigerValue.line_no - 1 + CONFIG_LINE1, gTrigerValue.station_next - 1, LANG_ENGLISH, CONFIG_TYPE_ARRIVE);
..\src\LedDrv.c(1902): warning:  #188-D: enumerated type mixed with another type
      GetStationConfig(gTrigerValue.chinese_config, gTrigerValue.line_no - 1 + CONFIG_LINE1, gTrigerValue.station_next - 1, LANG_CHINESE, CONFIG_TYPE_ARRIVE);
..\src\LedDrv.c(1903): warning:  #188-D: enumerated type mixed with another type
      GetStationConfig(&gTrigerValue.arrive_english_color, gTrigerValue.line_no - 1 + CONFIG_LINE1, gTrigerValue.station_next - 1, LANG_ENGLISH, CONFIG_TYPE_ARRIVE_COLOR);
..\src\LedDrv.c(1904): warning:  #188-D: enumerated type mixed with another type
      GetStationConfig(&gTrigerValue.arrive_chinese_color, gTrigerValue.line_no - 1 + CONFIG_LINE1, gTrigerValue.station_next - 1, LANG_CHINESE, CONFIG_TYPE_ARRIVE_COLOR);
..\src\LedDrv.c(2041): warning:  #177-D: variable "lang" was declared but never referenced
      tLanguage lang;
..\src\LedDrv.c(2043): warning:  #177-D: variable "param" was declared but never referenced
      tBmpParam param;
..\src\LedDrv.c(2045): warning:  #177-D: variable "buf" was declared but never referenced
      u16 buf[15] = {0xffff};
..\src\LedDrv.c: 25 warnings, 0 errors
compiling sd_data.c...
..\src\sd_data.c(218): warning:  #167-D: argument of type "int *" is incompatible with parameter of type "UINT *"
      f_write(&fsrc, buf_block_tx, block_tx_index, &br);
..\src\sd_data.c: 1 warning, 0 errors
compiling tba_3093.c...
compiling tba_3093_422_1.c...
compiling tba_3093_422_2.c...
compiling telnet.c...
compiling uart1.c...
compiling uart2.c...
compiling uart3.c...
compiling uart4.c...
compiling udp_server.c...
compiling usb.c...
..\src\usb.c(250): warning:  #167-D: argument of type "char *" is incompatible with parameter of type "uint8_t *"
                  usb_write_buf(buf, strlen(buf));
..\src\usb.c(253): warning:  #167-D: argument of type "char *" is incompatible with parameter of type "uint8_t *"
                  usb_write_buf(buf, strlen(buf));
..\src\usb.c(257): warning:  #167-D: argument of type "char *" is incompatible with parameter of type "uint8_t *"
                  usb_write_buf(buf, strlen(buf));
..\src\usb.c(261): warning:  #167-D: argument of type "char *" is incompatible with parameter of type "uint8_t *"
                  usb_write_buf(buf, strlen(buf));
..\src\usb.c(187): warning:  #177-D: variable "ptu_recv_data_len" was declared but never referenced
        uint16_t ptu_recv_data_len = 0;
..\src\usb.c(307): warning:  #167-D: argument of type "uint8_t *" is incompatible with parameter of type "char *restrict"
          snprintf(buf, sizeof(buf), "wirte %d ok\r\n\0", index);
..\src\usb.c(308): warning:  #167-D: argument of type "uint8_t *" is incompatible with parameter of type "const char *"
          usb_write_buf(buf, strlen(buf));
..\src\usb.c(332): warning:  #223-D: function "USB_OTG_BSP_DisableInterrupt" declared implicitly
              USB_OTG_BSP_DisableInterrupt ();
..\src\usb.c: 8 warnings, 0 errors
compiling usb_bsp.c...
compiling usbd_desc.c...
compiling usbd_usr.c...
compiling utils.c...
..\src\utils.c(249): warning:  #167-D: argument of type "char *" is incompatible with parameter of type "uint8_t *"
        usb_write_buf(buf, i);
..\src\utils.c: 1 warning, 0 errors
linking...
Program Size: Code=51644 RO-data=5568 RW-data=2996 ZI-data=46372  
After Build - User command #1: fromelf --bin --output .\binary\IDU.bin .\STM322xG_EVAL\STM322xG_EVAL.axf
".\STM322xG_EVAL\STM322xG_EVAL.axf" - 0 Error(s), 79 Warning(s).
</pre>
</body>
</html>
