<html>
<body>
<pre>
<h1>µVision Build Log</h1>
<h2>Project:</h2>
C:\Documents and Settings\lifujun\×ÀÃæ\DRMD\Project\MDK-ARM\Project.uvproj
Project File Date:  12/30/2014

<h2>Output:</h2>
Build target 'STM322xG_EVAL'
compiling system_stm32f2xx.c...
compiling core_cm3.c...
assembling startup_stm32f2xx.s...
compiling tftpserver.c...
compiling flash_if.c...
compiling httpserver.c...
..\src\httpserver.c(775): warning:  #223-D: function "write_version_flag" declared implicitly
..\src\httpserver.c(560): warning:  #550-D: variable "filename" was set but never used
compiling main.c...
..\src\main.c(537): warning:  #174-D: expression has no effect
..\src\main.c(310): warning:  #177-D: variable "test" was declared but never referenced
..\src\main.c(311): warning:  #177-D: variable "i" was declared but never referenced
..\src\main.c(314): warning:  #177-D: variable "LwipInitFlag" was declared but never referenced
compiling netconf.c...
compiling stm32f2x7_eth_bsp.c...
compiling stm32f2xx_it.c...
..\src\stm32f2xx_it.c(256): warning:  #177-D: variable "i" was declared but never referenced
..\src\stm32f2xx_it.c(256): warning:  #177-D: variable "bit" was declared but never referenced
..\src\stm32f2xx_it.c(306): warning:  #177-D: variable "dma_flag" was declared but never referenced
compiling tcpip.c...
compiling api_lib.c...
compiling api_msg.c...
compiling err.c...
compiling netbuf.c...
compiling netdb.c...
compiling netifapi.c...
compiling sockets.c...
compiling ip_frag.c...
compiling autoip.c...
compiling icmp.c...
compiling igmp.c...
compiling inet.c...
compiling inet_chksum.c...
compiling ip.c...
compiling ip_addr.c...
compiling udp.c...
compiling dhcp.c...
compiling dns.c...
compiling init.c...
compiling mem.c...
..\..\Utilities\Third_Party\lwip_v1.3.2\src\core\mem.c(184): warning:  #550-D: variable "mem_sem" was set but never used
compiling memp.c...
compiling netif.c...
compiling pbuf.c...
compiling raw.c...
compiling stats.c...
compiling sys.c...
compiling tcp.c...
compiling tcp_in.c...
compiling tcp_out.c...
..\..\Utilities\Third_Party\lwip_v1.3.2\src\core\tcp_out.c(465): warning:  #550-D: variable "tcphdr" was set but never used
..\..\Utilities\Third_Party\lwip_v1.3.2\src\core\tcp_out.c(935): warning:  #550-D: variable "tcphdr" was set but never used
compiling etharp.c...
compiling ethernetif.c...
compiling stm32f2xx_sdio.c...
compiling stm32f2xx_syscfg.c...
compiling stm32f2xx_usart.c...
compiling misc.c...
compiling stm32f2xx_dma.c...
compiling stm32f2xx_exti.c...
compiling stm32f2xx_flash.c...
compiling stm32f2xx_fsmc.c...
compiling stm32f2xx_gpio.c...
compiling stm32f2xx_i2c.c...
compiling stm32f2xx_rcc.c...
compiling stm32f2xx_adc.c...
compiling stm32f2xx_can.c...
compiling stm32f2xx_crc.c...
compiling stm32f2xx_cryp.c...
compiling stm32f2xx_cryp_aes.c...
compiling stm32f2xx_cryp_des.c...
compiling stm32f2xx_cryp_tdes.c...
compiling stm32f2xx_dac.c...
compiling stm32f2xx_dbgmcu.c...
compiling stm32f2xx_dcmi.c...
compiling stm32f2xx_hash.c...
compiling stm32f2xx_hash_md5.c...
compiling stm32f2xx_hash_sha1.c...
compiling stm32f2xx_iwdg.c...
compiling stm32f2xx_pwr.c...
compiling stm32f2xx_rng.c...
compiling stm32f2xx_rtc.c...
compiling stm32f2xx_spi.c...
compiling stm32f2xx_tim.c...
compiling stm32f2xx_wwdg.c...
compiling stm32f2x7_eth.c...
compiling stm32_eval.c...
compiling stm322xg_eval_lcd.c...
compiling usbd_hid_core.c...
..\..\Libraries\STM32_USB_Device_Library\Class\hid\src\usbd_hid_core.c(568): warning:  #940-D: missing return statement at end of non-void function "USBD_HID_SOF"
..\..\Libraries\STM32_USB_Device_Library\Class\hid\src\usbd_hid_core.c(580): warning:  #940-D: missing return statement at end of non-void function "USBD_HID_SendBuf"
compiling usbd_core.c...
compiling usbd_ioreq.c...
compiling usbd_req.c...
compiling usb_dcd.c...
compiling usb_dcd_int.c...
compiling usb_core.c...
compiling stm32_eval_sdio_sd.c...
compiling ff.c...
compiling at45db161.c...
..\src\at45db161.c(395): warning:  #188-D: enumerated type mixed with another type
..\src\at45db161.c(652): warning:  #188-D: enumerated type mixed with another type
..\src\at45db161.c(601): warning:  #177-D: variable "tick" was declared but never referenced
..\src\at45db161.c(906): warning:  #177-D: variable "temp" was declared but never referenced
..\src\at45db161.c(1203): warning:  #188-D: enumerated type mixed with another type
..\src\at45db161.c(1209): warning:  #188-D: enumerated type mixed with another type
..\src\at45db161.c(1215): warning:  #188-D: enumerated type mixed with another type
..\src\at45db161.c(1221): warning:  #188-D: enumerated type mixed with another type
..\src\at45db161.c(1227): warning:  #188-D: enumerated type mixed with another type
..\src\at45db161.c(1233): warning:  #188-D: enumerated type mixed with another type
..\src\at45db161.c(1239): warning:  #188-D: enumerated type mixed with another type
..\src\at45db161.c(1194): warning:  #177-D: variable "j" was declared but never referenced
..\src\at45db161.c(1194): warning:  #177-D: variable "k" was declared but never referenced
..\src\at45db161.c(1195): warning:  #177-D: variable "temp" was declared but never referenced
..\src\at45db161.c(1550): warning:  #188-D: enumerated type mixed with another type
..\src\at45db161.c(1552): warning:  #188-D: enumerated type mixed with another type
..\src\at45db161.c(1612): warning:  #188-D: enumerated type mixed with another type
..\src\at45db161.c(1624): warning:  #177-D: variable "j" was declared but never referenced
..\src\at45db161.c(1663): warning:  #167-D: argument of type "char *" is incompatible with parameter of type "uint8_t *"
..\src\at45db161.c(1641): warning:  #177-D: variable "lang" was declared but never referenced
..\src\at45db161.c(1644): warning:  #177-D: variable "i" was declared but never referenced
..\src\at45db161.c(333): warning: C3017W: page may be used before being set
..\src\at45db161.c(1294): warning: C3017W: config_pt may be used before being set
..\src\at45db161.c(1291): warning: C3017W: pt may be used before being set
compiling com_proc.c...
..\src\com_proc.c(87): warning:  #177-D: variable "mySys" was declared but never referenced
..\src\com_proc.c(88): warning:  #177-D: variable "otherSys" was declared but never referenced
..\src\com_proc.c(19): warning:  #177-D: function "uart1_get_packet" was declared but never referenced
..\src\com_proc.c(81): warning:  #177-D: variable "otherBuf" was declared but never referenced
..\src\com_proc.c(82): warning:  #550-D: variable "otherLen" was set but never used
..\src\com_proc.c(270): warning:  #177-D: function "uart1_get_packet_2" was declared but never referenced
compiling common.c...
compiling Debug.c...
..\src\Debug.c(117): warning:  #223-D: function "USB_OTG_BSP_DisableInterrupt" declared implicitly
..\src\Debug.c(17): warning:  #177-D: variable "buf" was declared but never referenced
..\src\Debug.c(22): warning:  #177-D: variable "i" was declared but never referenced
compiling DeviceId.c...
compiling diskio.c...
compiling fsdata.c...
compiling LedDrv.c...
..\src\LedDrv.c(540): warning:  #177-D: variable "temp" was declared but never referenced
..\src\LedDrv.c(663): warning:  #177-D: variable "i" was declared but never referenced
..\src\LedDrv.c(702): warning:  #177-D: variable "pt" was declared but never referenced
..\src\LedDrv.c(822): warning:  #177-D: variable "i" was declared but never referenced
..\src\LedDrv.c(822): warning:  #177-D: variable "j" was declared but never referenced
..\src\LedDrv.c(822): warning:  #177-D: variable "index" was declared but never referenced
..\src\LedDrv.c(982): warning:  #177-D: variable "eme_flag" was declared but never referenced
..\src\LedDrv.c(1324): warning:  #177-D: variable "leave_flag" was declared but never referenced
..\src\LedDrv.c(1325): warning:  #177-D: variable "arrive_flag" was declared but never referenced
..\src\LedDrv.c(1329): warning:  #177-D: variable "leaveFlag" was declared but never referenced
..\src\LedDrv.c(1330): warning:  #177-D: variable "stopFlag" was declared but never referenced
..\src\LedDrv.c(1332): warning:  #177-D: variable "preDoorFlag" was declared but never referenced
..\src\LedDrv.c(1333): warning:  #177-D: variable "arrived_broadcast" was declared but never referenced
..\src\LedDrv.c(1340): warning:  #177-D: variable "ARRIVE_BROADCAST_FLAG" was declared but never referenced
..\src\LedDrv.c(1735): warning:  #188-D: enumerated type mixed with another type
..\src\LedDrv.c(1736): warning:  #188-D: enumerated type mixed with another type
..\src\LedDrv.c(1737): warning:  #188-D: enumerated type mixed with another type
..\src\LedDrv.c(1738): warning:  #188-D: enumerated type mixed with another type
..\src\LedDrv.c(1750): warning:  #188-D: enumerated type mixed with another type
..\src\LedDrv.c(1751): warning:  #188-D: enumerated type mixed with another type
..\src\LedDrv.c(1752): warning:  #188-D: enumerated type mixed with another type
..\src\LedDrv.c(1753): warning:  #188-D: enumerated type mixed with another type
..\src\LedDrv.c(1879): warning:  #177-D: variable "lang" was declared but never referenced
..\src\LedDrv.c(1881): warning:  #177-D: variable "param" was declared but never referenced
..\src\LedDrv.c(1883): warning:  #177-D: variable "buf" was declared but never referenced
..\src\LedDrv.c(1108): warning: C3017W: door_side may be used before being set
..\src\LedDrv.c(1763): warning: C3017W: temp may be used before being set
compiling sd_data.c...
..\src\sd_data.c(199): warning:  #167-D: argument of type "int *" is incompatible with parameter of type "UINT *"
compiling tba_3093.c...
compiling tba_3093_422_1.c...
compiling tba_3093_422_2.c...
compiling telnet.c...
compiling uart1.c...
compiling uart2.c...
compiling uart3.c...
compiling uart4.c...
compiling udp_server.c...
compiling usb.c...
..\src\usb.c(250): warning:  #167-D: argument of type "char *" is incompatible with parameter of type "uint8_t *"
..\src\usb.c(253): warning:  #167-D: argument of type "char *" is incompatible with parameter of type "uint8_t *"
..\src\usb.c(257): warning:  #167-D: argument of type "char *" is incompatible with parameter of type "uint8_t *"
..\src\usb.c(261): warning:  #167-D: argument of type "char *" is incompatible with parameter of type "uint8_t *"
..\src\usb.c(187): warning:  #177-D: variable "ptu_recv_data_len" was declared but never referenced
..\src\usb.c(307): warning:  #167-D: argument of type "uint8_t *" is incompatible with parameter of type "char *restrict"
..\src\usb.c(308): warning:  #167-D: argument of type "uint8_t *" is incompatible with parameter of type "const char *"
..\src\usb.c(332): warning:  #223-D: function "USB_OTG_BSP_DisableInterrupt" declared implicitly
compiling usb_bsp.c...
compiling usbd_desc.c...
compiling usbd_usr.c...
compiling utils.c...
..\src\utils.c(249): warning:  #167-D: argument of type "char *" is incompatible with parameter of type "uint8_t *"
linking...
Program Size: Code=54484 RO-data=5328 RW-data=2996 ZI-data=46372  
User command #1: fromelf --bin --output .\binary\IDU.bin .\STM322xG_EVAL\STM322xG_EVAL.axf
".\STM322xG_EVAL\STM322xG_EVAL.axf" - 0 Error(s), 84 Warning(s).
